--------- beginning of crash
07-14 18:48:33.101   738   738 F libc    : Fatal signal 6 (SIGABRT), code -1 (SI_QUEUE) in tid 738 (init), pid 738 (init)
07-14 18:48:33.142   738   738 F libc    : crash_dump helper failed to exec, or was killed
07-14 18:48:33.150   746   746 F libc    : Fatal signal 6 (SIGABRT), code -1 (SI_QUEUE) in tid 746 (init), pid 746 (init)
07-14 18:48:33.170   746   746 F libc    : crash_dump helper failed to exec, or was killed
10-13 08:01:10.584  4347  4347 F libc    : Fatal signal 6 (SIGABRT), code -1 (SI_QUEUE) in tid 4347 (init), pid 4347 (init)
10-13 08:01:10.825  4347  4347 F libc    : crash_dump helper failed to exec, or was killed
10-13 08:45:15.203 23737 23737 E AndroidRuntime: FATAL EXCEPTION: main
10-13 08:45:15.203 23737 23737 E AndroidRuntime: Process: com.gratittude.rodilla, PID: 23737
10-13 08:45:15.203 23737 23737 E AndroidRuntime: java.lang.RuntimeException: Unable to instantiate receiver com.indigitall.android.receivers.BootReceiver: java.lang.ClassNotFoundException: Didn't find class "com.indigitall.android.receivers.BootReceiver" on path: DexPathList[[zip file "/data/app/~~CBwcvFvAwGWYAN8hKmTzCQ==/com.gratittude.rodilla-7blMdB1fWnHG1qJW7Oz9BQ==/base.apk"],nativeLibraryDirectories=[/data/app/~~CBwcvFvAwGWYAN8hKmTzCQ==/com.gratittude.rodilla-7blMdB1fWnHG1qJW7Oz9BQ==/lib/arm64, /system/lib64, /system_ext/lib64]]
10-13 08:45:15.203 23737 23737 E AndroidRuntime: 	at android.app.ActivityThread.handleReceiver(ActivityThread.java:4515)
10-13 08:45:15.203 23737 23737 E AndroidRuntime: 	at android.app.ActivityThread.-$$Nest$mhandleReceiver(Unknown Source:0)
10-13 08:45:15.203 23737 23737 E AndroidRuntime: 	at android.app.ActivityThread$H.handleMessage(ActivityThread.java:2304)
10-13 08:45:15.203 23737 23737 E AndroidRuntime: 	at android.os.Handler.dispatchMessage(Handler.java:106)
10-13 08:45:15.203 23737 23737 E AndroidRuntime: 	at android.os.Looper.loopOnce(Looper.java:240)
10-13 08:45:15.203 23737 23737 E AndroidRuntime: 	at android.os.Looper.loop(Looper.java:351)
10-13 08:45:15.203 23737 23737 E AndroidRuntime: 	at android.app.ActivityThread.main(ActivityThread.java:8377)
10-13 08:45:15.203 23737 23737 E AndroidRuntime: 	at java.lang.reflect.Method.invoke(Native Method)
10-13 08:45:15.203 23737 23737 E AndroidRuntime: 	at com.android.internal.os.RuntimeInit$MethodAndArgsCaller.run(RuntimeInit.java:584)
10-13 08:45:15.203 23737 23737 E AndroidRuntime: 	at com.android.internal.os.ZygoteInit.main(ZygoteInit.java:1013)
10-13 08:45:15.203 23737 23737 E AndroidRuntime: Caused by: java.lang.ClassNotFoundException: Didn't find class "com.indigitall.android.receivers.BootReceiver" on path: DexPathList[[zip file "/data/app/~~CBwcvFvAwGWYAN8hKmTzCQ==/com.gratittude.rodilla-7blMdB1fWnHG1qJW7Oz9BQ==/base.apk"],nativeLibraryDirectories=[/data/app/~~CBwcvFvAwGWYAN8hKmTzCQ==/com.gratittude.rodilla-7blMdB1fWnHG1qJW7Oz9BQ==/lib/arm64, /system/lib64, /system_ext/lib64]]
10-13 08:45:15.203 23737 23737 E AndroidRuntime: 	at dalvik.system.BaseDexClassLoader.findClass(BaseDexClassLoader.java:259)
10-13 08:45:15.203 23737 23737 E AndroidRuntime: 	at java.lang.ClassLoader.loadClass(ClassLoader.java:637)
10-13 08:45:15.203 23737 23737 E AndroidRuntime: 	at java.lang.ClassLoader.loadClass(ClassLoader.java:573)
10-13 08:45:15.203 23737 23737 E AndroidRuntime: 	at android.app.AppComponentFactory.instantiateReceiver(AppComponentFactory.java:110)
10-13 08:45:15.203 23737 23737 E AndroidRuntime: 	at androidx.core.app.CoreComponentFactory.instantiateReceiver(CoreComponentFactory.java:59)
10-13 08:45:15.203 23737 23737 E AndroidRuntime: 	at android.app.ActivityThread.handleReceiver(ActivityThread.java:4508)
10-13 08:45:15.203 23737 23737 E AndroidRuntime: 	... 9 more
10-14 16:30:24.124  7792  7792 E AndroidRuntime: FATAL EXCEPTION: main
10-14 16:30:24.124  7792  7792 E AndroidRuntime: Process: com.gratittude.rodilla, PID: 7792
10-14 16:30:24.124  7792  7792 E AndroidRuntime: java.lang.RuntimeException: Unable to create service com.indigitall.android.services.FirebaseMessagingService: java.lang.ClassNotFoundException: Didn't find class "com.indigitall.android.services.FirebaseMessagingService" on path: DexPathList[[zip file "/data/app/~~CBwcvFvAwGWYAN8hKmTzCQ==/com.gratittude.rodilla-7blMdB1fWnHG1qJW7Oz9BQ==/base.apk"],nativeLibraryDirectories=[/data/app/~~CBwcvFvAwGWYAN8hKmTzCQ==/com.gratittude.rodilla-7blMdB1fWnHG1qJW7Oz9BQ==/lib/arm64, /system/lib64, /system_ext/lib64]]
10-14 16:30:24.124  7792  7792 E AndroidRuntime: 	at android.app.ActivityThread.handleCreateService(ActivityThread.java:4751)
10-14 16:30:24.124  7792  7792 E AndroidRuntime: 	at android.app.ActivityThread.-$$Nest$mhandleCreateService(Unknown Source:0)
10-14 16:30:24.124  7792  7792 E AndroidRuntime: 	at android.app.ActivityThread$H.handleMessage(ActivityThread.java:2312)
10-14 16:30:24.124  7792  7792 E AndroidRuntime: 	at android.os.Handler.dispatchMessage(Handler.java:106)
10-14 16:30:24.124  7792  7792 E AndroidRuntime: 	at android.os.Looper.loopOnce(Looper.java:240)
10-14 16:30:24.124  7792  7792 E AndroidRuntime: 	at android.os.Looper.loop(Looper.java:351)
10-14 16:30:24.124  7792  7792 E AndroidRuntime: 	at android.app.ActivityThread.main(ActivityThread.java:8377)
10-14 16:30:24.124  7792  7792 E AndroidRuntime: 	at java.lang.reflect.Method.invoke(Native Method)
10-14 16:30:24.124  7792  7792 E AndroidRuntime: 	at com.android.internal.os.RuntimeInit$MethodAndArgsCaller.run(RuntimeInit.java:584)
10-14 16:30:24.124  7792  7792 E AndroidRuntime: 	at com.android.internal.os.ZygoteInit.main(ZygoteInit.java:1013)
10-14 16:30:24.124  7792  7792 E AndroidRuntime: Caused by: java.lang.ClassNotFoundException: Didn't find class "com.indigitall.android.services.FirebaseMessagingService" on path: DexPathList[[zip file "/data/app/~~CBwcvFvAwGWYAN8hKmTzCQ==/com.gratittude.rodilla-7blMdB1fWnHG1qJW7Oz9BQ==/base.apk"],nativeLibraryDirectories=[/data/app/~~CBwcvFvAwGWYAN8hKmTzCQ==/com.gratittude.rodilla-7blMdB1fWnHG1qJW7Oz9BQ==/lib/arm64, /system/lib64, /system_ext/lib64]]
10-14 16:30:24.124  7792  7792 E AndroidRuntime: 	at dalvik.system.BaseDexClassLoader.findClass(BaseDexClassLoader.java:259)
10-14 16:30:24.124  7792  7792 E AndroidRuntime: 	at java.lang.ClassLoader.loadClass(ClassLoader.java:637)
10-14 16:30:24.124  7792  7792 E AndroidRuntime: 	at java.lang.ClassLoader.loadClass(ClassLoader.java:573)
10-14 16:30:24.124  7792  7792 E AndroidRuntime: 	at android.app.AppComponentFactory.instantiateService(AppComponentFactory.java:129)
10-14 16:30:24.124  7792  7792 E AndroidRuntime: 	at androidx.core.app.CoreComponentFactory.instantiateService(CoreComponentFactory.java:74)
10-14 16:30:24.124  7792  7792 E AndroidRuntime: 	at android.app.ActivityThread.handleCreateService(ActivityThread.java:4708)
10-14 16:30:24.124  7792  7792 E AndroidRuntime: 	... 9 more
--------- beginning of system
10-16 12:45:54.876  1580  2325 D OplusVFXScreenEffectFeature:  setColorFadeLevel 1.0
10-16 12:45:54.877  1580  2325 D OplusDisplayPowerControllerExtImpl: original brightness:1004 final brightness:1004.0 scale:1.0 reason:4 darkLevel:0
10-16 12:45:54.877  1580  2325 D DisplayPowerController[0]: Brightness [1004.0] reason changing to: 'automatic [ auto_adj ]', previous reason: 'automatic'. id=local:4630946962717273473
10-16 12:45:54.877  1580  2325 I DisplayPowerController[0]: BrightnessEvent: disp=0, brt=1004.0(user_set), rcmdBrt=NaN, preBrt=NaN, lux=0.0, preLux=0.0, hbmMax=1.0, hbmMode=off, thrmMax=1.0, flags=user_set , reason=automatic [ auto_adj ]
10-16 12:45:54.878  1580  2325 D VRR [OPlusRefreshRateService]: notifyBrightnessChange brightness: 1004.0
10-16 12:45:54.878  1580  2079 D DisplayManagerService: Delivering display event: displayId=0, event=4
10-16 12:45:54.885  1580  3052 D OplusFeatureDCBacklight: notifySfRepaintEverything begin mCurrentDCMode:0brightness=972threshold=260
10-16 12:45:54.901  1580  3052 D OplusFeatureDCBacklight: notifySfRepaintEverything begin mCurrentDCMode:0brightness=972threshold=260
10-16 12:45:54.918  1580  3052 D OplusFeatureDCBacklight: notifySfRepaintEverything begin mCurrentDCMode:0brightness=972threshold=260
10-16 12:45:54.934  1580  3052 D OplusFeatureDCBacklight: notifySfRepaintEverything begin mCurrentDCMode:0brightness=972threshold=260
10-16 12:45:54.951  1580  3052 D OplusFeatureDCBacklight: notifySfRepaintEverything begin mCurrentDCMode:0brightness=972threshold=260
10-16 12:45:54.967  1580  3052 D OplusFeatureDCBacklight: notifySfRepaintEverything begin mCurrentDCMode:0brightness=973threshold=260
10-16 12:45:54.970  1580  2325 D DisplayPowerController[0]: onChange selfChange=false uri=content://settings/system/screen_brightness
10-16 12:45:54.971  1580  2325 D OplusVFXScreenEffectFeature:  setColorFadeLevel 1.0
10-16 12:45:54.971  1580  2325 D OplusDisplayPowerControllerExtImpl: original brightness:1004 final brightness:1004.0 scale:1.0 reason:4 darkLevel:0
10-16 12:45:54.972  1580  2325 D DisplayPowerController[0]: Brightness [1004.0] reason changing to: 'automatic [ auto_adj ]', previous reason: 'automatic'. id=local:4630946962717273473
10-16 12:45:54.972  1580  2325 I DisplayPowerController[0]: BrightnessEvent: disp=0, brt=1004.0(user_set), rcmdBrt=NaN, preBrt=NaN, lux=0.0, preLux=0.0, hbmMax=1.0, hbmMode=off, thrmMax=1.0, flags=user_set , reason=automatic [ auto_adj ]
10-16 12:45:54.972  1580  2325 D VRR [OPlusRefreshRateService]: notifyBrightnessChange brightness: 1004.0
10-16 12:45:54.972  1580  2079 D DisplayManagerService: Delivering display event: displayId=0, event=4
10-16 12:45:54.984  1580  3052 D OplusFeatureDCBacklight: notifySfRepaintEverything begin mCurrentDCMode:0brightness=973threshold=260
10-16 12:45:55.002  1580  3052 D OplusFeatureDCBacklight: notifySfRepaintEverything begin mCurrentDCMode:0brightness=973threshold=260
10-16 12:45:55.017  1580  3052 D OplusFeatureDCBacklight: notifySfRepaintEverything begin mCurrentDCMode:0brightness=973threshold=260
10-16 12:45:55.033  1580  3052 D OplusFeatureDCBacklight: notifySfRepaintEverything begin mCurrentDCMode:0brightness=973threshold=260
10-16 12:45:55.049  1580  3052 D OplusFeatureDCBacklight: notifySfRepaintEverything begin mCurrentDCMode:0brightness=974threshold=260
10-16 12:45:55.053  1580  2325 D DisplayPowerController[0]: onChange selfChange=false uri=content://settings/system/screen_brightness
10-16 12:45:55.054  1580  2325 D OplusVFXScreenEffectFeature:  setColorFadeLevel 1.0
10-16 12:45:55.055  1580  2325 D OplusDisplayPowerControllerExtImpl: original brightness:1004 final brightness:1004.0 scale:1.0 reason:4 darkLevel:0
10-16 12:45:55.056  1580  2325 D DisplayPowerController[0]: Brightness [1004.0] reason changing to: 'automatic [ auto_adj ]', previous reason: 'automatic'. id=local:4630946962717273473
10-16 12:45:55.056  1580  2325 I DisplayPowerController[0]: BrightnessEvent: disp=0, brt=1004.0(user_set), rcmdBrt=NaN, preBrt=NaN, lux=0.0, preLux=0.0, hbmMax=1.0, hbmMode=off, thrmMax=1.0, flags=user_set , reason=automatic [ auto_adj ]
10-16 12:45:55.056  1580  2325 D VRR [OPlusRefreshRateService]: notifyBrightnessChange brightness: 1004.0
10-16 12:45:55.057  1580  2079 D DisplayManagerService: Delivering display event: displayId=0, event=4
10-16 12:45:55.067  1580  3052 D OplusFeatureDCBacklight: notifySfRepaintEverything begin mCurrentDCMode:0brightness=974threshold=260
10-16 12:45:55.084  1580  3052 D OplusFeatureDCBacklight: notifySfRepaintEverything begin mCurrentDCMode:0brightness=974threshold=260
10-16 12:45:55.100  1580  3052 D OplusFeatureDCBacklight: notifySfRepaintEverything begin mCurrentDCMode:0brightness=974threshold=260
10-16 12:45:55.117  1580  3052 D OplusFeatureDCBacklight: notifySfRepaintEverything begin mCurrentDCMode:0brightness=974threshold=260
10-16 12:45:55.134  1580  3052 D OplusFeatureDCBacklight: notifySfRepaintEverything begin mCurrentDCMode:0brightness=974threshold=260
10-16 12:45:55.150  1580  3052 D OplusFeatureDCBacklight: notifySfRepaintEverything begin mCurrentDCMode:0brightness=975threshold=260
10-16 12:45:55.154  1580  2325 D DisplayPowerController[0]: onChange selfChange=false uri=content://settings/system/screen_brightness
10-16 12:45:55.155  1580  2325 D OplusVFXScreenEffectFeature:  setColorFadeLevel 1.0
10-16 12:45:55.155  1580  2325 D OplusDisplayPowerControllerExtImpl: original brightness:1004 final brightness:1004.0 scale:1.0 reason:4 darkLevel:0
10-16 12:45:55.157  1580  2325 D DisplayPowerController[0]: Brightness [1004.0] reason changing to: 'automatic [ auto_adj ]', previous reason: 'automatic'. id=local:4630946962717273473
10-16 12:45:55.157  1580  2325 I DisplayPowerController[0]: BrightnessEvent: disp=0, brt=1004.0(user_set), rcmdBrt=NaN, preBrt=NaN, lux=0.0, preLux=0.0, hbmMax=1.0, hbmMode=off, thrmMax=1.0, flags=user_set , reason=automatic [ auto_adj ]
10-16 12:45:55.157  1580  2325 D VRR [OPlusRefreshRateService]: notifyBrightnessChange brightness: 1004.0
10-16 12:45:55.158  1580  2079 D DisplayManagerService: Delivering display event: displayId=0, event=4
10-16 12:45:55.180  1580  2856 E AppOps  : attributionTag  not declared in manifest of com.oplus.exsystemservice
10-16 12:45:55.183  1580  3052 D OplusFeatureDCBacklight: notifySfRepaintEverything begin mCurrentDCMode:0brightness=975threshold=260
10-16 12:45:55.186  1580  2856 E AppOps  : attributionTag  not declared in manifest of com.oplus.exsystemservice
10-16 12:45:55.198  1580  3052 D OplusFeatureDCBacklight: notifySfRepaintEverything begin mCurrentDCMode:0brightness=975threshold=260
10-16 12:45:55.218  1580  3052 D OplusFeatureDCBacklight: notifySfRepaintEverything begin mCurrentDCMode:0brightness=975threshold=260
10-16 12:45:55.233  1580  3052 D OplusFeatureDCBacklight: notifySfRepaintEverything begin mCurrentDCMode:0brightness=976threshold=260
10-16 12:45:55.239  1580  2325 D DisplayPowerController[0]: onChange selfChange=false uri=content://settings/system/screen_brightness
10-16 12:45:55.240  1580  2325 D OplusVFXScreenEffectFeature:  setColorFadeLevel 1.0
10-16 12:45:55.240  1580  2325 D OplusDisplayPowerControllerExtImpl: original brightness:1004 final brightness:1004.0 scale:1.0 reason:4 darkLevel:0
10-16 12:45:55.241  1580  2325 D DisplayPowerController[0]: Brightness [1004.0] reason changing to: 'automatic [ auto_adj ]', previous reason: 'automatic'. id=local:4630946962717273473
10-16 12:45:55.243  1580  2325 I DisplayPowerController[0]: BrightnessEvent: disp=0, brt=1004.0(user_set), rcmdBrt=NaN, preBrt=NaN, lux=0.0, preLux=0.0, hbmMax=1.0, hbmMode=off, thrmMax=1.0, flags=user_set , reason=automatic [ auto_adj ]
10-16 12:45:55.243  1580  2325 D VRR [OPlusRefreshRateService]: notifyBrightnessChange brightness: 1004.0
10-16 12:45:55.244  1580  2079 D DisplayManagerService: Delivering display event: displayId=0, event=4
10-16 12:45:55.248  1580  3052 D OplusFeatureDCBacklight: notifySfRepaintEverything begin mCurrentDCMode:0brightness=976threshold=260
10-16 12:45:55.265  1580  3052 D OplusFeatureDCBacklight: notifySfRepaintEverything begin mCurrentDCMode:0brightness=976threshold=260
10-16 12:45:55.282  1580  3052 D OplusFeatureDCBacklight: notifySfRepaintEverything begin mCurrentDCMode:0brightness=976threshold=260
10-16 12:45:55.297  1580  3052 D OplusFeatureDCBacklight: notifySfRepaintEverything begin mCurrentDCMode:0brightness=976threshold=260
10-16 12:45:55.331  1580  3052 D OplusFeatureDCBacklight: notifySfRepaintEverything begin mCurrentDCMode:0brightness=976threshold=260
10-16 12:45:55.348  1580  3052 D OplusFeatureDCBacklight: notifySfRepaintEverything begin mCurrentDCMode:0brightness=977threshold=260
10-16 12:45:55.355  1580  2325 D DisplayPowerController[0]: onChange selfChange=false uri=content://settings/system/screen_brightness
10-16 12:45:55.356  1580  2325 D OplusVFXScreenEffectFeature:  setColorFadeLevel 1.0
10-16 12:45:55.356  1580  2325 D OplusDisplayPowerControllerExtImpl: original brightness:1004 final brightness:1004.0 scale:1.0 reason:4 darkLevel:0
10-16 12:45:55.357  1580  2325 D DisplayPowerController[0]: Brightness [1004.0] reason changing to: 'automatic [ auto_adj ]', previous reason: 'automatic'. id=local:4630946962717273473
10-16 12:45:55.357  1580  2325 I DisplayPowerController[0]: BrightnessEvent: disp=0, brt=1004.0(user_set), rcmdBrt=NaN, preBrt=NaN, lux=0.0, preLux=0.0, hbmMax=1.0, hbmMode=off, thrmMax=1.0, flags=user_set , reason=automatic [ auto_adj ]
10-16 12:45:55.357  1580  2325 D VRR [OPlusRefreshRateService]: notifyBrightnessChange brightness: 1004.0
10-16 12:45:55.358  1580  2079 D DisplayManagerService: Delivering display event: displayId=0, event=4
10-16 12:45:55.365  1580  3052 D OplusFeatureDCBacklight: notifySfRepaintEverything begin mCurrentDCMode:0brightness=977threshold=260
10-16 12:45:55.381  1580  3052 D OplusFeatureDCBacklight: notifySfRepaintEverything begin mCurrentDCMode:0brightness=977threshold=260
10-16 12:45:55.397  1580  3052 D OplusFeatureDCBacklight: notifySfRepaintEverything begin mCurrentDCMode:0brightness=977threshold=260
10-16 12:45:55.415  1580  3052 D OplusFeatureDCBacklight: notifySfRepaintEverything begin mCurrentDCMode:0brightness=978threshold=260
10-16 12:45:55.421  1580  2325 D DisplayPowerController[0]: onChange selfChange=false uri=content://settings/system/screen_brightness
10-16 12:45:55.422  1580  2325 D OplusVFXScreenEffectFeature:  setColorFadeLevel 1.0
10-16 12:45:55.422  1580  2325 D OplusDisplayPowerControllerExtImpl: original brightness:1004 final brightness:1004.0 scale:1.0 reason:4 darkLevel:0
10-16 12:45:55.424  1580  2325 D DisplayPowerController[0]: Brightness [1004.0] reason changing to: 'automatic [ auto_adj ]', previous reason: 'automatic'. id=local:4630946962717273473
10-16 12:45:55.424  1580  2325 I DisplayPowerController[0]: BrightnessEvent: disp=0, brt=1004.0(user_set), rcmdBrt=NaN, preBrt=NaN, lux=0.0, preLux=0.0, hbmMax=1.0, hbmMode=off, thrmMax=1.0, flags=user_set , reason=automatic [ auto_adj ]
10-16 12:45:55.424  1580  2325 D VRR [OPlusRefreshRateService]: notifyBrightnessChange brightness: 1004.0
10-16 12:45:55.427  1580  2079 D DisplayManagerService: Delivering display event: displayId=0, event=4
10-16 12:45:55.431  1580  3052 D OplusFeatureDCBacklight: notifySfRepaintEverything begin mCurrentDCMode:0brightness=978threshold=260
10-16 12:45:55.448  1580  3052 D OplusFeatureDCBacklight: notifySfRepaintEverything begin mCurrentDCMode:0brightness=978threshold=260
10-16 12:45:55.463  1580  3052 D OplusFeatureDCBacklight: notifySfRepaintEverything begin mCurrentDCMode:0brightness=978threshold=260
10-16 12:45:55.476  1580  2328 D OplusSmartBrightnessController: handleMessage MSG_LUX_CHANGED, mLux:117.75142 luxQueue=[117.75142, 117.75142, 117.75142, 117.75142, 117.75142, 117.75142]
10-16 12:45:55.480  1580  3052 D OplusFeatureDCBacklight: notifySfRepaintEverything begin mCurrentDCMode:0brightness=978threshold=260
10-16 12:45:55.498  1580  3052 D OplusFeatureDCBacklight: notifySfRepaintEverything begin mCurrentDCMode:0brightness=978threshold=260
10-16 12:45:55.516  1580  3052 D OplusFeatureDCBacklight: notifySfRepaintEverything begin mCurrentDCMode:0brightness=979threshold=260
10-16 12:45:55.522  1580  2325 D DisplayPowerController[0]: onChange selfChange=false uri=content://settings/system/screen_brightness
10-16 12:45:55.522  1580  2325 D OplusVFXScreenEffectFeature:  setColorFadeLevel 1.0
10-16 12:45:55.523  1580  2325 D OplusDisplayPowerControllerExtImpl: original brightness:1004 final brightness:1004.0 scale:1.0 reason:4 darkLevel:0
10-16 12:45:55.524  1580  2325 D DisplayPowerController[0]: Brightness [1004.0] reason changing to: 'automatic [ auto_adj ]', previous reason: 'automatic'. id=local:4630946962717273473
10-16 12:45:55.524  1580  2325 I DisplayPowerController[0]: BrightnessEvent: disp=0, brt=1004.0(user_set), rcmdBrt=NaN, preBrt=NaN, lux=0.0, preLux=0.0, hbmMax=1.0, hbmMode=off, thrmMax=1.0, flags=user_set , reason=automatic [ auto_adj ]
10-16 12:45:55.524  1580  2325 D VRR [OPlusRefreshRateService]: notifyBrightnessChange brightness: 1004.0
10-16 12:45:55.525  1580  2079 D DisplayManagerService: Delivering display event: displayId=0, event=4
10-16 12:45:55.529  1580  3052 D OplusFeatureDCBacklight: notifySfRepaintEverything begin mCurrentDCMode:0brightness=979threshold=260
10-16 12:45:55.546  1580  3052 D OplusFeatureDCBacklight: notifySfRepaintEverything begin mCurrentDCMode:0brightness=979threshold=260
10-16 12:45:55.564  1580  3052 D OplusFeatureDCBacklight: notifySfRepaintEverything begin mCurrentDCMode:0brightness=979threshold=260
10-16 12:45:55.581  1580  3052 D OplusFeatureDCBacklight: notifySfRepaintEverything begin mCurrentDCMode:0brightness=979threshold=260
10-16 12:45:55.596  1580  3052 D OplusFeatureDCBacklight: notifySfRepaintEverything begin mCurrentDCMode:0brightness=980threshold=260
10-16 12:45:55.606  1580  2325 D DisplayPowerController[0]: onChange selfChange=false uri=content://settings/system/screen_brightness
10-16 12:45:55.607  1580  2325 D OplusVFXScreenEffectFeature:  setColorFadeLevel 1.0
10-16 12:45:55.607  1580  2325 D OplusDisplayPowerControllerExtImpl: original brightness:1004 final brightness:1004.0 scale:1.0 reason:4 darkLevel:0
10-16 12:45:55.609  1580  2325 D DisplayPowerController[0]: Brightness [1004.0] reason changing to: 'automatic [ auto_adj ]', previous reason: 'automatic'. id=local:4630946962717273473
10-16 12:45:55.609  1580  2325 I DisplayPowerController[0]: BrightnessEvent: disp=0, brt=1004.0(user_set), rcmdBrt=NaN, preBrt=NaN, lux=0.0, preLux=0.0, hbmMax=1.0, hbmMode=off, thrmMax=1.0, flags=user_set , reason=automatic [ auto_adj ]
10-16 12:45:55.609  1580  2325 D VRR [OPlusRefreshRateService]: notifyBrightnessChange brightness: 1004.0
10-16 12:45:55.610  1580  2079 D DisplayManagerService: Delivering display event: displayId=0, event=4
10-16 12:45:55.613  1580  3052 D OplusFeatureDCBacklight: notifySfRepaintEverything begin mCurrentDCMode:0brightness=980threshold=260
10-16 12:45:55.629  1580  3052 D OplusFeatureDCBacklight: notifySfRepaintEverything begin mCurrentDCMode:0brightness=980threshold=260
10-16 12:45:55.646  1580  3052 D OplusFeatureDCBacklight: notifySfRepaintEverything begin mCurrentDCMode:0brightness=980threshold=260
10-16 12:45:55.663  1580  3052 D OplusFeatureDCBacklight: notifySfRepaintEverything begin mCurrentDCMode:0brightness=980threshold=260
10-16 12:45:55.695  1580  3052 D OplusFeatureDCBacklight: notifySfRepaintEverything begin mCurrentDCMode:0brightness=980threshold=260
10-16 12:45:55.712  1580  3052 D OplusFeatureDCBacklight: notifySfRepaintEverything begin mCurrentDCMode:0brightness=981threshold=260
10-16 12:45:55.717  1580  2325 D DisplayPowerController[0]: onChange selfChange=false uri=content://settings/system/screen_brightness
10-16 12:45:55.718  1580  2325 D OplusVFXScreenEffectFeature:  setColorFadeLevel 1.0
10-16 12:45:55.718  1580  2325 D OplusDisplayPowerControllerExtImpl: original brightness:1004 final brightness:1004.0 scale:1.0 reason:4 darkLevel:0
10-16 12:45:55.721  1580  2325 D DisplayPowerController[0]: Brightness [1004.0] reason changing to: 'automatic [ auto_adj ]', previous reason: 'automatic'. id=local:4630946962717273473
10-16 12:45:55.721  1580  2325 I DisplayPowerController[0]: BrightnessEvent: disp=0, brt=1004.0(user_set), rcmdBrt=NaN, preBrt=NaN, lux=0.0, preLux=0.0, hbmMax=1.0, hbmMode=off, thrmMax=1.0, flags=user_set , reason=automatic [ auto_adj ]
10-16 12:45:55.721  1580  2325 D VRR [OPlusRefreshRateService]: notifyBrightnessChange brightness: 1004.0
10-16 12:45:55.721  1580  2079 D DisplayManagerService: Delivering display event: displayId=0, event=4
10-16 12:45:55.728  1580  3052 D OplusFeatureDCBacklight: notifySfRepaintEverything begin mCurrentDCMode:0brightness=981threshold=260
10-16 12:45:55.745  1580  3052 D OplusFeatureDCBacklight: notifySfRepaintEverything begin mCurrentDCMode:0brightness=981threshold=260
10-16 12:45:55.760  1580  3052 D OplusFeatureDCBacklight: notifySfRepaintEverything begin mCurrentDCMode:0brightness=981threshold=260
10-16 12:45:55.778  1580  3052 D OplusFeatureDCBacklight: notifySfRepaintEverything begin mCurrentDCMode:0brightness=982threshold=260
10-16 12:45:55.788  1580  2325 D DisplayPowerController[0]: onChange selfChange=false uri=content://settings/system/screen_brightness
10-16 12:45:55.788  1580  2325 D OplusVFXScreenEffectFeature:  setColorFadeLevel 1.0
10-16 12:45:55.789  1580  2325 D OplusDisplayPowerControllerExtImpl: original brightness:1004 final brightness:1004.0 scale:1.0 reason:4 darkLevel:0
10-16 12:45:55.790  1580  2325 D DisplayPowerController[0]: Brightness [1004.0] reason changing to: 'automatic [ auto_adj ]', previous reason: 'automatic'. id=local:4630946962717273473
10-16 12:45:55.790  1580  2325 I DisplayPowerController[0]: BrightnessEvent: disp=0, brt=1004.0(user_set), rcmdBrt=NaN, preBrt=NaN, lux=0.0, preLux=0.0, hbmMax=1.0, hbmMode=off, thrmMax=1.0, flags=user_set , reason=automatic [ auto_adj ]
10-16 12:45:55.790  1580  2325 D VRR [OPlusRefreshRateService]: notifyBrightnessChange brightness: 1004.0
10-16 12:45:55.790  1580  2079 D DisplayManagerService: Delivering display event: displayId=0, event=4
10-16 12:45:55.795  1580  3052 D OplusFeatureDCBacklight: notifySfRepaintEverything begin mCurrentDCMode:0brightness=982threshold=260
10-16 12:45:55.810  1580  3052 D OplusFeatureDCBacklight: notifySfRepaintEverything begin mCurrentDCMode:0brightness=982threshold=260
10-16 12:45:55.827  1580  3052 D OplusFeatureDCBacklight: notifySfRepaintEverything begin mCurrentDCMode:0brightness=982threshold=260
10-16 12:45:55.845  1580  3052 D OplusFeatureDCBacklight: notifySfRepaintEverything begin mCurrentDCMode:0brightness=982threshold=260
10-16 12:45:55.860  1580  3052 D OplusFeatureDCBacklight: notifySfRepaintEverything begin mCurrentDCMode:0brightness=982threshold=260
10-16 12:45:55.878  1580  3052 D OplusFeatureDCBacklight: notifySfRepaintEverything begin mCurrentDCMode:0brightness=983threshold=260
10-16 12:45:55.885  1580  2325 D DisplayPowerController[0]: onChange selfChange=false uri=content://settings/system/screen_brightness
10-16 12:45:55.885  1580  2325 D OplusVFXScreenEffectFeature:  setColorFadeLevel 1.0
10-16 12:45:55.886  1580  2325 D OplusDisplayPowerControllerExtImpl: original brightness:1004 final brightness:1004.0 scale:1.0 reason:4 darkLevel:0
10-16 12:45:55.888  1580  2325 D DisplayPowerController[0]: Brightness [1004.0] reason changing to: 'automatic [ auto_adj ]', previous reason: 'automatic'. id=local:4630946962717273473
10-16 12:45:55.888  1580  2325 I DisplayPowerController[0]: BrightnessEvent: disp=0, brt=1004.0(user_set), rcmdBrt=NaN, preBrt=NaN, lux=0.0, preLux=0.0, hbmMax=1.0, hbmMode=off, thrmMax=1.0, flags=user_set , reason=automatic [ auto_adj ]
10-16 12:45:55.888  1580  2325 D VRR [OPlusRefreshRateService]: notifyBrightnessChange brightness: 1004.0
10-16 12:45:55.889  1580  2079 D DisplayManagerService: Delivering display event: displayId=0, event=4
10-16 12:45:55.894  1580  3052 D OplusFeatureDCBacklight: notifySfRepaintEverything begin mCurrentDCMode:0brightness=983threshold=260
10-16 12:45:55.910  1580  3052 D OplusFeatureDCBacklight: notifySfRepaintEverything begin mCurrentDCMode:0brightness=983threshold=260
10-16 12:45:55.926  1580  3052 D OplusFeatureDCBacklight: notifySfRepaintEverything begin mCurrentDCMode:0brightness=983threshold=260
10-16 12:45:55.942  1580  3052 D OplusFeatureDCBacklight: notifySfRepaintEverything begin mCurrentDCMode:0brightness=983threshold=260
10-16 12:45:55.961  1580  3052 D OplusFeatureDCBacklight: notifySfRepaintEverything begin mCurrentDCMode:0brightness=984threshold=260
10-16 12:45:55.966  1580  2325 D DisplayPowerController[0]: onChange selfChange=false uri=content://settings/system/screen_brightness
10-16 12:45:55.966  1580  2325 D OplusVFXScreenEffectFeature:  setColorFadeLevel 1.0
10-16 12:45:55.967  1580  2325 D OplusDisplayPowerControllerExtImpl: original brightness:1004 final brightness:1004.0 scale:1.0 reason:4 darkLevel:0
10-16 12:45:55.968  1580  2325 D DisplayPowerController[0]: Brightness [1004.0] reason changing to: 'automatic [ auto_adj ]', previous reason: 'automatic'. id=local:4630946962717273473
10-16 12:45:55.968  1580  2325 I DisplayPowerController[0]: BrightnessEvent: disp=0, brt=1004.0(user_set), rcmdBrt=NaN, preBrt=NaN, lux=0.0, preLux=0.0, hbmMax=1.0, hbmMode=off, thrmMax=1.0, flags=user_set , reason=automatic [ auto_adj ]
10-16 12:45:55.968  1580  2325 D VRR [OPlusRefreshRateService]: notifyBrightnessChange brightness: 1004.0
10-16 12:45:55.968  1580  2079 D DisplayManagerService: Delivering display event: displayId=0, event=4
10-16 12:45:55.976  1580  3052 D OplusFeatureDCBacklight: notifySfRepaintEverything begin mCurrentDCMode:0brightness=984threshold=260
10-16 12:45:55.992  1580  3052 D OplusFeatureDCBacklight: notifySfRepaintEverything begin mCurrentDCMode:0brightness=984threshold=260
10-16 12:45:56.009  1580  3052 D OplusFeatureDCBacklight: notifySfRepaintEverything begin mCurrentDCMode:0brightness=984threshold=260
10-16 12:45:56.027  1580  3052 D OplusFeatureDCBacklight: notifySfRepaintEverything begin mCurrentDCMode:0brightness=984threshold=260
10-16 12:45:56.042  1580  3052 D OplusFeatureDCBacklight: notifySfRepaintEverything begin mCurrentDCMode:0brightness=984threshold=260
10-16 12:45:56.059  1580  3052 D OplusFeatureDCBacklight: notifySfRepaintEverything begin mCurrentDCMode:0brightness=985threshold=260
10-16 12:45:56.068  1580  2325 D DisplayPowerController[0]: onChange selfChange=false uri=content://settings/system/screen_brightness
10-16 12:45:56.069  1580  2325 D OplusVFXScreenEffectFeature:  setColorFadeLevel 1.0
10-16 12:45:56.069  1580  2325 D OplusDisplayPowerControllerExtImpl: original brightness:1004 final brightness:1004.0 scale:1.0 reason:4 darkLevel:0
10-16 12:45:56.071  1580  2325 D DisplayPowerController[0]: Brightness [1004.0] reason changing to: 'automatic [ auto_adj ]', previous reason: 'automatic'. id=local:4630946962717273473
10-16 12:45:56.071  1580  2325 I DisplayPowerController[0]: BrightnessEvent: disp=0, brt=1004.0(user_set), rcmdBrt=NaN, preBrt=NaN, lux=0.0, preLux=0.0, hbmMax=1.0, hbmMode=off, thrmMax=1.0, flags=user_set , reason=automatic [ auto_adj ]
10-16 12:45:56.071  1580  2325 D VRR [OPlusRefreshRateService]: notifyBrightnessChange brightness: 1004.0
10-16 12:45:56.072  1580  2079 D DisplayManagerService: Delivering display event: displayId=0, event=4
10-16 12:45:56.076  1580  3052 D OplusFeatureDCBacklight: notifySfRepaintEverything begin mCurrentDCMode:0brightness=985threshold=260
10-16 12:45:56.092  1580  3052 D OplusFeatureDCBacklight: notifySfRepaintEverything begin mCurrentDCMode:0brightness=985threshold=260
10-16 12:45:56.108  1580  3052 D OplusFeatureDCBacklight: notifySfRepaintEverything begin mCurrentDCMode:0brightness=985threshold=260
10-16 12:45:56.125  1580  3052 D OplusFeatureDCBacklight: notifySfRepaintEverything begin mCurrentDCMode:0brightness=985threshold=260
10-16 12:45:56.141  1580  3052 D OplusFeatureDCBacklight: notifySfRepaintEverything begin mCurrentDCMode:0brightness=986threshold=260
10-16 12:45:56.146  1580  2325 D DisplayPowerController[0]: onChange selfChange=false uri=content://settings/system/screen_brightness
10-16 12:45:56.146  1580  2325 D OplusVFXScreenEffectFeature:  setColorFadeLevel 1.0
10-16 12:45:56.147  1580  2325 D OplusDisplayPowerControllerExtImpl: original brightness:1004 final brightness:1004.0 scale:1.0 reason:4 darkLevel:0
10-16 12:45:56.148  1580  2325 D DisplayPowerController[0]: Brightness [1004.0] reason changing to: 'automatic [ auto_adj ]', previous reason: 'automatic'. id=local:4630946962717273473
10-16 12:45:56.148  1580  2325 I DisplayPowerController[0]: BrightnessEvent: disp=0, brt=1004.0(user_set), rcmdBrt=NaN, preBrt=NaN, lux=0.0, preLux=0.0, hbmMax=1.0, hbmMode=off, thrmMax=1.0, flags=user_set , reason=automatic [ auto_adj ]
10-16 12:45:56.149  1580  2325 D VRR [OPlusRefreshRateService]: notifyBrightnessChange brightness: 1004.0
10-16 12:45:56.149  1580  2079 D DisplayManagerService: Delivering display event: displayId=0, event=4
10-16 12:45:56.158  1580  3052 D OplusFeatureDCBacklight: notifySfRepaintEverything begin mCurrentDCMode:0brightness=986threshold=260
10-16 12:45:56.191  1580  3052 D OplusFeatureDCBacklight: notifySfRepaintEverything begin mCurrentDCMode:0brightness=986threshold=260
10-16 12:45:56.208  1580  3052 D OplusFeatureDCBacklight: notifySfRepaintEverything begin mCurrentDCMode:0brightness=986threshold=260
10-16 12:45:56.224  1580  3052 D OplusFeatureDCBacklight: notifySfRepaintEverything begin mCurrentDCMode:0brightness=986threshold=260
10-16 12:45:56.241  1580  3052 D OplusFeatureDCBacklight: notifySfRepaintEverything begin mCurrentDCMode:0brightness=987threshold=260
10-16 12:45:56.244  1580  2325 D DisplayPowerController[0]: onChange selfChange=false uri=content://settings/system/screen_brightness
10-16 12:45:56.245  1580  2325 D OplusVFXScreenEffectFeature:  setColorFadeLevel 1.0
10-16 12:45:56.245  1580  2325 D OplusDisplayPowerControllerExtImpl: original brightness:1004 final brightness:1004.0 scale:1.0 reason:4 darkLevel:0
10-16 12:45:56.248  1580  2325 D DisplayPowerController[0]: Brightness [1004.0] reason changing to: 'automatic [ auto_adj ]', previous reason: 'automatic'. id=local:4630946962717273473
10-16 12:45:56.248  1580  2325 I DisplayPowerController[0]: BrightnessEvent: disp=0, brt=1004.0(user_set), rcmdBrt=NaN, preBrt=NaN, lux=0.0, preLux=0.0, hbmMax=1.0, hbmMode=off, thrmMax=1.0, flags=user_set , reason=automatic [ auto_adj ]
10-16 12:45:56.248  1580  2325 D VRR [OPlusRefreshRateService]: notifyBrightnessChange brightness: 1004.0
10-16 12:45:56.248  1580  2079 D DisplayManagerService: Delivering display event: displayId=0, event=4
10-16 12:45:56.257  1580  3052 D OplusFeatureDCBacklight: notifySfRepaintEverything begin mCurrentDCMode:0brightness=987threshold=260
10-16 12:45:56.273  1580  3052 D OplusFeatureDCBacklight: notifySfRepaintEverything begin mCurrentDCMode:0brightness=987threshold=260
10-16 12:45:56.289  1580  3052 D OplusFeatureDCBacklight: notifySfRepaintEverything begin mCurrentDCMode:0brightness=987threshold=260
10-16 12:45:56.307  1580  3052 D OplusFeatureDCBacklight: notifySfRepaintEverything begin mCurrentDCMode:0brightness=987threshold=260
10-16 12:45:56.323  1580  3052 D OplusFeatureDCBacklight: notifySfRepaintEverything begin mCurrentDCMode:0brightness=988threshold=260
10-16 12:45:56.330  1580  2325 D DisplayPowerController[0]: onChange selfChange=false uri=content://settings/system/screen_brightness
10-16 12:45:56.330  1580  2325 D OplusVFXScreenEffectFeature:  setColorFadeLevel 1.0
10-16 12:45:56.330  1580  2325 D OplusDisplayPowerControllerExtImpl: original brightness:1004 final brightness:1004.0 scale:1.0 reason:4 darkLevel:0
10-16 12:45:56.332  1580  2325 D DisplayPowerController[0]: Brightness [1004.0] reason changing to: 'automatic [ auto_adj ]', previous reason: 'automatic'. id=local:4630946962717273473
10-16 12:45:56.332  1580  2325 I DisplayPowerController[0]: BrightnessEvent: disp=0, brt=1004.0(user_set), rcmdBrt=NaN, preBrt=NaN, lux=0.0, preLux=0.0, hbmMax=1.0, hbmMode=off, thrmMax=1.0, flags=user_set , reason=automatic [ auto_adj ]
10-16 12:45:56.332  1580  2325 D VRR [OPlusRefreshRateService]: notifyBrightnessChange brightness: 1004.0
10-16 12:45:56.332  1580  2079 D DisplayManagerService: Delivering display event: displayId=0, event=4
10-16 12:45:56.339  1580  3052 D OplusFeatureDCBacklight: notifySfRepaintEverything begin mCurrentDCMode:0brightness=988threshold=260
10-16 12:45:56.356  1580  3052 D OplusFeatureDCBacklight: notifySfRepaintEverything begin mCurrentDCMode:0brightness=988threshold=260
10-16 12:45:56.373  1580  3052 D OplusFeatureDCBacklight: notifySfRepaintEverything begin mCurrentDCMode:0brightness=988threshold=260
10-16 12:45:56.389  1580  3052 D OplusFeatureDCBacklight: notifySfRepaintEverything begin mCurrentDCMode:0brightness=988threshold=260
10-16 12:45:56.405  1580  3052 D OplusFeatureDCBacklight: notifySfRepaintEverything begin mCurrentDCMode:0brightness=988threshold=260
10-16 12:45:56.422  1580  3052 D OplusFeatureDCBacklight: notifySfRepaintEverything begin mCurrentDCMode:0brightness=989threshold=260
10-16 12:45:56.427  1580  2325 D DisplayPowerController[0]: onChange selfChange=false uri=content://settings/system/screen_brightness
10-16 12:45:56.429  1580  2325 D OplusVFXScreenEffectFeature:  setColorFadeLevel 1.0
10-16 12:45:56.429  1580  2325 D OplusDisplayPowerControllerExtImpl: original brightness:1004 final brightness:1004.0 scale:1.0 reason:4 darkLevel:0
10-16 12:45:56.430  1580  2325 D DisplayPowerController[0]: Brightness [1004.0] reason changing to: 'automatic [ auto_adj ]', previous reason: 'automatic'. id=local:4630946962717273473
10-16 12:45:56.430  1580  2325 I DisplayPowerController[0]: BrightnessEvent: disp=0, brt=1004.0(user_set), rcmdBrt=NaN, preBrt=NaN, lux=0.0, preLux=0.0, hbmMax=1.0, hbmMode=off, thrmMax=1.0, flags=user_set , reason=automatic [ auto_adj ]
10-16 12:45:56.430  1580  2325 D VRR [OPlusRefreshRateService]: notifyBrightnessChange brightness: 1004.0
10-16 12:45:56.433  1580  2079 D DisplayManagerService: Delivering display event: displayId=0, event=4
10-16 12:45:56.439  1580  3052 D OplusFeatureDCBacklight: notifySfRepaintEverything begin mCurrentDCMode:0brightness=989threshold=260
10-16 12:45:56.455  1580  3052 D OplusFeatureDCBacklight: notifySfRepaintEverything begin mCurrentDCMode:0brightness=989threshold=260
10-16 12:45:56.472  1580  3052 D OplusFeatureDCBacklight: notifySfRepaintEverything begin mCurrentDCMode:0brightness=989threshold=260
10-16 12:45:56.489  1580  3052 D OplusFeatureDCBacklight: notifySfRepaintEverything begin mCurrentDCMode:0brightness=989threshold=260
10-16 12:45:56.505  1580  3052 D OplusFeatureDCBacklight: notifySfRepaintEverything begin mCurrentDCMode:0brightness=990threshold=260
10-16 12:45:56.517  1580  2325 D DisplayPowerController[0]: onChange selfChange=false uri=content://settings/system/screen_brightness
10-16 12:45:56.518  1580  2325 D OplusVFXScreenEffectFeature:  setColorFadeLevel 1.0
10-16 12:45:56.519  1580  2325 D OplusDisplayPowerControllerExtImpl: original brightness:1004 final brightness:1004.0 scale:1.0 reason:4 darkLevel:0
10-16 12:45:56.521  1580  2325 D DisplayPowerController[0]: Brightness [1004.0] reason changing to: 'automatic [ auto_adj ]', previous reason: 'automatic'. id=local:4630946962717273473
10-16 12:45:56.521  1580  2325 I DisplayPowerController[0]: BrightnessEvent: disp=0, brt=1004.0(user_set), rcmdBrt=NaN, preBrt=NaN, lux=0.0, preLux=0.0, hbmMax=1.0, hbmMode=off, thrmMax=1.0, flags=user_set , reason=automatic [ auto_adj ]
10-16 12:45:56.521  1580  2325 D VRR [OPlusRefreshRateService]: notifyBrightnessChange brightness: 1004.0
10-16 12:45:56.522  1580  2079 D DisplayManagerService: Delivering display event: displayId=0, event=4
10-16 12:45:56.522  1580  3052 D OplusFeatureDCBacklight: notifySfRepaintEverything begin mCurrentDCMode:0brightness=990threshold=260
10-16 12:45:56.538  1580  3052 D OplusFeatureDCBacklight: notifySfRepaintEverything begin mCurrentDCMode:0brightness=990threshold=260
10-16 12:45:56.554  1580  3052 D OplusFeatureDCBacklight: notifySfRepaintEverything begin mCurrentDCMode:0brightness=990threshold=260
10-16 12:45:56.571  1580  3052 D OplusFeatureDCBacklight: notifySfRepaintEverything begin mCurrentDCMode:0brightness=990threshold=260
10-16 12:45:56.588  1580  3052 D OplusFeatureDCBacklight: notifySfRepaintEverything begin mCurrentDCMode:0brightness=990threshold=260
10-16 12:45:56.605  1580  3052 D OplusFeatureDCBacklight: notifySfRepaintEverything begin mCurrentDCMode:0brightness=991threshold=260
10-16 12:45:56.612  1580  2325 D DisplayPowerController[0]: onChange selfChange=false uri=content://settings/system/screen_brightness
10-16 12:45:56.613  1580  2325 D OplusVFXScreenEffectFeature:  setColorFadeLevel 1.0
10-16 12:45:56.613  1580  2325 D OplusDisplayPowerControllerExtImpl: original brightness:1004 final brightness:1004.0 scale:1.0 reason:4 darkLevel:0
10-16 12:45:56.615  1580  2325 D DisplayPowerController[0]: Brightness [1004.0] reason changing to: 'automatic [ auto_adj ]', previous reason: 'automatic'. id=local:4630946962717273473
10-16 12:45:56.615  1580  2325 I DisplayPowerController[0]: BrightnessEvent: disp=0, brt=1004.0(user_set), rcmdBrt=NaN, preBrt=NaN, lux=0.0, preLux=0.0, hbmMax=1.0, hbmMode=off, thrmMax=1.0, flags=user_set , reason=automatic [ auto_adj ]
10-16 12:45:56.615  1580  2325 D VRR [OPlusRefreshRateService]: notifyBrightnessChange brightness: 1004.0
10-16 12:45:56.616  1580  2079 D DisplayManagerService: Delivering display event: displayId=0, event=4
10-16 12:45:56.621  1580  3052 D OplusFeatureDCBacklight: notifySfRepaintEverything begin mCurrentDCMode:0brightness=991threshold=260
10-16 12:45:56.637  1580  3052 D OplusFeatureDCBacklight: notifySfRepaintEverything begin mCurrentDCMode:0brightness=991threshold=260
10-16 12:45:56.653  1580  3052 D OplusFeatureDCBacklight: notifySfRepaintEverything begin mCurrentDCMode:0brightness=991threshold=260
10-16 12:45:56.688  1580  3052 D OplusFeatureDCBacklight: notifySfRepaintEverything begin mCurrentDCMode:0brightness=991threshold=260
10-16 12:45:56.704  1580  3052 D OplusFeatureDCBacklight: notifySfRepaintEverything begin mCurrentDCMode:0brightness=992threshold=260
10-16 12:45:56.710  1580  2325 D DisplayPowerController[0]: onChange selfChange=false uri=content://settings/system/screen_brightness
10-16 12:45:56.711  1580  2325 D OplusVFXScreenEffectFeature:  setColorFadeLevel 1.0
10-16 12:45:56.711  1580  2325 D OplusDisplayPowerControllerExtImpl: original brightness:1004 final brightness:1004.0 scale:1.0 reason:4 darkLevel:0
10-16 12:45:56.712  1580  2325 D DisplayPowerController[0]: Brightness [1004.0] reason changing to: 'automatic [ auto_adj ]', previous reason: 'automatic'. id=local:4630946962717273473
10-16 12:45:56.713  1580  2325 I DisplayPowerController[0]: BrightnessEvent: disp=0, brt=1004.0(user_set), rcmdBrt=NaN, preBrt=NaN, lux=0.0, preLux=0.0, hbmMax=1.0, hbmMode=off, thrmMax=1.0, flags=user_set , reason=automatic [ auto_adj ]
10-16 12:45:56.713  1580  2325 D VRR [OPlusRefreshRateService]: notifyBrightnessChange brightness: 1004.0
10-16 12:45:56.716  1580  2079 D DisplayManagerService: Delivering display event: displayId=0, event=4
10-16 12:45:56.720  1580  3052 D OplusFeatureDCBacklight: notifySfRepaintEverything begin mCurrentDCMode:0brightness=992threshold=260
10-16 12:45:56.736  1580  3052 D OplusFeatureDCBacklight: notifySfRepaintEverything begin mCurrentDCMode:0brightness=992threshold=260
10-16 12:45:56.753  1580  3052 D OplusFeatureDCBacklight: notifySfRepaintEverything begin mCurrentDCMode:0brightness=992threshold=260
10-16 12:45:56.770  1580  3052 D OplusFeatureDCBacklight: notifySfRepaintEverything begin mCurrentDCMode:0brightness=992threshold=260
10-16 12:45:56.785  1580  3052 D OplusFeatureDCBacklight: notifySfRepaintEverything begin mCurrentDCMode:0brightness=993threshold=260
10-16 12:45:56.790  1580  2325 D DisplayPowerController[0]: onChange selfChange=false uri=content://settings/system/screen_brightness
10-16 12:45:56.791  1580  2325 D OplusVFXScreenEffectFeature:  setColorFadeLevel 1.0
10-16 12:45:56.791  1580  2325 D OplusDisplayPowerControllerExtImpl: original brightness:1004 final brightness:1004.0 scale:1.0 reason:4 darkLevel:0
10-16 12:45:56.793  1580  2325 D DisplayPowerController[0]: Brightness [1004.0] reason changing to: 'automatic [ auto_adj ]', previous reason: 'automatic'. id=local:4630946962717273473
10-16 12:45:56.793  1580  2325 I DisplayPowerController[0]: BrightnessEvent: disp=0, brt=1004.0(user_set), rcmdBrt=NaN, preBrt=NaN, lux=0.0, preLux=0.0, hbmMax=1.0, hbmMode=off, thrmMax=1.0, flags=user_set , reason=automatic [ auto_adj ]
10-16 12:45:56.793  1580  2325 D VRR [OPlusRefreshRateService]: notifyBrightnessChange brightness: 1004.0
10-16 12:45:56.793  1580  2079 D DisplayManagerService: Delivering display event: displayId=0, event=4
10-16 12:45:56.802  1580  3052 D OplusFeatureDCBacklight: notifySfRepaintEverything begin mCurrentDCMode:0brightness=993threshold=260
10-16 12:45:56.819  1580  3052 D OplusFeatureDCBacklight: notifySfRepaintEverything begin mCurrentDCMode:0brightness=993threshold=260
10-16 12:45:56.836  1580  3052 D OplusFeatureDCBacklight: notifySfRepaintEverything begin mCurrentDCMode:0brightness=993threshold=260
10-16 12:45:56.852  1580  3052 D OplusFeatureDCBacklight: notifySfRepaintEverything begin mCurrentDCMode:0brightness=993threshold=260
10-16 12:45:56.870  1580  3052 D OplusFeatureDCBacklight: notifySfRepaintEverything begin mCurrentDCMode:0brightness=994threshold=260
10-16 12:45:56.876  1580  2325 D DisplayPowerController[0]: onChange selfChange=false uri=content://settings/system/screen_brightness
10-16 12:45:56.877  1580  2325 D OplusVFXScreenEffectFeature:  setColorFadeLevel 1.0
10-16 12:45:56.877  1580  2325 D OplusDisplayPowerControllerExtImpl: original brightness:1004 final brightness:1004.0 scale:1.0 reason:4 darkLevel:0
10-16 12:45:56.879  1580  2325 D DisplayPowerController[0]: Brightness [1004.0] reason changing to: 'automatic [ auto_adj ]', previous reason: 'automatic'. id=local:4630946962717273473
10-16 12:45:56.879  1580  2325 I DisplayPowerController[0]: BrightnessEvent: disp=0, brt=1004.0(user_set), rcmdBrt=NaN, preBrt=NaN, lux=0.0, preLux=0.0, hbmMax=1.0, hbmMode=off, thrmMax=1.0, flags=user_set , reason=automatic [ auto_adj ]
10-16 12:45:56.879  1580  2325 D VRR [OPlusRefreshRateService]: notifyBrightnessChange brightness: 1004.0
10-16 12:45:56.880  1580  2079 D DisplayManagerService: Delivering display event: displayId=0, event=4
10-16 12:45:56.887  1580  3052 D OplusFeatureDCBacklight: notifySfRepaintEverything begin mCurrentDCMode:0brightness=994threshold=260
10-16 12:45:56.902  1580  3052 D OplusFeatureDCBacklight: notifySfRepaintEverything begin mCurrentDCMode:0brightness=994threshold=260
10-16 12:45:56.918  1580  3052 D OplusFeatureDCBacklight: notifySfRepaintEverything begin mCurrentDCMode:0brightness=994threshold=260
10-16 12:45:56.934  1580  3052 D OplusFeatureDCBacklight: notifySfRepaintEverything begin mCurrentDCMode:0brightness=994threshold=260
10-16 12:45:56.951  1580  3052 D OplusFeatureDCBacklight: notifySfRepaintEverything begin mCurrentDCMode:0brightness=994threshold=260
10-16 12:45:56.968  1580  3052 D OplusFeatureDCBacklight: notifySfRepaintEverything begin mCurrentDCMode:0brightness=995threshold=260
10-16 12:45:56.979  1580  2325 D DisplayPowerController[0]: onChange selfChange=false uri=content://settings/system/screen_brightness
10-16 12:45:56.979  1580  2325 D OplusVFXScreenEffectFeature:  setColorFadeLevel 1.0
10-16 12:45:56.979  1580  2325 D OplusDisplayPowerControllerExtImpl: original brightness:1004 final brightness:1004.0 scale:1.0 reason:4 darkLevel:0
10-16 12:45:56.981  1580  2325 D DisplayPowerController[0]: Brightness [1004.0] reason changing to: 'automatic [ auto_adj ]', previous reason: 'automatic'. id=local:4630946962717273473
10-16 12:45:56.981  1580  2325 I DisplayPowerController[0]: BrightnessEvent: disp=0, brt=1004.0(user_set), rcmdBrt=NaN, preBrt=NaN, lux=0.0, preLux=0.0, hbmMax=1.0, hbmMode=off, thrmMax=1.0, flags=user_set , reason=automatic [ auto_adj ]
10-16 12:45:56.981  1580  2325 D VRR [OPlusRefreshRateService]: notifyBrightnessChange brightness: 1004.0
10-16 12:45:56.982  1580  2079 D DisplayManagerService: Delivering display event: displayId=0, event=4
10-16 12:45:56.985  1580  3052 D OplusFeatureDCBacklight: notifySfRepaintEverything begin mCurrentDCMode:0brightness=995threshold=260
10-16 12:45:57.000  1580  3052 D OplusFeatureDCBacklight: notifySfRepaintEverything begin mCurrentDCMode:0brightness=995threshold=260
10-16 12:45:57.017  1580  3052 D OplusFeatureDCBacklight: notifySfRepaintEverything begin mCurrentDCMode:0brightness=995threshold=260
10-16 12:45:57.034  1580  3052 D OplusFeatureDCBacklight: notifySfRepaintEverything begin mCurrentDCMode:0brightness=995threshold=260
10-16 12:45:57.051  1580  3052 D OplusFeatureDCBacklight: notifySfRepaintEverything begin mCurrentDCMode:0brightness=996threshold=260
10-16 12:45:57.057  1580  2325 D DisplayPowerController[0]: onChange selfChange=false uri=content://settings/system/screen_brightness
10-16 12:45:57.057  1580  2325 D OplusVFXScreenEffectFeature:  setColorFadeLevel 1.0
10-16 12:45:57.058  1580  2325 D OplusDisplayPowerControllerExtImpl: original brightness:1004 final brightness:1004.0 scale:1.0 reason:4 darkLevel:0
10-16 12:45:57.059  1580  2325 D DisplayPowerController[0]: Brightness [1004.0] reason changing to: 'automatic [ auto_adj ]', previous reason: 'automatic'. id=local:4630946962717273473
10-16 12:45:57.059  1580  2325 I DisplayPowerController[0]: BrightnessEvent: disp=0, brt=1004.0(user_set), rcmdBrt=NaN, preBrt=NaN, lux=0.0, preLux=0.0, hbmMax=1.0, hbmMode=off, thrmMax=1.0, flags=user_set , reason=automatic [ auto_adj ]
10-16 12:45:57.060  1580  2325 D VRR [OPlusRefreshRateService]: notifyBrightnessChange brightness: 1004.0
10-16 12:45:57.061  1580  2079 D DisplayManagerService: Delivering display event: displayId=0, event=4
10-16 12:45:57.068  1580  3052 D OplusFeatureDCBacklight: notifySfRepaintEverything begin mCurrentDCMode:0brightness=996threshold=260
10-16 12:45:57.083  1580  3052 D OplusFeatureDCBacklight: notifySfRepaintEverything begin mCurrentDCMode:0brightness=996threshold=260
10-16 12:45:57.100  1580  3052 D OplusFeatureDCBacklight: notifySfRepaintEverything begin mCurrentDCMode:0brightness=996threshold=260
10-16 12:45:57.117  1580  3052 D OplusFeatureDCBacklight: notifySfRepaintEverything begin mCurrentDCMode:0brightness=996threshold=260
10-16 12:45:57.133  1580  3052 D OplusFeatureDCBacklight: notifySfRepaintEverything begin mCurrentDCMode:0brightness=996threshold=260
10-16 12:45:57.137  1580  2758 D CompatibilityChangeReporter: Compat change id reported: 218533173; UID 10661; state: ENABLED
