10-16 12:49:05.876  1580  3052 D OplusFeatureDCBacklight: notifySfRepaintEverything begin mCurrentDCMode:0brightness=955threshold=260
10-16 12:49:05.909  1580  3052 D OplusFeatureDCBacklight: notifySfRepaintEverything begin mCurrentDCMode:0brightness=954threshold=260
10-16 12:49:05.915  1580  2325 D DisplayPowerController[0]: onChange selfChange=false uri=content://settings/system/screen_brightness
10-16 12:49:05.916  1580  2325 D OplusVFXScreenEffectFeature:  setColorFadeLevel 1.0
10-16 12:49:05.916  1580  2325 D OplusDisplayPowerControllerExtImpl: original brightness:1004 final brightness:1004.0 scale:1.0 reason:4 darkLevel:0
10-16 12:49:05.916  1580  2325 D OplusSmartBrightnessController: ReduceBrightness :  1004 --> 903
10-16 12:49:05.918  1580  2325 D DisplayPowerController[0]: Brightness [1004.0] reason changing to: 'automatic [ auto_adj ]', previous reason: 'automatic'. id=local:4630946962717273473
10-16 12:49:05.918  1580  2325 I DisplayPowerController[0]: BrightnessEvent: disp=0, brt=1004.0(user_set), rcmdBrt=NaN, preBrt=NaN, lux=0.0, preLux=0.0, hbmMax=1.0, hbmMode=off, thrmMax=1.0, flags=user_set , reason=automatic [ auto_adj ]
10-16 12:49:05.918  1580  2325 D VRR [OPlusRefreshRateService]: notifyBrightnessChange brightness: 1004.0
10-16 12:49:05.919  1580  2079 D DisplayManagerService: Delivering display event: displayId=0, event=4
10-16 12:49:05.944  1580  3052 D OplusFeatureDCBacklight: notifySfRepaintEverything begin mCurrentDCMode:0brightness=954threshold=260
10-16 12:49:05.976  1580  3052 D OplusFeatureDCBacklight: notifySfRepaintEverything begin mCurrentDCMode:0brightness=953threshold=260
10-16 12:49:05.981  1580  2325 D DisplayPowerController[0]: onChange selfChange=false uri=content://settings/system/screen_brightness
10-16 12:49:05.981  1580  2325 D OplusVFXScreenEffectFeature:  setColorFadeLevel 1.0
10-16 12:49:05.981  1580  2325 D OplusDisplayPowerControllerExtImpl: original brightness:1004 final brightness:1004.0 scale:1.0 reason:4 darkLevel:0
10-16 12:49:05.982  1580  2325 D OplusSmartBrightnessController: ReduceBrightness :  1004 --> 903
10-16 12:49:05.985  1580  2325 D DisplayPowerController[0]: Brightness [1004.0] reason changing to: 'automatic [ auto_adj ]', previous reason: 'automatic'. id=local:4630946962717273473
10-16 12:49:05.985  1580  2325 I DisplayPowerController[0]: BrightnessEvent: disp=0, brt=1004.0(user_set), rcmdBrt=NaN, preBrt=NaN, lux=0.0, preLux=0.0, hbmMax=1.0, hbmMode=off, thrmMax=1.0, flags=user_set , reason=automatic [ auto_adj ]
10-16 12:49:05.985  1580  2325 D VRR [OPlusRefreshRateService]: notifyBrightnessChange brightness: 1004.0
10-16 12:49:05.986  1580  2079 D DisplayManagerService: Delivering display event: displayId=0, event=4
10-16 12:49:06.008  1580  3052 D OplusFeatureDCBacklight: notifySfRepaintEverything begin mCurrentDCMode:0brightness=953threshold=260
10-16 12:49:06.041  1580  3052 D OplusFeatureDCBacklight: notifySfRepaintEverything begin mCurrentDCMode:0brightness=953threshold=260
10-16 12:49:06.074  1580  3052 D OplusFeatureDCBacklight: notifySfRepaintEverything begin mCurrentDCMode:0brightness=952threshold=260
10-16 12:49:06.078  1580  2325 D DisplayPowerController[0]: onChange selfChange=false uri=content://settings/system/screen_brightness
10-16 12:49:06.079  1580  2325 D OplusVFXScreenEffectFeature:  setColorFadeLevel 1.0
10-16 12:49:06.080  1580  2325 D OplusDisplayPowerControllerExtImpl: original brightness:1004 final brightness:1004.0 scale:1.0 reason:4 darkLevel:0
10-16 12:49:06.080  1580  2325 D OplusSmartBrightnessController: ReduceBrightness :  1004 --> 903
10-16 12:49:06.081  1580  2325 D DisplayPowerController[0]: Brightness [1004.0] reason changing to: 'automatic [ auto_adj ]', previous reason: 'automatic'. id=local:4630946962717273473
10-16 12:49:06.081  1580  2325 I DisplayPowerController[0]: BrightnessEvent: disp=0, brt=1004.0(user_set), rcmdBrt=NaN, preBrt=NaN, lux=0.0, preLux=0.0, hbmMax=1.0, hbmMode=off, thrmMax=1.0, flags=user_set , reason=automatic [ auto_adj ]
10-16 12:49:06.081  1580  2325 D VRR [OPlusRefreshRateService]: notifyBrightnessChange brightness: 1004.0
10-16 12:49:06.081  1580  2079 D DisplayManagerService: Delivering display event: displayId=0, event=4
10-16 12:49:06.110  1580  3052 D OplusFeatureDCBacklight: notifySfRepaintEverything begin mCurrentDCMode:0brightness=952threshold=260
10-16 12:49:06.141  1580  3052 D OplusFeatureDCBacklight: notifySfRepaintEverything begin mCurrentDCMode:0brightness=952threshold=260
10-16 12:49:06.174  1580  3052 D OplusFeatureDCBacklight: notifySfRepaintEverything begin mCurrentDCMode:0brightness=951threshold=260
10-16 12:49:06.187  1580  2325 D DisplayPowerController[0]: onChange selfChange=false uri=content://settings/system/screen_brightness
10-16 12:49:06.187  1580  2325 D OplusVFXScreenEffectFeature:  setColorFadeLevel 1.0
10-16 12:49:06.188  1580  2325 D OplusDisplayPowerControllerExtImpl: original brightness:1004 final brightness:1004.0 scale:1.0 reason:4 darkLevel:0
10-16 12:49:06.188  1580  2325 D OplusSmartBrightnessController: ReduceBrightness :  1004 --> 903
10-16 12:49:06.189  1580  2325 D DisplayPowerController[0]: Brightness [1004.0] reason changing to: 'automatic [ auto_adj ]', previous reason: 'automatic'. id=local:4630946962717273473
10-16 12:49:06.189  1580  2325 I DisplayPowerController[0]: BrightnessEvent: disp=0, brt=1004.0(user_set), rcmdBrt=NaN, preBrt=NaN, lux=0.0, preLux=0.0, hbmMax=1.0, hbmMode=off, thrmMax=1.0, flags=user_set , reason=automatic [ auto_adj ]
10-16 12:49:06.189  1580  2325 D VRR [OPlusRefreshRateService]: notifyBrightnessChange brightness: 1004.0
10-16 12:49:06.190  1580  2079 D DisplayManagerService: Delivering display event: displayId=0, event=4
10-16 12:49:06.207  1580  3052 D OplusFeatureDCBacklight: notifySfRepaintEverything begin mCurrentDCMode:0brightness=951threshold=260
10-16 12:49:06.241  1580  3052 D OplusFeatureDCBacklight: notifySfRepaintEverything begin mCurrentDCMode:0brightness=951threshold=260
10-16 12:49:06.273  1580  3052 D OplusFeatureDCBacklight: notifySfRepaintEverything begin mCurrentDCMode:0brightness=950threshold=260
10-16 12:49:06.281  1580  2325 D DisplayPowerController[0]: onChange selfChange=false uri=content://settings/system/screen_brightness
10-16 12:49:06.282  1580  2325 D OplusVFXScreenEffectFeature:  setColorFadeLevel 1.0
10-16 12:49:06.283  1580  2325 D OplusDisplayPowerControllerExtImpl: original brightness:1004 final brightness:1004.0 scale:1.0 reason:4 darkLevel:0
10-16 12:49:06.283  1580  2325 D OplusSmartBrightnessController: ReduceBrightness :  1004 --> 903
10-16 12:49:06.284  1580  2325 D DisplayPowerController[0]: Brightness [1004.0] reason changing to: 'automatic [ auto_adj ]', previous reason: 'automatic'. id=local:4630946962717273473
10-16 12:49:06.284  1580  2325 I DisplayPowerController[0]: BrightnessEvent: disp=0, brt=1004.0(user_set), rcmdBrt=NaN, preBrt=NaN, lux=0.0, preLux=0.0, hbmMax=1.0, hbmMode=off, thrmMax=1.0, flags=user_set , reason=automatic [ auto_adj ]
10-16 12:49:06.284  1580  2325 D VRR [OPlusRefreshRateService]: notifyBrightnessChange brightness: 1004.0
10-16 12:49:06.285  1580  2079 D DisplayManagerService: Delivering display event: displayId=0, event=4
10-16 12:49:06.307  1580  3052 D OplusFeatureDCBacklight: notifySfRepaintEverything begin mCurrentDCMode:0brightness=950threshold=260
10-16 12:49:06.342  1580  3052 D OplusFeatureDCBacklight: notifySfRepaintEverything begin mCurrentDCMode:0brightness=949threshold=260
10-16 12:49:06.345  1580  2325 D DisplayPowerController[0]: onChange selfChange=false uri=content://settings/system/screen_brightness
10-16 12:49:06.346  1580  2325 D OplusVFXScreenEffectFeature:  setColorFadeLevel 1.0
10-16 12:49:06.346  1580  2325 D OplusDisplayPowerControllerExtImpl: original brightness:1004 final brightness:1004.0 scale:1.0 reason:4 darkLevel:0
10-16 12:49:06.346  1580  2325 D OplusSmartBrightnessController: ReduceBrightness :  1004 --> 903
10-16 12:49:06.348  1580  2325 D DisplayPowerController[0]: Brightness [1004.0] reason changing to: 'automatic [ auto_adj ]', previous reason: 'automatic'. id=local:4630946962717273473
10-16 12:49:06.348  1580  2325 I DisplayPowerController[0]: BrightnessEvent: disp=0, brt=1004.0(user_set), rcmdBrt=NaN, preBrt=NaN, lux=0.0, preLux=0.0, hbmMax=1.0, hbmMode=off, thrmMax=1.0, flags=user_set , reason=automatic [ auto_adj ]
10-16 12:49:06.348  1580  2325 D VRR [OPlusRefreshRateService]: notifyBrightnessChange brightness: 1004.0
10-16 12:49:06.348  1580  2079 D DisplayManagerService: Delivering display event: displayId=0, event=4
10-16 12:49:06.411  1580  3052 D OplusFeatureDCBacklight: notifySfRepaintEverything begin mCurrentDCMode:0brightness=949threshold=260
10-16 12:49:06.454  1580  3052 D OplusFeatureDCBacklight: notifySfRepaintEverything begin mCurrentDCMode:0brightness=948threshold=260
10-16 12:49:06.459  1580  2325 D DisplayPowerController[0]: onChange selfChange=false uri=content://settings/system/screen_brightness
10-16 12:49:06.459  1580  2325 D OplusVFXScreenEffectFeature:  setColorFadeLevel 1.0
10-16 12:49:06.459  1580  2325 D OplusDisplayPowerControllerExtImpl: original brightness:1004 final brightness:1004.0 scale:1.0 reason:4 darkLevel:0
10-16 12:49:06.460  1580  2325 D OplusSmartBrightnessController: ReduceBrightness :  1004 --> 903
10-16 12:49:06.461  1580  2325 D DisplayPowerController[0]: Brightness [1004.0] reason changing to: 'automatic [ auto_adj ]', previous reason: 'automatic'. id=local:4630946962717273473
10-16 12:49:06.461  1580  2325 I DisplayPowerController[0]: BrightnessEvent: disp=0, brt=1004.0(user_set), rcmdBrt=NaN, preBrt=NaN, lux=0.0, preLux=0.0, hbmMax=1.0, hbmMode=off, thrmMax=1.0, flags=user_set , reason=automatic [ auto_adj ]
10-16 12:49:06.461  1580  2325 D VRR [OPlusRefreshRateService]: notifyBrightnessChange brightness: 1004.0
10-16 12:49:06.461  1580  2079 D DisplayManagerService: Delivering display event: displayId=0, event=4
10-16 12:49:06.489  1580  3052 D OplusFeatureDCBacklight: notifySfRepaintEverything begin mCurrentDCMode:0brightness=948threshold=260
10-16 12:49:06.538  1580  3052 D OplusFeatureDCBacklight: notifySfRepaintEverything begin mCurrentDCMode:0brightness=947threshold=260
10-16 12:49:06.542  1580  2325 D DisplayPowerController[0]: onChange selfChange=false uri=content://settings/system/screen_brightness
10-16 12:49:06.542  1580  2325 D OplusVFXScreenEffectFeature:  setColorFadeLevel 1.0
10-16 12:49:06.543  1580  2325 D OplusDisplayPowerControllerExtImpl: original brightness:1004 final brightness:1004.0 scale:1.0 reason:4 darkLevel:0
10-16 12:49:06.543  1580  2325 D OplusSmartBrightnessController: ReduceBrightness :  1004 --> 903
10-16 12:49:06.544  1580  2325 D DisplayPowerController[0]: Brightness [1004.0] reason changing to: 'automatic [ auto_adj ]', previous reason: 'automatic'. id=local:4630946962717273473
10-16 12:49:06.544  1580  2325 I DisplayPowerController[0]: BrightnessEvent: disp=0, brt=1004.0(user_set), rcmdBrt=NaN, preBrt=NaN, lux=0.0, preLux=0.0, hbmMax=1.0, hbmMode=off, thrmMax=1.0, flags=user_set , reason=automatic [ auto_adj ]
10-16 12:49:06.544  1580  2325 D VRR [OPlusRefreshRateService]: notifyBrightnessChange brightness: 1004.0
10-16 12:49:06.544  1580  2079 D DisplayManagerService: Delivering display event: displayId=0, event=4
10-16 12:49:06.604  1580  3052 D OplusFeatureDCBacklight: notifySfRepaintEverything begin mCurrentDCMode:0brightness=947threshold=260
10-16 12:49:06.671  1580  3052 D OplusFeatureDCBacklight: notifySfRepaintEverything begin mCurrentDCMode:0brightness=946threshold=260
10-16 12:49:06.676  1580  2325 D DisplayPowerController[0]: onChange selfChange=false uri=content://settings/system/screen_brightness
10-16 12:49:06.677  1580  2325 D OplusVFXScreenEffectFeature:  setColorFadeLevel 1.0
10-16 12:49:06.677  1580  2325 D OplusDisplayPowerControllerExtImpl: original brightness:1004 final brightness:1004.0 scale:1.0 reason:4 darkLevel:0
10-16 12:49:06.677  1580  2325 D OplusSmartBrightnessController: ReduceBrightness :  1004 --> 903
10-16 12:49:06.678  1580  2325 D DisplayPowerController[0]: Brightness [1004.0] reason changing to: 'automatic [ auto_adj ]', previous reason: 'automatic'. id=local:4630946962717273473
10-16 12:49:06.679  1580  2325 I DisplayPowerController[0]: BrightnessEvent: disp=0, brt=1004.0(user_set), rcmdBrt=NaN, preBrt=NaN, lux=0.0, preLux=0.0, hbmMax=1.0, hbmMode=off, thrmMax=1.0, flags=user_set , reason=automatic [ auto_adj ]
10-16 12:49:06.679  1580  2325 D VRR [OPlusRefreshRateService]: notifyBrightnessChange brightness: 1004.0
10-16 12:49:06.679  1580  2079 D DisplayManagerService: Delivering display event: displayId=0, event=4
10-16 12:49:06.737  1580  3052 D OplusFeatureDCBacklight: notifySfRepaintEverything begin mCurrentDCMode:0brightness=945threshold=260
10-16 12:49:06.740  1580  2325 D DisplayPowerController[0]: onChange selfChange=false uri=content://settings/system/screen_brightness
10-16 12:49:06.741  1580  2325 D OplusVFXScreenEffectFeature:  setColorFadeLevel 1.0
10-16 12:49:06.741  1580  2325 D OplusDisplayPowerControllerExtImpl: original brightness:1004 final brightness:1004.0 scale:1.0 reason:4 darkLevel:0
10-16 12:49:06.741  1580  2325 D OplusSmartBrightnessController: ReduceBrightness :  1004 --> 903
10-16 12:49:06.742  1580  2325 D DisplayPowerController[0]: Brightness [1004.0] reason changing to: 'automatic [ auto_adj ]', previous reason: 'automatic'. id=local:4630946962717273473
10-16 12:49:06.742  1580  2325 I DisplayPowerController[0]: BrightnessEvent: disp=0, brt=1004.0(user_set), rcmdBrt=NaN, preBrt=NaN, lux=0.0, preLux=0.0, hbmMax=1.0, hbmMode=off, thrmMax=1.0, flags=user_set , reason=automatic [ auto_adj ]
10-16 12:49:06.743  1580  2325 D VRR [OPlusRefreshRateService]: notifyBrightnessChange brightness: 1004.0
10-16 12:49:06.743  1580  2079 D DisplayManagerService: Delivering display event: displayId=0, event=4
10-16 12:49:06.785  1580  3052 D OplusFeatureDCBacklight: notifySfRepaintEverything begin mCurrentDCMode:0brightness=945threshold=260
10-16 12:49:06.811  1580  2328 D OplusSmartBrightnessController: handleMessage MSG_LUX_CHANGED, mLux:124.757545 luxQueue=[124.75754, 124.75754, 124.75754, 124.75754, 124.75754, 124.75754]
10-16 12:49:06.818  1580  3052 D OplusFeatureDCBacklight: notifySfRepaintEverything begin mCurrentDCMode:0brightness=944threshold=260
10-16 12:49:06.821  1580  2325 D DisplayPowerController[0]: onChange selfChange=false uri=content://settings/system/screen_brightness
10-16 12:49:06.821  1580  2325 D OplusVFXScreenEffectFeature:  setColorFadeLevel 1.0
10-16 12:49:06.822  1580  2325 D OplusDisplayPowerControllerExtImpl: original brightness:1004 final brightness:1004.0 scale:1.0 reason:4 darkLevel:0
10-16 12:49:06.822  1580  2325 D OplusSmartBrightnessController: ReduceBrightness :  1004 --> 903
10-16 12:49:06.823  1580  2325 D DisplayPowerController[0]: Brightness [1004.0] reason changing to: 'automatic [ auto_adj ]', previous reason: 'automatic'. id=local:4630946962717273473
10-16 12:49:06.823  1580  2325 I DisplayPowerController[0]: BrightnessEvent: disp=0, brt=1004.0(user_set), rcmdBrt=NaN, preBrt=NaN, lux=0.0, preLux=0.0, hbmMax=1.0, hbmMode=off, thrmMax=1.0, flags=user_set , reason=automatic [ auto_adj ]
10-16 12:49:06.823  1580  2325 D VRR [OPlusRefreshRateService]: notifyBrightnessChange brightness: 1004.0
10-16 12:49:06.823  1580  2079 D DisplayManagerService: Delivering display event: displayId=0, event=4
10-16 12:49:06.852  1580  3052 D OplusFeatureDCBacklight: notifySfRepaintEverything begin mCurrentDCMode:0brightness=944threshold=260
10-16 12:49:06.885  1580  3052 D OplusFeatureDCBacklight: notifySfRepaintEverything begin mCurrentDCMode:0brightness=944threshold=260
10-16 12:49:06.918  1580  3052 D OplusFeatureDCBacklight: notifySfRepaintEverything begin mCurrentDCMode:0brightness=943threshold=260
10-16 12:49:06.922  1580  2325 D DisplayPowerController[0]: onChange selfChange=false uri=content://settings/system/screen_brightness
10-16 12:49:06.923  1580  2325 D OplusVFXScreenEffectFeature:  setColorFadeLevel 1.0
10-16 12:49:06.923  1580  2325 D OplusDisplayPowerControllerExtImpl: original brightness:1004 final brightness:1004.0 scale:1.0 reason:4 darkLevel:0
10-16 12:49:06.923  1580  2325 D OplusSmartBrightnessController: ReduceBrightness :  1004 --> 903
10-16 12:49:06.925  1580  2325 D DisplayPowerController[0]: Brightness [1004.0] reason changing to: 'automatic [ auto_adj ]', previous reason: 'automatic'. id=local:4630946962717273473
10-16 12:49:06.925  1580  2325 I DisplayPowerController[0]: BrightnessEvent: disp=0, brt=1004.0(user_set), rcmdBrt=NaN, preBrt=NaN, lux=0.0, preLux=0.0, hbmMax=1.0, hbmMode=off, thrmMax=1.0, flags=user_set , reason=automatic [ auto_adj ]
10-16 12:49:06.925  1580  2325 D VRR [OPlusRefreshRateService]: notifyBrightnessChange brightness: 1004.0
10-16 12:49:06.926  1580  2079 D DisplayManagerService: Delivering display event: displayId=0, event=4
10-16 12:49:06.951  1580  3052 D OplusFeatureDCBacklight: notifySfRepaintEverything begin mCurrentDCMode:0brightness=943threshold=260
10-16 12:49:06.985  1580  3052 D OplusFeatureDCBacklight: notifySfRepaintEverything begin mCurrentDCMode:0brightness=942threshold=260
10-16 12:49:06.989  1580  2325 D DisplayPowerController[0]: onChange selfChange=false uri=content://settings/system/screen_brightness
10-16 12:49:06.990  1580  2325 D OplusVFXScreenEffectFeature:  setColorFadeLevel 1.0
10-16 12:49:06.990  1580  2325 D OplusDisplayPowerControllerExtImpl: original brightness:1004 final brightness:1004.0 scale:1.0 reason:4 darkLevel:0
10-16 12:49:06.990  1580  2325 D OplusSmartBrightnessController: ReduceBrightness :  1004 --> 903
10-16 12:49:06.991  1580  2325 D DisplayPowerController[0]: Brightness [1004.0] reason changing to: 'automatic [ auto_adj ]', previous reason: 'automatic'. id=local:4630946962717273473
10-16 12:49:06.991  1580  2325 I DisplayPowerController[0]: BrightnessEvent: disp=0, brt=1004.0(user_set), rcmdBrt=NaN, preBrt=NaN, lux=0.0, preLux=0.0, hbmMax=1.0, hbmMode=off, thrmMax=1.0, flags=user_set , reason=automatic [ auto_adj ]
10-16 12:49:06.992  1580  2325 D VRR [OPlusRefreshRateService]: notifyBrightnessChange brightness: 1004.0
10-16 12:49:06.992  1580  2079 D DisplayManagerService: Delivering display event: displayId=0, event=4
10-16 12:49:07.017  1580  3052 D OplusFeatureDCBacklight: notifySfRepaintEverything begin mCurrentDCMode:0brightness=942threshold=260
10-16 12:49:07.049  1580  3052 D OplusFeatureDCBacklight: notifySfRepaintEverything begin mCurrentDCMode:0brightness=942threshold=260
10-16 12:49:07.064  1580  2924 V OplusNPMS: getWarningNotification numWarningNotificaion10
10-16 12:49:07.064  1580  2924 V OplusNPMS: getWarningNotification numWarningNotificaion10
10-16 12:49:07.064  1580  2924 V OplusNPMS: getLimitNotificationState subID=2
10-16 12:49:07.064  1580  2924 V OplusNPMS: getLimitNotificationState mSubidToIccId != null
10-16 12:49:07.066  1580  2924 V OplusNPMS: getWarningNotification numWarningNotificaion10
10-16 12:49:07.066  1580  2924 V OplusNPMS: getWarningNotification numWarningNotificaion10
10-16 12:49:07.066  1580  2924 V OplusNPMS: getLimitNotificationState subID=2
10-16 12:49:07.066  1580  2924 V OplusNPMS: getLimitNotificationState mSubidToIccId != null
10-16 12:49:07.082  1580  3052 D OplusFeatureDCBacklight: notifySfRepaintEverything begin mCurrentDCMode:0brightness=941threshold=260
10-16 12:49:07.089  1580  2325 D DisplayPowerController[0]: onChange selfChange=false uri=content://settings/system/screen_brightness
10-16 12:49:07.089  1580  2325 D OplusVFXScreenEffectFeature:  setColorFadeLevel 1.0
10-16 12:49:07.089  1580  2325 D OplusDisplayPowerControllerExtImpl: original brightness:1004 final brightness:1004.0 scale:1.0 reason:4 darkLevel:0
10-16 12:49:07.089  1580  2325 D OplusSmartBrightnessController: ReduceBrightness :  1004 --> 903
10-16 12:49:07.090  1580  2325 D DisplayPowerController[0]: Brightness [1004.0] reason changing to: 'automatic [ auto_adj ]', previous reason: 'automatic'. id=local:4630946962717273473
10-16 12:49:07.090  1580  2325 I DisplayPowerController[0]: BrightnessEvent: disp=0, brt=1004.0(user_set), rcmdBrt=NaN, preBrt=NaN, lux=0.0, preLux=0.0, hbmMax=1.0, hbmMode=off, thrmMax=1.0, flags=user_set , reason=automatic [ auto_adj ]
10-16 12:49:07.090  1580  2325 D VRR [OPlusRefreshRateService]: notifyBrightnessChange brightness: 1004.0
10-16 12:49:07.091  1580  2079 D DisplayManagerService: Delivering display event: displayId=0, event=4
10-16 12:49:07.116  1580  3052 D OplusFeatureDCBacklight: notifySfRepaintEverything begin mCurrentDCMode:0brightness=941threshold=260
10-16 12:49:07.149  1580  3052 D OplusFeatureDCBacklight: notifySfRepaintEverything begin mCurrentDCMode:0brightness=940threshold=260
10-16 12:49:07.153  1580  2325 D DisplayPowerController[0]: onChange selfChange=false uri=content://settings/system/screen_brightness
10-16 12:49:07.153  1580  2325 D OplusVFXScreenEffectFeature:  setColorFadeLevel 1.0
10-16 12:49:07.153  1580  2325 D OplusDisplayPowerControllerExtImpl: original brightness:1004 final brightness:1004.0 scale:1.0 reason:4 darkLevel:0
10-16 12:49:07.153  1580  2325 D OplusSmartBrightnessController: ReduceBrightness :  1004 --> 903
10-16 12:49:07.155  1580  2325 D DisplayPowerController[0]: Brightness [1004.0] reason changing to: 'automatic [ auto_adj ]', previous reason: 'automatic'. id=local:4630946962717273473
10-16 12:49:07.155  1580  2325 I DisplayPowerController[0]: BrightnessEvent: disp=0, brt=1004.0(user_set), rcmdBrt=NaN, preBrt=NaN, lux=0.0, preLux=0.0, hbmMax=1.0, hbmMode=off, thrmMax=1.0, flags=user_set , reason=automatic [ auto_adj ]
10-16 12:49:07.155  1580  2325 D VRR [OPlusRefreshRateService]: notifyBrightnessChange brightness: 1004.0
10-16 12:49:07.155  1580  2079 D DisplayManagerService: Delivering display event: displayId=0, event=4
10-16 12:49:07.182  1580  3052 D OplusFeatureDCBacklight: notifySfRepaintEverything begin mCurrentDCMode:0brightness=940threshold=260
10-16 12:49:07.215  1580  3052 D OplusFeatureDCBacklight: notifySfRepaintEverything begin mCurrentDCMode:0brightness=940threshold=260
10-16 12:49:07.248  1580  3052 D OplusFeatureDCBacklight: notifySfRepaintEverything begin mCurrentDCMode:0brightness=940threshold=260
10-16 12:49:07.282  1580  3052 D OplusFeatureDCBacklight: notifySfRepaintEverything begin mCurrentDCMode:0brightness=939threshold=260
10-16 12:49:07.288  1580  2325 D DisplayPowerController[0]: onChange selfChange=false uri=content://settings/system/screen_brightness
10-16 12:49:07.289  1580  2325 D OplusVFXScreenEffectFeature:  setColorFadeLevel 1.0
10-16 12:49:07.291  1580  2325 D OplusDisplayPowerControllerExtImpl: original brightness:1004 final brightness:1004.0 scale:1.0 reason:4 darkLevel:0
10-16 12:49:07.291  1580  2325 D OplusSmartBrightnessController: ReduceBrightness :  1004 --> 903
10-16 12:49:07.292  1580  2325 D DisplayPowerController[0]: Brightness [1004.0] reason changing to: 'automatic [ auto_adj ]', previous reason: 'automatic'. id=local:4630946962717273473
10-16 12:49:07.292  1580  2325 I DisplayPowerController[0]: BrightnessEvent: disp=0, brt=1004.0(user_set), rcmdBrt=NaN, preBrt=NaN, lux=0.0, preLux=0.0, hbmMax=1.0, hbmMode=off, thrmMax=1.0, flags=user_set , reason=automatic [ auto_adj ]
10-16 12:49:07.292  1580  2325 D VRR [OPlusRefreshRateService]: notifyBrightnessChange brightness: 1004.0
10-16 12:49:07.292  1580  2079 D DisplayManagerService: Delivering display event: displayId=0, event=4
10-16 12:49:07.314  1580  3052 D OplusFeatureDCBacklight: notifySfRepaintEverything begin mCurrentDCMode:0brightness=939threshold=260
10-16 12:49:07.347  1580  3052 D OplusFeatureDCBacklight: notifySfRepaintEverything begin mCurrentDCMode:0brightness=938threshold=260
10-16 12:49:07.353  1580  2325 D DisplayPowerController[0]: onChange selfChange=false uri=content://settings/system/screen_brightness
10-16 12:49:07.353  1580  2325 D OplusVFXScreenEffectFeature:  setColorFadeLevel 1.0
10-16 12:49:07.353  1580  2325 D OplusDisplayPowerControllerExtImpl: original brightness:1004 final brightness:1004.0 scale:1.0 reason:4 darkLevel:0
10-16 12:49:07.353  1580  2325 D OplusSmartBrightnessController: ReduceBrightness :  1004 --> 903
10-16 12:49:07.355  1580  2325 D DisplayPowerController[0]: Brightness [1004.0] reason changing to: 'automatic [ auto_adj ]', previous reason: 'automatic'. id=local:4630946962717273473
10-16 12:49:07.355  1580  2325 I DisplayPowerController[0]: BrightnessEvent: disp=0, brt=1004.0(user_set), rcmdBrt=NaN, preBrt=NaN, lux=0.0, preLux=0.0, hbmMax=1.0, hbmMode=off, thrmMax=1.0, flags=user_set , reason=automatic [ auto_adj ]
10-16 12:49:07.355  1580  2325 D VRR [OPlusRefreshRateService]: notifyBrightnessChange brightness: 1004.0
10-16 12:49:07.355  1580  2079 D DisplayManagerService: Delivering display event: displayId=0, event=4
10-16 12:49:07.380  1580  3052 D OplusFeatureDCBacklight: notifySfRepaintEverything begin mCurrentDCMode:0brightness=938threshold=260
10-16 12:49:07.413  1580  3052 D OplusFeatureDCBacklight: notifySfRepaintEverything begin mCurrentDCMode:0brightness=938threshold=260
10-16 12:49:07.447  1580  3052 D OplusFeatureDCBacklight: notifySfRepaintEverything begin mCurrentDCMode:0brightness=937threshold=260
10-16 12:49:07.451  1580  2325 D DisplayPowerController[0]: onChange selfChange=false uri=content://settings/system/screen_brightness
10-16 12:49:07.457  1580  2325 D OplusVFXScreenEffectFeature:  setColorFadeLevel 1.0
10-16 12:49:07.458  1580  2325 D OplusDisplayPowerControllerExtImpl: original brightness:1004 final brightness:1004.0 scale:1.0 reason:4 darkLevel:0
10-16 12:49:07.458  1580  2325 D OplusSmartBrightnessController: ReduceBrightness :  1004 --> 903
10-16 12:49:07.459  1580  2325 D DisplayPowerController[0]: Brightness [1004.0] reason changing to: 'automatic [ auto_adj ]', previous reason: 'automatic'. id=local:4630946962717273473
10-16 12:49:07.459  1580  2325 I DisplayPowerController[0]: BrightnessEvent: disp=0, brt=1004.0(user_set), rcmdBrt=NaN, preBrt=NaN, lux=0.0, preLux=0.0, hbmMax=1.0, hbmMode=off, thrmMax=1.0, flags=user_set , reason=automatic [ auto_adj ]
10-16 12:49:07.460  1580  2325 D VRR [OPlusRefreshRateService]: notifyBrightnessChange brightness: 1004.0
10-16 12:49:07.460  1580  2079 D DisplayManagerService: Delivering display event: displayId=0, event=4
10-16 12:49:07.480  1580  3052 D OplusFeatureDCBacklight: notifySfRepaintEverything begin mCurrentDCMode:0brightness=937threshold=260
10-16 12:49:07.513  1580  3052 D OplusFeatureDCBacklight: notifySfRepaintEverything begin mCurrentDCMode:0brightness=936threshold=260
10-16 12:49:07.517  1580  2325 D DisplayPowerController[0]: onChange selfChange=false uri=content://settings/system/screen_brightness
10-16 12:49:07.518  1580  2325 D OplusVFXScreenEffectFeature:  setColorFadeLevel 1.0
10-16 12:49:07.518  1580  2325 D OplusDisplayPowerControllerExtImpl: original brightness:1004 final brightness:1004.0 scale:1.0 reason:4 darkLevel:0
10-16 12:49:07.518  1580  2325 D OplusSmartBrightnessController: ReduceBrightness :  1004 --> 903
10-16 12:49:07.519  1580  2325 D DisplayPowerController[0]: Brightness [1004.0] reason changing to: 'automatic [ auto_adj ]', previous reason: 'automatic'. id=local:4630946962717273473
10-16 12:49:07.520  1580  2325 I DisplayPowerController[0]: BrightnessEvent: disp=0, brt=1004.0(user_set), rcmdBrt=NaN, preBrt=NaN, lux=0.0, preLux=0.0, hbmMax=1.0, hbmMode=off, thrmMax=1.0, flags=user_set , reason=automatic [ auto_adj ]
10-16 12:49:07.520  1580  2325 D VRR [OPlusRefreshRateService]: notifyBrightnessChange brightness: 1004.0
10-16 12:49:07.520  1580  2079 D DisplayManagerService: Delivering display event: displayId=0, event=4
10-16 12:49:07.546  1580  3052 D OplusFeatureDCBacklight: notifySfRepaintEverything begin mCurrentDCMode:0brightness=936threshold=260
10-16 12:49:07.580  1580  3052 D OplusFeatureDCBacklight: notifySfRepaintEverything begin mCurrentDCMode:0brightness=936threshold=260
10-16 12:49:07.612  1580  3052 D OplusFeatureDCBacklight: notifySfRepaintEverything begin mCurrentDCMode:0brightness=935threshold=260
10-16 12:49:07.616  1580  2325 D DisplayPowerController[0]: onChange selfChange=false uri=content://settings/system/screen_brightness
10-16 12:49:07.617  1580  2325 D OplusVFXScreenEffectFeature:  setColorFadeLevel 1.0
10-16 12:49:07.617  1580  2325 D OplusDisplayPowerControllerExtImpl: original brightness:1004 final brightness:1004.0 scale:1.0 reason:4 darkLevel:0
10-16 12:49:07.617  1580  2325 D OplusSmartBrightnessController: ReduceBrightness :  1004 --> 903
10-16 12:49:07.619  1580  2325 D DisplayPowerController[0]: Brightness [1004.0] reason changing to: 'automatic [ auto_adj ]', previous reason: 'automatic'. id=local:4630946962717273473
10-16 12:49:07.619  1580  2325 I DisplayPowerController[0]: BrightnessEvent: disp=0, brt=1004.0(user_set), rcmdBrt=NaN, preBrt=NaN, lux=0.0, preLux=0.0, hbmMax=1.0, hbmMode=off, thrmMax=1.0, flags=user_set , reason=automatic [ auto_adj ]
10-16 12:49:07.620  1580  2325 D VRR [OPlusRefreshRateService]: notifyBrightnessChange brightness: 1004.0
10-16 12:49:07.620  1580  2079 D DisplayManagerService: Delivering display event: displayId=0, event=4
10-16 12:49:07.645  1580  3052 D OplusFeatureDCBacklight: notifySfRepaintEverything begin mCurrentDCMode:0brightness=935threshold=260
10-16 12:49:07.678  1580  3052 D OplusFeatureDCBacklight: notifySfRepaintEverything begin mCurrentDCMode:0brightness=935threshold=260
10-16 12:49:07.712  1580  3052 D OplusFeatureDCBacklight: notifySfRepaintEverything begin mCurrentDCMode:0brightness=934threshold=260
10-16 12:49:07.715  1580  2325 D DisplayPowerController[0]: onChange selfChange=false uri=content://settings/system/screen_brightness
10-16 12:49:07.716  1580  2325 D OplusVFXScreenEffectFeature:  setColorFadeLevel 1.0
10-16 12:49:07.716  1580  2325 D OplusDisplayPowerControllerExtImpl: original brightness:1004 final brightness:1004.0 scale:1.0 reason:4 darkLevel:0
10-16 12:49:07.716  1580  2325 D OplusSmartBrightnessController: ReduceBrightness :  1004 --> 903
10-16 12:49:07.718  1580  2325 D DisplayPowerController[0]: Brightness [1004.0] reason changing to: 'automatic [ auto_adj ]', previous reason: 'automatic'. id=local:4630946962717273473
10-16 12:49:07.719  1580  2325 I DisplayPowerController[0]: BrightnessEvent: disp=0, brt=1004.0(user_set), rcmdBrt=NaN, preBrt=NaN, lux=0.0, preLux=0.0, hbmMax=1.0, hbmMode=off, thrmMax=1.0, flags=user_set , reason=automatic [ auto_adj ]
10-16 12:49:07.719  1580  2325 D VRR [OPlusRefreshRateService]: notifyBrightnessChange brightness: 1004.0
10-16 12:49:07.719  1580  2079 D DisplayManagerService: Delivering display event: displayId=0, event=4
10-16 12:49:07.744  1580  3052 D OplusFeatureDCBacklight: notifySfRepaintEverything begin mCurrentDCMode:0brightness=934threshold=260
10-16 12:49:07.778  1580  3052 D OplusFeatureDCBacklight: notifySfRepaintEverything begin mCurrentDCMode:0brightness=934threshold=260
10-16 12:49:07.811  1580  3052 D OplusFeatureDCBacklight: notifySfRepaintEverything begin mCurrentDCMode:0brightness=933threshold=260
10-16 12:49:07.815  1580  2325 D DisplayPowerController[0]: onChange selfChange=false uri=content://settings/system/screen_brightness
10-16 12:49:07.815  1580  2325 D OplusVFXScreenEffectFeature:  setColorFadeLevel 1.0
10-16 12:49:07.816  1580  2325 D OplusDisplayPowerControllerExtImpl: original brightness:1004 final brightness:1004.0 scale:1.0 reason:4 darkLevel:0
10-16 12:49:07.816  1580  2325 D OplusSmartBrightnessController: ReduceBrightness :  1004 --> 903
10-16 12:49:07.817  1580  2325 D DisplayPowerController[0]: Brightness [1004.0] reason changing to: 'automatic [ auto_adj ]', previous reason: 'automatic'. id=local:4630946962717273473
10-16 12:49:07.817  1580  2325 I DisplayPowerController[0]: BrightnessEvent: disp=0, brt=1004.0(user_set), rcmdBrt=NaN, preBrt=NaN, lux=0.0, preLux=0.0, hbmMax=1.0, hbmMode=off, thrmMax=1.0, flags=user_set , reason=automatic [ auto_adj ]
10-16 12:49:07.817  1580  2325 D VRR [OPlusRefreshRateService]: notifyBrightnessChange brightness: 1004.0
10-16 12:49:07.817  1580  2079 D DisplayManagerService: Delivering display event: displayId=0, event=4
10-16 12:49:07.843  1580  3052 D OplusFeatureDCBacklight: notifySfRepaintEverything begin mCurrentDCMode:0brightness=933threshold=260
10-16 12:49:07.877  1580  3052 D OplusFeatureDCBacklight: notifySfRepaintEverything begin mCurrentDCMode:0brightness=933threshold=260
10-16 12:49:07.910  1580  3052 D OplusFeatureDCBacklight: notifySfRepaintEverything begin mCurrentDCMode:0brightness=932threshold=260
10-16 12:49:07.921  1580  2325 D DisplayPowerController[0]: onChange selfChange=false uri=content://settings/system/screen_brightness
10-16 12:49:07.921  1580  2325 D OplusVFXScreenEffectFeature:  setColorFadeLevel 1.0
10-16 12:49:07.921  1580  2325 D OplusDisplayPowerControllerExtImpl: original brightness:1004 final brightness:1004.0 scale:1.0 reason:4 darkLevel:0
10-16 12:49:07.921  1580  2325 D OplusSmartBrightnessController: ReduceBrightness :  1004 --> 903
10-16 12:49:07.923  1580  2325 D DisplayPowerController[0]: Brightness [1004.0] reason changing to: 'automatic [ auto_adj ]', previous reason: 'automatic'. id=local:4630946962717273473
10-16 12:49:07.923  1580  2325 I DisplayPowerController[0]: BrightnessEvent: disp=0, brt=1004.0(user_set), rcmdBrt=NaN, preBrt=NaN, lux=0.0, preLux=0.0, hbmMax=1.0, hbmMode=off, thrmMax=1.0, flags=user_set , reason=automatic [ auto_adj ]
10-16 12:49:07.923  1580  2325 D VRR [OPlusRefreshRateService]: notifyBrightnessChange brightness: 1004.0
10-16 12:49:07.924  1580  2079 D DisplayManagerService: Delivering display event: displayId=0, event=4
10-16 12:49:07.943  1580  3052 D OplusFeatureDCBacklight: notifySfRepaintEverything begin mCurrentDCMode:0brightness=932threshold=260
10-16 12:49:07.976  1580  3052 D OplusFeatureDCBacklight: notifySfRepaintEverything begin mCurrentDCMode:0brightness=932threshold=260
10-16 12:49:08.009  1580  3052 D OplusFeatureDCBacklight: notifySfRepaintEverything begin mCurrentDCMode:0brightness=931threshold=260
10-16 12:49:08.013  1580  2325 D DisplayPowerController[0]: onChange selfChange=false uri=content://settings/system/screen_brightness
10-16 12:49:08.013  1580  2325 D OplusVFXScreenEffectFeature:  setColorFadeLevel 1.0
10-16 12:49:08.014  1580  2325 D OplusDisplayPowerControllerExtImpl: original brightness:1004 final brightness:1004.0 scale:1.0 reason:4 darkLevel:0
10-16 12:49:08.014  1580  2325 D OplusSmartBrightnessController: ReduceBrightness :  1004 --> 903
10-16 12:49:08.017  1580  2325 D DisplayPowerController[0]: Brightness [1004.0] reason changing to: 'automatic [ auto_adj ]', previous reason: 'automatic'. id=local:4630946962717273473
10-16 12:49:08.017  1580  2325 I DisplayPowerController[0]: BrightnessEvent: disp=0, brt=1004.0(user_set), rcmdBrt=NaN, preBrt=NaN, lux=0.0, preLux=0.0, hbmMax=1.0, hbmMode=off, thrmMax=1.0, flags=user_set , reason=automatic [ auto_adj ]
10-16 12:49:08.018  1580  2325 D VRR [OPlusRefreshRateService]: notifyBrightnessChange brightness: 1004.0
10-16 12:49:08.018  1580  2079 D DisplayManagerService: Delivering display event: displayId=0, event=4
10-16 12:49:08.043  1580  3052 D OplusFeatureDCBacklight: notifySfRepaintEverything begin mCurrentDCMode:0brightness=931threshold=260
10-16 12:49:08.076  1580  3052 D OplusFeatureDCBacklight: notifySfRepaintEverything begin mCurrentDCMode:0brightness=930threshold=260
10-16 12:49:08.087  1580  2325 D DisplayPowerController[0]: onChange selfChange=false uri=content://settings/system/screen_brightness
10-16 12:49:08.088  1580  2325 D OplusVFXScreenEffectFeature:  setColorFadeLevel 1.0
10-16 12:49:08.088  1580  2325 D OplusDisplayPowerControllerExtImpl: original brightness:1004 final brightness:1004.0 scale:1.0 reason:4 darkLevel:0
10-16 12:49:08.088  1580  2325 D OplusSmartBrightnessController: ReduceBrightness :  1004 --> 903
10-16 12:49:08.089  1580  2325 D DisplayPowerController[0]: Brightness [1004.0] reason changing to: 'automatic [ auto_adj ]', previous reason: 'automatic'. id=local:4630946962717273473
10-16 12:49:08.089  1580  2325 I DisplayPowerController[0]: BrightnessEvent: disp=0, brt=1004.0(user_set), rcmdBrt=NaN, preBrt=NaN, lux=0.0, preLux=0.0, hbmMax=1.0, hbmMode=off, thrmMax=1.0, flags=user_set , reason=automatic [ auto_adj ]
10-16 12:49:08.089  1580  2325 D VRR [OPlusRefreshRateService]: notifyBrightnessChange brightness: 1004.0
10-16 12:49:08.090  1580  2079 D DisplayManagerService: Delivering display event: displayId=0, event=4
10-16 12:49:08.109  1580  3052 D OplusFeatureDCBacklight: notifySfRepaintEverything begin mCurrentDCMode:0brightness=930threshold=260
10-16 12:49:08.141  1580  3052 D OplusFeatureDCBacklight: notifySfRepaintEverything begin mCurrentDCMode:0brightness=930threshold=260
10-16 12:49:08.209  1580  3052 D OplusFeatureDCBacklight: notifySfRepaintEverything begin mCurrentDCMode:0brightness=929threshold=260
10-16 12:49:08.216  1580  2325 D DisplayPowerController[0]: onChange selfChange=false uri=content://settings/system/screen_brightness
10-16 12:49:08.216  1580  2325 D OplusVFXScreenEffectFeature:  setColorFadeLevel 1.0
10-16 12:49:08.216  1580  2325 D OplusDisplayPowerControllerExtImpl: original brightness:1004 final brightness:1004.0 scale:1.0 reason:4 darkLevel:0
10-16 12:49:08.217  1580  2325 D OplusSmartBrightnessController: ReduceBrightness :  1004 --> 903
10-16 12:49:08.218  1580  2325 D DisplayPowerController[0]: Brightness [1004.0] reason changing to: 'automatic [ auto_adj ]', previous reason: 'automatic'. id=local:4630946962717273473
10-16 12:49:08.218  1580  2325 I DisplayPowerController[0]: BrightnessEvent: disp=0, brt=1004.0(user_set), rcmdBrt=NaN, preBrt=NaN, lux=0.0, preLux=0.0, hbmMax=1.0, hbmMode=off, thrmMax=1.0, flags=user_set , reason=automatic [ auto_adj ]
10-16 12:49:08.218  1580  2325 D VRR [OPlusRefreshRateService]: notifyBrightnessChange brightness: 1004.0
10-16 12:49:08.221  1580  2079 D DisplayManagerService: Delivering display event: displayId=0, event=4
10-16 12:49:08.256  1580  3052 D OplusFeatureDCBacklight: notifySfRepaintEverything begin mCurrentDCMode:0brightness=928threshold=260
10-16 12:49:08.260  1580  2325 D DisplayPowerController[0]: onChange selfChange=false uri=content://settings/system/screen_brightness
10-16 12:49:08.260  1580  2325 D OplusVFXScreenEffectFeature:  setColorFadeLevel 1.0
10-16 12:49:08.261  1580  2325 D OplusDisplayPowerControllerExtImpl: original brightness:1004 final brightness:1004.0 scale:1.0 reason:4 darkLevel:0
10-16 12:49:08.261  1580  2325 D OplusSmartBrightnessController: ReduceBrightness :  1004 --> 903
10-16 12:49:08.262  1580  2325 D DisplayPowerController[0]: Brightness [1004.0] reason changing to: 'automatic [ auto_adj ]', previous reason: 'automatic'. id=local:4630946962717273473
10-16 12:49:08.262  1580  2325 I DisplayPowerController[0]: BrightnessEvent: disp=0, brt=1004.0(user_set), rcmdBrt=NaN, preBrt=NaN, lux=0.0, preLux=0.0, hbmMax=1.0, hbmMode=off, thrmMax=1.0, flags=user_set , reason=automatic [ auto_adj ]
10-16 12:49:08.262  1580  2325 D VRR [OPlusRefreshRateService]: notifyBrightnessChange brightness: 1004.0
10-16 12:49:08.262  1580  2079 D DisplayManagerService: Delivering display event: displayId=0, event=4
10-16 12:49:08.284  1580  2328 D OplusSmartBrightnessController: handleMessage MSG_LUX_CHANGED, mLux:123.72872 luxQueue=[124.75754, 124.75754, 124.75754, 124.75754, 124.75754, 118.450645]
10-16 12:49:08.306  1580  3052 D OplusFeatureDCBacklight: notifySfRepaintEverything begin mCurrentDCMode:0brightness=928threshold=260
10-16 12:49:08.320  1580  2316 D ProcessCpuTrackerExtImpl: mContext is already set, return now! 
10-16 12:49:08.339  1580  3052 D OplusFeatureDCBacklight: notifySfRepaintEverything begin mCurrentDCMode:0brightness=928threshold=260
10-16 12:49:08.372  1580  3052 D OplusFeatureDCBacklight: notifySfRepaintEverything begin mCurrentDCMode:0brightness=927threshold=260
10-16 12:49:08.384  1580  2325 D DisplayPowerController[0]: onChange selfChange=false uri=content://settings/system/screen_brightness
10-16 12:49:08.384  1580  2325 D OplusVFXScreenEffectFeature:  setColorFadeLevel 1.0
10-16 12:49:08.384  1580  2325 D OplusDisplayPowerControllerExtImpl: original brightness:1004 final brightness:1004.0 scale:1.0 reason:4 darkLevel:0
10-16 12:49:08.384  1580  2325 D OplusSmartBrightnessController: ReduceBrightness :  1004 --> 903
10-16 12:49:08.385  1580  2325 D DisplayPowerController[0]: Brightness [1004.0] reason changing to: 'automatic [ auto_adj ]', previous reason: 'automatic'. id=local:4630946962717273473
10-16 12:49:08.386  1580  2325 I DisplayPowerController[0]: BrightnessEvent: disp=0, brt=1004.0(user_set), rcmdBrt=NaN, preBrt=NaN, lux=0.0, preLux=0.0, hbmMax=1.0, hbmMode=off, thrmMax=1.0, flags=user_set , reason=automatic [ auto_adj ]
10-16 12:49:08.386  1580  2325 D VRR [OPlusRefreshRateService]: notifyBrightnessChange brightness: 1004.0
10-16 12:49:08.386  1580  2079 D DisplayManagerService: Delivering display event: displayId=0, event=4
10-16 12:49:08.439  1580  3052 D OplusFeatureDCBacklight: notifySfRepaintEverything begin mCurrentDCMode:0brightness=927threshold=260
10-16 12:49:08.507  1580  3052 D OplusFeatureDCBacklight: notifySfRepaintEverything begin mCurrentDCMode:0brightness=926threshold=260
10-16 12:49:08.519  1580  2325 D DisplayPowerController[0]: onChange selfChange=false uri=content://settings/system/screen_brightness
10-16 12:49:08.520  1580  2325 D OplusVFXScreenEffectFeature:  setColorFadeLevel 1.0
10-16 12:49:08.520  1580  2325 D OplusDisplayPowerControllerExtImpl: original brightness:1004 final brightness:1004.0 scale:1.0 reason:4 darkLevel:0
10-16 12:49:08.520  1580  2325 D OplusSmartBrightnessController: ReduceBrightness :  1004 --> 903
10-16 12:49:08.522  1580  2325 D DisplayPowerController[0]: Brightness [1004.0] reason changing to: 'automatic [ auto_adj ]', previous reason: 'automatic'. id=local:4630946962717273473
10-16 12:49:08.522  1580  2325 I DisplayPowerController[0]: BrightnessEvent: disp=0, brt=1004.0(user_set), rcmdBrt=NaN, preBrt=NaN, lux=0.0, preLux=0.0, hbmMax=1.0, hbmMode=off, thrmMax=1.0, flags=user_set , reason=automatic [ auto_adj ]
10-16 12:49:08.522  1580  2325 D VRR [OPlusRefreshRateService]: notifyBrightnessChange brightness: 1004.0
10-16 12:49:08.523  1580  2079 D DisplayManagerService: Delivering display event: displayId=0, event=4
10-16 12:49:08.572  1580  3052 D OplusFeatureDCBacklight: notifySfRepaintEverything begin mCurrentDCMode:0brightness=925threshold=260
10-16 12:49:08.582  1580  2325 D DisplayPowerController[0]: onChange selfChange=false uri=content://settings/system/screen_brightness
10-16 12:49:08.583  1580  2325 D OplusVFXScreenEffectFeature:  setColorFadeLevel 1.0
10-16 12:49:08.583  1580  2325 D OplusDisplayPowerControllerExtImpl: original brightness:1004 final brightness:1004.0 scale:1.0 reason:4 darkLevel:0
10-16 12:49:08.583  1580  2325 D OplusSmartBrightnessController: ReduceBrightness :  1004 --> 903
10-16 12:49:08.584  1580  2325 D DisplayPowerController[0]: Brightness [1004.0] reason changing to: 'automatic [ auto_adj ]', previous reason: 'automatic'. id=local:4630946962717273473
10-16 12:49:08.585  1580  2325 I DisplayPowerController[0]: BrightnessEvent: disp=0, brt=1004.0(user_set), rcmdBrt=NaN, preBrt=NaN, lux=0.0, preLux=0.0, hbmMax=1.0, hbmMode=off, thrmMax=1.0, flags=user_set , reason=automatic [ auto_adj ]
10-16 12:49:08.585  1580  2325 D VRR [OPlusRefreshRateService]: notifyBrightnessChange brightness: 1004.0
10-16 12:49:08.585  1580  2079 D DisplayManagerService: Delivering display event: displayId=0, event=4
10-16 12:49:08.621  1580  3052 D OplusFeatureDCBacklight: notifySfRepaintEverything begin mCurrentDCMode:0brightness=924threshold=260
10-16 12:49:08.628  1580  2325 D DisplayPowerController[0]: onChange selfChange=false uri=content://settings/system/screen_brightness
10-16 12:49:08.628  1580  2325 D OplusVFXScreenEffectFeature:  setColorFadeLevel 1.0
10-16 12:49:08.629  1580  2325 D OplusDisplayPowerControllerExtImpl: original brightness:1004 final brightness:1004.0 scale:1.0 reason:4 darkLevel:0
10-16 12:49:08.629  1580  2325 D OplusSmartBrightnessController: ReduceBrightness :  1004 --> 903
10-16 12:49:08.630  1580  2325 D DisplayPowerController[0]: Brightness [1004.0] reason changing to: 'automatic [ auto_adj ]', previous reason: 'automatic'. id=local:4630946962717273473
10-16 12:49:08.630  1580  2325 I DisplayPowerController[0]: BrightnessEvent: disp=0, brt=1004.0(user_set), rcmdBrt=NaN, preBrt=NaN, lux=0.0, preLux=0.0, hbmMax=1.0, hbmMode=off, thrmMax=1.0, flags=user_set , reason=automatic [ auto_adj ]
10-16 12:49:08.630  1580  2325 D VRR [OPlusRefreshRateService]: notifyBrightnessChange brightness: 1004.0
10-16 12:49:08.630  1580  2079 D DisplayManagerService: Delivering display event: displayId=0, event=4
10-16 12:49:08.670  1580  3052 D OplusFeatureDCBacklight: notifySfRepaintEverything begin mCurrentDCMode:0brightness=924threshold=260
10-16 12:49:08.704  1580  3052 D OplusFeatureDCBacklight: notifySfRepaintEverything begin mCurrentDCMode:0brightness=924threshold=260
10-16 12:49:08.752  1580  3052 D OplusFeatureDCBacklight: notifySfRepaintEverything begin mCurrentDCMode:0brightness=923threshold=260
10-16 12:49:08.758  1580  2325 D DisplayPowerController[0]: onChange selfChange=false uri=content://settings/system/screen_brightness
10-16 12:49:08.758  1580  2325 D OplusVFXScreenEffectFeature:  setColorFadeLevel 1.0
10-16 12:49:08.759  1580  2325 D OplusDisplayPowerControllerExtImpl: original brightness:1004 final brightness:1004.0 scale:1.0 reason:4 darkLevel:0
10-16 12:49:08.759  1580  2325 D OplusSmartBrightnessController: ReduceBrightness :  1004 --> 903
10-16 12:49:08.760  1580  2325 D DisplayPowerController[0]: Brightness [1004.0] reason changing to: 'automatic [ auto_adj ]', previous reason: 'automatic'. id=local:4630946962717273473
10-16 12:49:08.760  1580  2325 I DisplayPowerController[0]: BrightnessEvent: disp=0, brt=1004.0(user_set), rcmdBrt=NaN, preBrt=NaN, lux=0.0, preLux=0.0, hbmMax=1.0, hbmMode=off, thrmMax=1.0, flags=user_set , reason=automatic [ auto_adj ]
10-16 12:49:08.760  1580  2325 D VRR [OPlusRefreshRateService]: notifyBrightnessChange brightness: 1004.0
10-16 12:49:08.764  1580  2079 D DisplayManagerService: Delivering display event: displayId=0, event=4
10-16 12:49:08.785  1580  3052 D OplusFeatureDCBacklight: notifySfRepaintEverything begin mCurrentDCMode:0brightness=923threshold=260
10-16 12:49:08.819  1580  3052 D OplusFeatureDCBacklight: notifySfRepaintEverything begin mCurrentDCMode:0brightness=922threshold=260
10-16 12:49:08.824  1580  2325 D DisplayPowerController[0]: onChange selfChange=false uri=content://settings/system/screen_brightness
10-16 12:49:08.824  1580  2325 D OplusVFXScreenEffectFeature:  setColorFadeLevel 1.0
10-16 12:49:08.824  1580  2325 D OplusDisplayPowerControllerExtImpl: original brightness:1004 final brightness:1004.0 scale:1.0 reason:4 darkLevel:0
10-16 12:49:08.824  1580  2325 D OplusSmartBrightnessController: ReduceBrightness :  1004 --> 903
10-16 12:49:08.825  1580  2325 D DisplayPowerController[0]: Brightness [1004.0] reason changing to: 'automatic [ auto_adj ]', previous reason: 'automatic'. id=local:4630946962717273473
10-16 12:49:08.826  1580  2325 I DisplayPowerController[0]: BrightnessEvent: disp=0, brt=1004.0(user_set), rcmdBrt=NaN, preBrt=NaN, lux=0.0, preLux=0.0, hbmMax=1.0, hbmMode=off, thrmMax=1.0, flags=user_set , reason=automatic [ auto_adj ]
10-16 12:49:08.826  1580  2325 D VRR [OPlusRefreshRateService]: notifyBrightnessChange brightness: 1004.0
10-16 12:49:08.826  1580  2079 D DisplayManagerService: Delivering display event: displayId=0, event=4
10-16 12:49:08.852  1580  3052 D OplusFeatureDCBacklight: notifySfRepaintEverything begin mCurrentDCMode:0brightness=922threshold=260
10-16 12:49:08.885  1580  3052 D OplusFeatureDCBacklight: notifySfRepaintEverything begin mCurrentDCMode:0brightness=922threshold=260
10-16 12:49:08.918  1580  3052 D OplusFeatureDCBacklight: notifySfRepaintEverything begin mCurrentDCMode:0brightness=921threshold=260
10-16 12:49:08.924  1580  2325 D DisplayPowerController[0]: onChange selfChange=false uri=content://settings/system/screen_brightness
10-16 12:49:08.924  1580  2325 D OplusVFXScreenEffectFeature:  setColorFadeLevel 1.0
10-16 12:49:08.925  1580  2325 D OplusDisplayPowerControllerExtImpl: original brightness:1004 final brightness:1004.0 scale:1.0 reason:4 darkLevel:0
10-16 12:49:08.925  1580  2325 D OplusSmartBrightnessController: ReduceBrightness :  1004 --> 903
10-16 12:49:08.926  1580  2325 D DisplayPowerController[0]: Brightness [1004.0] reason changing to: 'automatic [ auto_adj ]', previous reason: 'automatic'. id=local:4630946962717273473
10-16 12:49:08.927  1580  2325 I DisplayPowerController[0]: BrightnessEvent: disp=0, brt=1004.0(user_set), rcmdBrt=NaN, preBrt=NaN, lux=0.0, preLux=0.0, hbmMax=1.0, hbmMode=off, thrmMax=1.0, flags=user_set , reason=automatic [ auto_adj ]
10-16 12:49:08.927  1580  2325 D VRR [OPlusRefreshRateService]: notifyBrightnessChange brightness: 1004.0
10-16 12:49:08.927  1580  2079 D DisplayManagerService: Delivering display event: displayId=0, event=4
10-16 12:49:08.951  1580  3052 D OplusFeatureDCBacklight: notifySfRepaintEverything begin mCurrentDCMode:0brightness=921threshold=260
10-16 12:49:08.984  1580  3052 D OplusFeatureDCBacklight: notifySfRepaintEverything begin mCurrentDCMode:0brightness=920threshold=260
10-16 12:49:08.994  1580  2325 D DisplayPowerController[0]: onChange selfChange=false uri=content://settings/system/screen_brightness
10-16 12:49:08.995  1580  2325 D OplusVFXScreenEffectFeature:  setColorFadeLevel 1.0
10-16 12:49:08.995  1580  2325 D OplusDisplayPowerControllerExtImpl: original brightness:1004 final brightness:1004.0 scale:1.0 reason:4 darkLevel:0
