10-16 12:48:51.327  1580  4243 D ActivityTaskManager: getStartingWindowType: newTask=false, taskSwitch=true, processRunning=true, allowTaskSnapshot=true, activityCreated=true, snapshot=TaskSnapshot{ mId=1760611548450 mTopActivityComponent=com.android.chrome/org.chromium.chrome.browser.ChromeTabbedActivity mSnapshot=android.hardware.HardwareBuffer@b57ea02 (1080x2400) mColorSpace=sRGB IEC61966-2.1 (id=0, model=RGB) mOrientation=1 mRotation=0 mTaskSize=Point(1080, 2400) mContentInsets=[0,110][0,0] mLetterboxInsets=[0,0][0,0] mIsLowResolution=false mIsRealSnapshot=true mWindowingMode=1 mAppearance=0 mIsTranslucent=true mHasImeSurface=false, record:ActivityRecord{a1f168f u0 com.android.chrome/com.google.android.apps.chrome.Main} t1151022}
10-16 12:48:51.330  3216  3381 D PhoneStartingWindowTypeAlgorithm: preferredStartingWindowType newTask=false, taskSwitch=true, processRunning=true, allowTaskSnapshot=true, activityCreated=true, isSolidColorSplashScreen=false, legacySplashScreen=false, activityDrawn=true, topIsHome=false
10-16 12:48:51.338  1580  4712 D OplusFullScreenDisplayManager: adjustWindowParamsLw com.android.chrome, no change cutoutMode: 0
10-16 12:48:51.341  1580  4712 I WindowManager: addWindow: New client android.os.BinderProxy@d476f13 : window=Window{6f44550 u0 SnapshotStartingWindow for taskId=1151022}
10-16 12:48:51.344  1580  4056 D OplusFullScreenDisplayManager: adjustWindowParamsLw com.android.chrome, no change cutoutMode: 0
10-16 12:48:51.344  1580  4056 V WindowManager: Relayout Window{6f44550 u0 SnapshotStartingWindow for taskId=1151022}: viewVisibility=0, oldvis=8, req=-1x-1
10-16 12:48:51.354  3216  3381 W ShellStartingWindow: create TaskSnapshotWindow snapshot frame:Rect(0, 0 - 1080, 2400), tmpFrames:Rect(0, 0 - 1080, 2400)
10-16 12:48:51.356  1580  4056 D WindowManager: finishDrawingWindow: Window{6f44550 u0 SnapshotStartingWindow for taskId=1151022} mDrawState=DRAW_PENDING
10-16 12:48:51.371  1580  4056 D InputMethodManagerService: isSecurity: attribute.packageName=com.android.launcher mCurMethodId=com.touchtype.swiftkey/com.touchtype.KeyboardService
10-16 12:48:51.371  1580  4056 D InputMethodManagerService: isSecurity= false (  enable=false needShow=false inBlackList=false isExist=true )
10-16 12:48:51.372  3740  3740 I Quality : Skipped: false 4 cost 74.12763 refreshRate 16526513 bit true processName com.android.launcher
10-16 12:48:51.377  1580  4243 D OplusKeepAliveManager: TOP_APP is ProcessRecord{3e81aba 11470:com.android.chrome/u0a155} uid is 10155
10-16 12:48:51.379  1580  4056 I OplusJoystickManager: handleApplicationSwitch deprecated!
10-16 12:48:51.379  1580  3885 D OplusAppSwitchListener: Detect com.android.launcher switch to background
10-16 12:48:51.379  1580  3885 D OplusEapManager: mTargetExitName :com.android.launcher
10-16 12:48:51.380  1580  3885 D VRR [OPlusFrontAppManager]: OnAppSwitchObserver: onAppExit , info.targetName = com.android.launcher
10-16 12:48:51.380  1580  3885 D VRR [OPlusFrontAppManager]: packageName: null
10-16 12:48:51.380  1580  2373 D VRR [OPlusRefreshRateService]: handleFrontAppChange pkgName: null
10-16 12:48:51.380  1580  2373 D VRR [OPlusExternalRefreshRateManager]: setFrontPackageName pkgName: null CurPkgName: com.android.launcher
10-16 12:48:51.381  1580  4712 W AutofillManagerServiceImpl: getFillEventHistory() called by UID 10165, but service UID is 10139
10-16 12:48:51.383  1580  3885 D OplusFeatureReduceBrightness: OnAppSwitchObserver: onAppEnter , info = OplusAppEnterInfo = {  windowMode = 1 targetName = com.android.chrome multiApp = false firstStart = false launchedFromPackage = com.android.launcher intent = Intent { act=android.intent.action.MAIN cat=[android.intent.category.LAUNCHER] flg=0x10200000 cmp=com.android.chrome/com.google.android.apps.chrome.Main mCallingUid=10096 } extension = Bundle[{taskId=1151022, pid=11470, uid=10155, versionCode=739007033}]}
10-16 12:48:51.384  1580  4056 D TaskFragmentExtImpl: addColorModeOnResume resume=true pkg = com.android.chrome
10-16 12:48:51.385  1580  3885 D OplusAppSwitchListener: Detect com.android.chrome switch to foreground
10-16 12:48:51.385  1580  3885 D OplusEapManager: mTargetEnterName :com.android.chrome
10-16 12:48:51.386  1580  3885 D VRR [OPlusFrontAppManager]: OnAppSwitchObserver: onAppEnter , info.targetName = com.android.chrome
10-16 12:48:51.386  1580  3885 D VRR [OPlusFrontAppManager]: packageName: com.android.chrome
10-16 12:48:51.386  1580  2373 D VRR [OPlusRefreshRateService]: handleFrontAppChange pkgName: com.android.chrome
10-16 12:48:51.386  1580  2373 D VRR [OPlusExternalRefreshRateManager]: setFrontPackageName pkgName: com.android.chrome CurPkgName: null
10-16 12:48:51.389  1580  4056 V OplusZoomWindowManagerService: onAnimationFinished:  r = ActivityRecord{6543f99 u0 com.android.launcher/.Launcher} t6}
10-16 12:48:51.389  1580  4056 V OplusZoomWindowManagerService: onAnimationFinished:  r = ActivityRecord{a1f168f u0 com.android.chrome/com.google.android.apps.chrome.Main} t1151022}
10-16 12:48:51.389  1580  4056 I OplusAppSwitchManagerService:  handleAppVisible , r = ActivityRecord{a1f168f u0 com.android.chrome/com.google.android.apps.chrome.Main} t1151022}
10-16 12:48:51.389  1580  4056 I OplusAppSwitchManagerService:  handleAppVisible , r = ActivityRecord{a1f168f u0 com.android.chrome/com.google.android.apps.chrome.Main} t1151022}
10-16 12:48:51.394  1580  4056 I WindowStateExtImpl: onSurfaceShowChange show = false mPackageName = com.android.launcher parentPkgName = com.android.launcher
10-16 12:48:51.395  1580  4056 I WindowStateExtImpl: onSurfaceShowChange show = true mPackageName = com.android.chrome parentPkgName = com.android.chrome
10-16 12:48:51.411  1580  3829 V WindowManager: Relayout Window{fba6b48 u0 com.android.launcher/com.android.launcher.Launcher}: viewVisibility=8, oldvis=0, req=1080x2400
10-16 12:48:51.426  1580  4712 V WindowManager: Relayout Window{f5679ec u0 com.android.launcher/com.android.launcher.Launcher}: viewVisibility=8, oldvis=0, req=1080x2400
10-16 12:48:51.449  1580  7221 D CoreBackPreview: Window{5801fd1 u0 com.android.chrome/com.google.android.apps.chrome.Main}: Setting back callback OnBackInvokedCallbackInfo{mCallback=android.window.IOnBackInvokedCallback$Stub$Proxy@aeeb561, mPriority=0}
10-16 12:48:51.524 11470 11470 I Quality : Skipped: false 4 cost 74.824684 refreshRate 16523801 bit true processName com.android.chrome
10-16 12:48:51.526  1580  4243 D OplusFullScreenDisplayManager: adjustWindowParamsLw com.android.chrome, no change cutoutMode: 0
10-16 12:48:51.526  1580  4243 V WindowManager: Relayout Window{5801fd1 u0 com.android.chrome/com.google.android.apps.chrome.Main}: viewVisibility=0, oldvis=8, req=1080x2400
10-16 12:48:51.533  1580  7221 D InputMethodManagerService: isSecurity: attribute.packageName=com.android.launcher mCurMethodId=com.touchtype.swiftkey/com.touchtype.KeyboardService
10-16 12:48:51.533  1580  7221 D InputMethodManagerService: isSecurity= false (  enable=false needShow=false inBlackList=false isExist=true )
10-16 12:48:51.536  1580  4243 V WindowManager: Changing focus from null to Window{5801fd1 u0 com.android.chrome/com.google.android.apps.chrome.Main},diplayid=0
10-16 12:48:51.541  1580  7221 D InputMethodManagerService: isSecurity: attribute.packageName=com.android.launcher mCurMethodId=com.touchtype.swiftkey/com.touchtype.KeyboardService
10-16 12:48:51.541  1580  7221 D InputMethodManagerService: isSecurity= false (  enable=false needShow=false inBlackList=false isExist=true )
10-16 12:48:51.541  1580  7221 D InputMethodManagerService: startInputOrWindowGainedFocus:  reset Secure =false
10-16 12:48:51.561  1580  7221 D OplusActivityManagerServiceEnhance: setGlThreads detect 18182 18220
10-16 12:48:51.642  1580  7324 D WindowManager: finishDrawingWindow: Window{5801fd1 u0 com.android.chrome/com.google.android.apps.chrome.Main} mDrawState=DRAW_PENDING
10-16 12:48:51.656  1580  2080 D OplusStartingWindowManager: interceptRemoveStartingWindow: packageName=com.android.chrome, isSnapshot=true, startingSurfaceRunnable=null
10-16 12:48:51.656  1580  2080 D OplusSplitScreenManagerService: notifyRemoveStartingWindow mOplusSpiltScreenDnDUI is null, just return!
10-16 12:48:51.670  1580  4243 D InputMethodManagerService: isSecurity: attribute.packageName=com.android.chrome mCurMethodId=com.touchtype.swiftkey/com.touchtype.KeyboardService
10-16 12:48:51.670  1580  4243 D InputMethodManagerService: isSecurity= false (  enable=false needShow=false inBlackList=false isExist=true )
10-16 12:48:51.702  1580  7221 D InputMethodManagerService: onHandleImeWindowVisibleStatus: vis = 0, needsToShowImeSwitcher = false
10-16 12:48:51.820  1580  1580 D PowerManagerService: userActivityNoUpdateLocked: groupId=0, eventTime=165614652, event=0, flags=0x0, uid=1000
10-16 12:48:51.827  1580  1580 D PowerManagerService: userActivityNoUpdateLocked: groupId=0, eventTime=165614660, event=0, flags=0x0, uid=1000
10-16 12:48:51.835  1580  1580 D PowerManagerService: userActivityNoUpdateLocked: groupId=0, eventTime=165614668, event=0, flags=0x0, uid=1000
10-16 12:48:51.842  1580  1580 D PowerManagerService: userActivityNoUpdateLocked: groupId=0, eventTime=165614675, event=0, flags=0x0, uid=1000
10-16 12:48:51.849  1580  1580 D PowerManagerService: userActivityNoUpdateLocked: groupId=0, eventTime=165614682, event=0, flags=0x0, uid=1000
10-16 12:48:51.857  1580  1580 D PowerManagerService: userActivityNoUpdateLocked: groupId=0, eventTime=165614690, event=0, flags=0x0, uid=1000
10-16 12:48:51.865  1580  1580 D PowerManagerService: userActivityNoUpdateLocked: groupId=0, eventTime=165614697, event=0, flags=0x0, uid=1000
10-16 12:48:51.872  1580  1580 D PowerManagerService: userActivityNoUpdateLocked: groupId=0, eventTime=165614704, event=0, flags=0x0, uid=1000
10-16 12:48:51.879  1580  1580 D PowerManagerService: userActivityNoUpdateLocked: groupId=0, eventTime=165614711, event=0, flags=0x0, uid=1000
10-16 12:48:51.886  1580  2325 D CameraDelegate: handleMessage:200
10-16 12:48:51.943  1580  2080 I WindowStateExtImpl: onSurfaceShowChange show = false mPackageName = com.android.chrome parentPkgName = com.android.chrome
10-16 12:48:52.075  1580  2895 D PowerManagerService: userActivityNoUpdateLocked: groupId=0, eventTime=165614652, event=2, flags=0x0, uid=1000
10-16 12:48:52.101  1580  2969 W DevicePolicyManager: Unknown user type: UserInfo{999:MultiApp:4001010}
10-16 12:48:52.101  1580  2969 W DevicePolicyManager: Unknown user type: UserInfo{999:MultiApp:4001010}
10-16 12:48:52.101  1580  2969 W DevicePolicyManager: Unknown user type: UserInfo{999:MultiApp:4001010}
10-16 12:48:52.101  1580  2969 W DevicePolicyManager: Unknown user type: UserInfo{999:MultiApp:4001010}
10-16 12:48:52.102  1580  2969 W DevicePolicyManager: Unknown user type: UserInfo{999:MultiApp:4001010}
10-16 12:48:52.102  1580  2969 W DevicePolicyManager: Unknown user type: UserInfo{999:MultiApp:4001010}
10-16 12:48:52.102  1580  2969 W DevicePolicyManager: Unknown user type: UserInfo{999:MultiApp:4001010}
10-16 12:48:52.103  1580  2969 W DevicePolicyManager: Unknown user type: UserInfo{999:MultiApp:4001010}
10-16 12:48:52.103  1580  2969 W DevicePolicyManager: Unknown user type: UserInfo{999:MultiApp:4001010}
10-16 12:48:52.104  1580  2969 W DevicePolicyManager: Unknown user type: UserInfo{999:MultiApp:4001010}
10-16 12:48:52.104  1580  2969 W DevicePolicyManager: Unknown user type: UserInfo{999:MultiApp:4001010}
10-16 12:48:52.104  1580  2969 W DevicePolicyManager: Unknown user type: UserInfo{999:MultiApp:4001010}
10-16 12:48:52.104  1580  2969 W DevicePolicyManager: Unknown user type: UserInfo{999:MultiApp:4001010}
10-16 12:48:52.104  1580  2969 W DevicePolicyManager: Unknown user type: UserInfo{999:MultiApp:4001010}
10-16 12:48:52.104  1580  2969 W DevicePolicyManager: Unknown user type: UserInfo{999:MultiApp:4001010}
10-16 12:48:52.105  1580  2969 W DevicePolicyManager: Unknown user type: UserInfo{999:MultiApp:4001010}
10-16 12:48:52.105  1580  2969 W DevicePolicyManager: Unknown user type: UserInfo{999:MultiApp:4001010}
10-16 12:48:52.105  1580  2969 W DevicePolicyManager: Unknown user type: UserInfo{999:MultiApp:4001010}
10-16 12:48:52.105  1580  2969 W DevicePolicyManager: Unknown user type: UserInfo{999:MultiApp:4001010}
10-16 12:48:52.105  1580  2969 W DevicePolicyManager: Unknown user type: UserInfo{999:MultiApp:4001010}
10-16 12:48:52.105  1580  2969 W DevicePolicyManager: Unknown user type: UserInfo{999:MultiApp:4001010}
10-16 12:48:52.105  1580  2969 W DevicePolicyManager: Unknown user type: UserInfo{999:MultiApp:4001010}
10-16 12:48:52.105  1580  2969 W DevicePolicyManager: Unknown user type: UserInfo{999:MultiApp:4001010}
10-16 12:48:52.105  1580  2969 W DevicePolicyManager: Unknown user type: UserInfo{999:MultiApp:4001010}
10-16 12:48:52.106  1580  2969 W DevicePolicyManager: Unknown user type: UserInfo{999:MultiApp:4001010}
10-16 12:48:52.106  1580  2969 W DevicePolicyManager: Unknown user type: UserInfo{999:MultiApp:4001010}
10-16 12:48:52.106  1580  2969 W DevicePolicyManager: Unknown user type: UserInfo{999:MultiApp:4001010}
10-16 12:48:52.106  1580  2969 W DevicePolicyManager: Unknown user type: UserInfo{999:MultiApp:4001010}
10-16 12:48:52.106  1580  2969 W DevicePolicyManager: Unknown user type: UserInfo{999:MultiApp:4001010}
10-16 12:48:52.106  1580  2969 W DevicePolicyManager: Unknown user type: UserInfo{999:MultiApp:4001010}
10-16 12:48:52.107  1580  2969 W DevicePolicyManager: Unknown user type: UserInfo{999:MultiApp:4001010}
10-16 12:48:52.107  1580  2969 W DevicePolicyManager: Unknown user type: UserInfo{999:MultiApp:4001010}
10-16 12:48:52.107  1580  2969 W DevicePolicyManager: Unknown user type: UserInfo{999:MultiApp:4001010}
10-16 12:48:52.107  1580  2969 W DevicePolicyManager: Unknown user type: UserInfo{999:MultiApp:4001010}
10-16 12:48:52.108  1580  2969 W DevicePolicyManager: Unknown user type: UserInfo{999:MultiApp:4001010}
10-16 12:48:52.108  1580  2969 W DevicePolicyManager: Unknown user type: UserInfo{999:MultiApp:4001010}
10-16 12:48:52.108  1580  2969 W DevicePolicyManager: Unknown user type: UserInfo{999:MultiApp:4001010}
10-16 12:48:52.108  1580  2969 W DevicePolicyManager: Unknown user type: UserInfo{999:MultiApp:4001010}
10-16 12:48:52.126  1580  3419 D OplusFullScreenDisplayManager: adjustWindowParamsLw com.android.chrome, no change cutoutMode: 0
10-16 12:48:52.126  1580  3419 V WindowManager: Relayout Window{5801fd1 u0 com.android.chrome/com.google.android.apps.chrome.Main}: viewVisibility=0, oldvis=0, req=1080x2400
10-16 12:48:52.133  1580  3419 D WindowManager: Acquiring screen wakelock due to Window{5801fd1 u0 com.android.chrome/com.google.android.apps.chrome.Main}
10-16 12:48:52.133  1580  3419 D OplusAONSmartDim: onWakeLockAcquireLocked: lock=128258927, flags=0x2000000a, packageName=android, tag="WindowManager", ws=WorkSource{10155}, uid=1000, pid=1580
10-16 12:48:52.220  1580  4056 D OplusActivityManagerServiceEnhance: setGlThreads detect 18182 6668
10-16 12:48:52.229  1580  2924 V OplusNPMS: getWarningNotification numWarningNotificaion10
10-16 12:48:52.229  1580  2924 V OplusNPMS: getWarningNotification numWarningNotificaion10
10-16 12:48:52.229  1580  2924 V OplusNPMS: getLimitNotificationState subID=2
10-16 12:48:52.229  1580  2924 V OplusNPMS: getLimitNotificationState mSubidToIccId != null
10-16 12:48:52.231  1580  2924 V OplusNPMS: getWarningNotification numWarningNotificaion10
10-16 12:48:52.231  1580  2924 V OplusNPMS: getWarningNotification numWarningNotificaion10
10-16 12:48:52.231  1580  2924 V OplusNPMS: getLimitNotificationState subID=2
10-16 12:48:52.231  1580  2924 V OplusNPMS: getLimitNotificationState mSubidToIccId != null
10-16 12:48:52.316  1580  1580 W DevicePolicyManager: Unknown user type: UserInfo{999:MultiApp:4001010}
10-16 12:48:52.316  1580  1580 W DevicePolicyManager: Unknown user type: UserInfo{999:MultiApp:4001010}
10-16 12:48:52.317  1580  1580 I OplusStatusBarManagerServiceEnhance:  getTopIsFullscreen mTopIsFullscreen: false
10-16 12:48:52.512  1580  2328 D OplusSmartBrightnessController: handleMessage MSG_LUX_CHANGED, mLux:116.44017 luxQueue=[116.44017, 116.44017, 116.44017, 116.44017, 116.44017, 116.44017]
10-16 12:48:52.617  1580  2969 W DevicePolicyManager: Unknown user type: UserInfo{999:MultiApp:4001010}
10-16 12:48:52.620  1580  2969 W DevicePolicyManager: Unknown user type: UserInfo{999:MultiApp:4001010}
10-16 12:48:52.623  1580  2969 W DevicePolicyManager: Unknown user type: UserInfo{999:MultiApp:4001010}
10-16 12:48:52.623  1580  2969 W DevicePolicyManager: Unknown user type: UserInfo{999:MultiApp:4001010}
10-16 12:48:52.624  1580  2969 W DevicePolicyManager: Unknown user type: UserInfo{999:MultiApp:4001010}
10-16 12:48:52.624  1580  2969 W DevicePolicyManager: Unknown user type: UserInfo{999:MultiApp:4001010}
10-16 12:48:52.625  1580  2969 W DevicePolicyManager: Unknown user type: UserInfo{999:MultiApp:4001010}
10-16 12:48:52.625  1580  2969 W DevicePolicyManager: Unknown user type: UserInfo{999:MultiApp:4001010}
10-16 12:48:52.625  1580  2969 W DevicePolicyManager: Unknown user type: UserInfo{999:MultiApp:4001010}
10-16 12:48:52.625  1580  2969 W DevicePolicyManager: Unknown user type: UserInfo{999:MultiApp:4001010}
10-16 12:48:52.625  1580  2969 W DevicePolicyManager: Unknown user type: UserInfo{999:MultiApp:4001010}
10-16 12:48:52.625  1580  2969 W DevicePolicyManager: Unknown user type: UserInfo{999:MultiApp:4001010}
10-16 12:48:52.625  1580  2969 W DevicePolicyManager: Unknown user type: UserInfo{999:MultiApp:4001010}
10-16 12:48:52.625  1580  2969 W DevicePolicyManager: Unknown user type: UserInfo{999:MultiApp:4001010}
10-16 12:48:52.626  1580  2969 W DevicePolicyManager: Unknown user type: UserInfo{999:MultiApp:4001010}
10-16 12:48:52.626  1580  2969 W DevicePolicyManager: Unknown user type: UserInfo{999:MultiApp:4001010}
10-16 12:48:52.626  1580  2969 W DevicePolicyManager: Unknown user type: UserInfo{999:MultiApp:4001010}
10-16 12:48:52.626  1580  2969 W DevicePolicyManager: Unknown user type: UserInfo{999:MultiApp:4001010}
10-16 12:48:52.626  1580  2969 W DevicePolicyManager: Unknown user type: UserInfo{999:MultiApp:4001010}
10-16 12:48:52.626  1580  2969 W DevicePolicyManager: Unknown user type: UserInfo{999:MultiApp:4001010}
10-16 12:48:52.626  1580  2969 W DevicePolicyManager: Unknown user type: UserInfo{999:MultiApp:4001010}
10-16 12:48:52.626  1580  2969 W DevicePolicyManager: Unknown user type: UserInfo{999:MultiApp:4001010}
10-16 12:48:52.627  1580  2969 W DevicePolicyManager: Unknown user type: UserInfo{999:MultiApp:4001010}
10-16 12:48:52.627  1580  2969 W DevicePolicyManager: Unknown user type: UserInfo{999:MultiApp:4001010}
10-16 12:48:52.627  1580  2969 W DevicePolicyManager: Unknown user type: UserInfo{999:MultiApp:4001010}
10-16 12:48:52.627  1580  2969 W DevicePolicyManager: Unknown user type: UserInfo{999:MultiApp:4001010}
10-16 12:48:52.627  1580  2969 W DevicePolicyManager: Unknown user type: UserInfo{999:MultiApp:4001010}
10-16 12:48:52.627  1580  2969 W DevicePolicyManager: Unknown user type: UserInfo{999:MultiApp:4001010}
10-16 12:48:52.628  1580  2969 W DevicePolicyManager: Unknown user type: UserInfo{999:MultiApp:4001010}
10-16 12:48:52.628  1580  2969 W DevicePolicyManager: Unknown user type: UserInfo{999:MultiApp:4001010}
10-16 12:48:52.628  1580  2969 W DevicePolicyManager: Unknown user type: UserInfo{999:MultiApp:4001010}
10-16 12:48:52.628  1580  2969 W DevicePolicyManager: Unknown user type: UserInfo{999:MultiApp:4001010}
10-16 12:48:52.628  1580  2969 W DevicePolicyManager: Unknown user type: UserInfo{999:MultiApp:4001010}
10-16 12:48:52.628  1580  2969 W DevicePolicyManager: Unknown user type: UserInfo{999:MultiApp:4001010}
10-16 12:48:52.628  1580  2969 W DevicePolicyManager: Unknown user type: UserInfo{999:MultiApp:4001010}
10-16 12:48:52.628  1580  2969 W DevicePolicyManager: Unknown user type: UserInfo{999:MultiApp:4001010}
10-16 12:48:52.628  1580  2969 W DevicePolicyManager: Unknown user type: UserInfo{999:MultiApp:4001010}
10-16 12:48:52.629  1580  2969 W DevicePolicyManager: Unknown user type: UserInfo{999:MultiApp:4001010}
10-16 12:48:52.834  1580  1580 W DevicePolicyManager: Unknown user type: UserInfo{999:MultiApp:4001010}
10-16 12:48:52.835  1580  1580 W DevicePolicyManager: Unknown user type: UserInfo{999:MultiApp:4001010}
10-16 12:48:52.836  1580  1580 I OplusStatusBarManagerServiceEnhance:  getTopIsFullscreen mTopIsFullscreen: false
10-16 12:48:53.136  1580  2969 W DevicePolicyManager: Unknown user type: UserInfo{999:MultiApp:4001010}
10-16 12:48:53.138  1580  2969 W DevicePolicyManager: Unknown user type: UserInfo{999:MultiApp:4001010}
10-16 12:48:53.138  1580  2969 W DevicePolicyManager: Unknown user type: UserInfo{999:MultiApp:4001010}
10-16 12:48:53.138  1580  2969 W DevicePolicyManager: Unknown user type: UserInfo{999:MultiApp:4001010}
10-16 12:48:53.151  1580  2969 W DevicePolicyManager: Unknown user type: UserInfo{999:MultiApp:4001010}
10-16 12:48:53.151  1580  2969 W DevicePolicyManager: Unknown user type: UserInfo{999:MultiApp:4001010}
10-16 12:48:53.152  1580  2969 W DevicePolicyManager: Unknown user type: UserInfo{999:MultiApp:4001010}
10-16 12:48:53.152  1580  2969 W DevicePolicyManager: Unknown user type: UserInfo{999:MultiApp:4001010}
10-16 12:48:53.152  1580  2969 W DevicePolicyManager: Unknown user type: UserInfo{999:MultiApp:4001010}
10-16 12:48:53.152  1580  2969 W DevicePolicyManager: Unknown user type: UserInfo{999:MultiApp:4001010}
10-16 12:48:53.152  1580  2969 W DevicePolicyManager: Unknown user type: UserInfo{999:MultiApp:4001010}
10-16 12:48:53.153  1580  2969 W DevicePolicyManager: Unknown user type: UserInfo{999:MultiApp:4001010}
10-16 12:48:53.153  1580  2969 W DevicePolicyManager: Unknown user type: UserInfo{999:MultiApp:4001010}
10-16 12:48:53.153  1580  2969 W DevicePolicyManager: Unknown user type: UserInfo{999:MultiApp:4001010}
10-16 12:48:53.153  1580  2969 W DevicePolicyManager: Unknown user type: UserInfo{999:MultiApp:4001010}
10-16 12:48:53.153  1580  2969 W DevicePolicyManager: Unknown user type: UserInfo{999:MultiApp:4001010}
10-16 12:48:53.153  1580  2969 W DevicePolicyManager: Unknown user type: UserInfo{999:MultiApp:4001010}
10-16 12:48:53.153  1580  2969 W DevicePolicyManager: Unknown user type: UserInfo{999:MultiApp:4001010}
10-16 12:48:53.154  1580  2969 W DevicePolicyManager: Unknown user type: UserInfo{999:MultiApp:4001010}
10-16 12:48:53.154  1580  2969 W DevicePolicyManager: Unknown user type: UserInfo{999:MultiApp:4001010}
10-16 12:48:53.154  1580  2969 W DevicePolicyManager: Unknown user type: UserInfo{999:MultiApp:4001010}
10-16 12:48:53.154  1580  2969 W DevicePolicyManager: Unknown user type: UserInfo{999:MultiApp:4001010}
10-16 12:48:53.154  1580  2969 W DevicePolicyManager: Unknown user type: UserInfo{999:MultiApp:4001010}
10-16 12:48:53.154  1580  2969 W DevicePolicyManager: Unknown user type: UserInfo{999:MultiApp:4001010}
10-16 12:48:53.155  1580  2969 W DevicePolicyManager: Unknown user type: UserInfo{999:MultiApp:4001010}
10-16 12:48:53.155  1580  2969 W DevicePolicyManager: Unknown user type: UserInfo{999:MultiApp:4001010}
10-16 12:48:53.155  1580  2969 W DevicePolicyManager: Unknown user type: UserInfo{999:MultiApp:4001010}
10-16 12:48:53.155  1580  2969 W DevicePolicyManager: Unknown user type: UserInfo{999:MultiApp:4001010}
10-16 12:48:53.156  1580  2969 W DevicePolicyManager: Unknown user type: UserInfo{999:MultiApp:4001010}
10-16 12:48:53.156  1580  2969 W DevicePolicyManager: Unknown user type: UserInfo{999:MultiApp:4001010}
10-16 12:48:53.156  1580  2969 W DevicePolicyManager: Unknown user type: UserInfo{999:MultiApp:4001010}
10-16 12:48:53.156  1580  2969 W DevicePolicyManager: Unknown user type: UserInfo{999:MultiApp:4001010}
10-16 12:48:53.156  1580  2969 W DevicePolicyManager: Unknown user type: UserInfo{999:MultiApp:4001010}
10-16 12:48:53.156  1580  2969 W DevicePolicyManager: Unknown user type: UserInfo{999:MultiApp:4001010}
10-16 12:48:53.157  1580  2969 W DevicePolicyManager: Unknown user type: UserInfo{999:MultiApp:4001010}
10-16 12:48:53.157  1580  2969 W DevicePolicyManager: Unknown user type: UserInfo{999:MultiApp:4001010}
10-16 12:48:53.157  1580  2969 W DevicePolicyManager: Unknown user type: UserInfo{999:MultiApp:4001010}
10-16 12:48:53.157  1580  2969 W DevicePolicyManager: Unknown user type: UserInfo{999:MultiApp:4001010}
10-16 12:48:53.364  1580  1580 W DevicePolicyManager: Unknown user type: UserInfo{999:MultiApp:4001010}
10-16 12:48:53.364  1580  1580 W DevicePolicyManager: Unknown user type: UserInfo{999:MultiApp:4001010}
10-16 12:48:53.365  1580  1580 I OplusStatusBarManagerServiceEnhance:  getTopIsFullscreen mTopIsFullscreen: false
10-16 12:48:54.192  1580  2328 D OplusSmartBrightnessController: handleMessage MSG_LUX_CHANGED, mLux:122.69313 luxQueue=[122.69313, 122.69313, 122.69313, 122.69313, 122.69313]
10-16 12:48:54.386  1580  8595 E TaskPersister: File error accessing recents directory (directory doesn't exist?).
10-16 12:48:54.677  1322  1322 I Quality : SFJankCountInfo: 390;116;0-0-0-0-0-0-0-0-0-0;1-0-0-0-0-0-0-0-0-0;2-0-47-0-0-0-1-0-56-7;3-0-5-0-0-0-0-0-0-0;4-0-0-0-0-0-0-0-0-0;5-0-0-0-0-0-0-0-0-0;6-0-0-0-0-0-0-0-0-0;7-0-0-0-0-0-0-0-0-0;8-0-0-0-0-0-0-0-0-0;9-0-0-0-0-0-0-0-0-0;
10-16 12:48:55.080  1580  2924 V OplusNPMS: getWarningNotification numWarningNotificaion10
10-16 12:48:55.080  1580  2924 V OplusNPMS: getWarningNotification numWarningNotificaion10
10-16 12:48:55.080  1580  2924 V OplusNPMS: getLimitNotificationState subID=2
10-16 12:48:55.080  1580  2924 V OplusNPMS: getLimitNotificationState mSubidToIccId != null
10-16 12:48:55.181  1580  2856 E AppOps  : attributionTag  not declared in manifest of com.oplus.exsystemservice
10-16 12:48:55.185  1580  2856 E AppOps  : attributionTag  not declared in manifest of com.oplus.exsystemservice
10-16 12:48:55.455  1580  2328 D OplusSmartBrightnessController: handleMessage MSG_LUX_CHANGED, mLux:122.69313 luxQueue=[122.69313, 122.69313, 122.69313, 122.69313, 122.69313, 122.69313]
10-16 12:48:56.723  1580  2328 D OplusSmartBrightnessController: handleMessage MSG_LUX_CHANGED, mLux:122.69313 luxQueue=[122.69313, 122.69313, 122.69313, 122.69313, 122.69313, 122.69313]
10-16 12:48:57.322  1580  2316 D ProcessCpuTrackerExtImpl: mContext is already set, return now! 
10-16 12:48:58.124  1580  2924 V OplusNPMS: getWarningNotification numWarningNotificaion10
10-16 12:48:58.124  1580  2924 V OplusNPMS: getWarningNotification numWarningNotificaion10
10-16 12:48:58.124  1580  2924 V OplusNPMS: getLimitNotificationState subID=2
10-16 12:48:58.124  1580  2924 V OplusNPMS: getLimitNotificationState mSubidToIccId != null
10-16 12:48:59.030  1580  2328 D OplusSmartBrightnessController: handleMessage MSG_LUX_CHANGED, mLux:129.5546 luxQueue=[129.5546, 129.5546, 129.5546, 129.5546, 129.5546]
10-16 12:49:00.039  1580  3419 E OplusCustomizeRestrictionManagerService: isBiometricDisabled start
10-16 12:49:00.040  1580  4056 E OplusCustomizeRestrictionManagerService: isBiometricDisabled start
10-16 12:49:00.294  1580  2328 D OplusSmartBrightnessController: handleMessage MSG_LUX_CHANGED, mLux:129.5546 luxQueue=[129.5546, 129.5546, 129.5546, 129.5546, 129.5546, 129.5546]
10-16 12:49:01.384  1580  2328 D OplusFeatureReduceBrightness: timeToReduceBrightness reduce onAppEnter pkg=com.android.chrome
10-16 12:49:01.384  1580  2325 I OplusSmartBrightnessController: handleBrightnessTotalRateType: automatic->app
10-16 12:49:01.384  1580  2328 I OplusSmartBrightnessController: handleMessage MSG_POWER_BRIGHTNESS_CHANGED.
10-16 12:49:01.384  1580  2325 D ColorAutomaticBrightnessController: MSG_UPDATE_BRIGHTNESS
10-16 12:49:01.384  1580  2325 D OplusVFXScreenEffectFeature:  setColorFadeLevel 1.0
10-16 12:49:01.385  1580  2325 D OplusDisplayPowerControllerExtImpl: original brightness:1004 final brightness:1004.0 scale:1.0 reason:4 darkLevel:0
10-16 12:49:01.385  1580  2325 D OplusFeatureReduceBrightness: enter rate=11 deta=101 mTD=10.0 index=1 from 1004->903 nit from 84.93097->67.94478 p1(67,10),p2(319,10),x=67.94478
10-16 12:49:01.385  1580  2325 D OplusSmartBrightnessController: ReduceBrightness :  1004 --> 903
10-16 12:49:01.390  1580  2325 D OplusDisplayPowerControllerExtImpl: Animating brightness: target=1004->903,rate=123->11,type=app,byUse=false local:4630946962717273473
10-16 12:49:01.390  1580  2325 D DisplayPowerController[0]: Brightness [1004.0] reason changing to: 'automatic [ auto_adj ]', previous reason: 'automatic'. id=local:4630946962717273473
10-16 12:49:01.390  1580  2325 I DisplayPowerController[0]: BrightnessEvent: disp=0, brt=1004.0, rcmdBrt=NaN, preBrt=NaN, lux=0.0, preLux=0.0, hbmMax=1.0, hbmMode=off, thrmMax=1.0, flags=, reason=automatic [ auto_adj ]
10-16 12:49:01.390  1580  2325 D VRR [OPlusRefreshRateService]: notifyBrightnessChange brightness: 1004.0
10-16 12:49:01.398  1580  2325 D OplusFeatureHDREnhanceBrightness: setAnimating : animating = true
10-16 12:49:01.398  1580  2325 D OplusFeatureReduceBrightness: setAnimating : animating = true
10-16 12:49:01.431  1580  3052 D OplusFeatureDCBacklight: notifySfRepaintEverything begin mCurrentDCMode:0brightness=1003threshold=260
10-16 12:49:01.435  1580  2325 D DisplayPowerController[0]: onChange selfChange=false uri=content://settings/system/screen_brightness
10-16 12:49:01.435  1580  2325 D OplusVFXScreenEffectFeature:  setColorFadeLevel 1.0
10-16 12:49:01.436  1580  2325 D OplusDisplayPowerControllerExtImpl: original brightness:1004 final brightness:1004.0 scale:1.0 reason:4 darkLevel:0
10-16 12:49:01.436  1580  2325 D OplusSmartBrightnessController: ReduceBrightness :  1004 --> 903
10-16 12:49:01.437  1580  2325 D DisplayPowerController[0]: Brightness [1004.0] reason changing to: 'automatic [ auto_adj ]', previous reason: 'automatic'. id=local:4630946962717273473
10-16 12:49:01.437  1580  2325 I DisplayPowerController[0]: BrightnessEvent: disp=0, brt=1004.0(user_set), rcmdBrt=NaN, preBrt=NaN, lux=0.0, preLux=0.0, hbmMax=1.0, hbmMode=off, thrmMax=1.0, flags=user_set , reason=automatic [ auto_adj ]
10-16 12:49:01.437  1580  2325 D VRR [OPlusRefreshRateService]: notifyBrightnessChange brightness: 1004.0
10-16 12:49:01.438  1580  2079 D DisplayManagerService: Delivering display event: displayId=0, event=4
10-16 12:49:01.463  1580  3052 D OplusFeatureDCBacklight: notifySfRepaintEverything begin mCurrentDCMode:0brightness=1003threshold=260
10-16 12:49:01.496  1580  3052 D OplusFeatureDCBacklight: notifySfRepaintEverything begin mCurrentDCMode:0brightness=1003threshold=260
10-16 12:49:01.530  1580  3052 D OplusFeatureDCBacklight: notifySfRepaintEverything begin mCurrentDCMode:0brightness=1002threshold=260
10-16 12:49:01.533  1580  2325 D DisplayPowerController[0]: onChange selfChange=false uri=content://settings/system/screen_brightness
10-16 12:49:01.534  1580  2325 D OplusVFXScreenEffectFeature:  setColorFadeLevel 1.0
10-16 12:49:01.534  1580  2325 D OplusDisplayPowerControllerExtImpl: original brightness:1004 final brightness:1004.0 scale:1.0 reason:4 darkLevel:0
10-16 12:49:01.534  1580  2325 D OplusSmartBrightnessController: ReduceBrightness :  1004 --> 903
10-16 12:49:01.535  1580  2325 D DisplayPowerController[0]: Brightness [1004.0] reason changing to: 'automatic [ auto_adj ]', previous reason: 'automatic'. id=local:4630946962717273473
10-16 12:49:01.535  1580  2325 I DisplayPowerController[0]: BrightnessEvent: disp=0, brt=1004.0(user_set), rcmdBrt=NaN, preBrt=NaN, lux=0.0, preLux=0.0, hbmMax=1.0, hbmMode=off, thrmMax=1.0, flags=user_set , reason=automatic [ auto_adj ]
10-16 12:49:01.536  1580  2325 D VRR [OPlusRefreshRateService]: notifyBrightnessChange brightness: 1004.0
10-16 12:49:01.536  1580  2079 D DisplayManagerService: Delivering display event: displayId=0, event=4
10-16 12:49:01.553  1580  2328 D OplusSmartBrightnessController: handleMessage MSG_LUX_CHANGED, mLux:129.5546 luxQueue=[129.5546, 129.5546, 129.5546, 129.5546, 129.5546, 129.5546]
10-16 12:49:01.562  1580  3052 D OplusFeatureDCBacklight: notifySfRepaintEverything begin mCurrentDCMode:0brightness=1002threshold=260
10-16 12:49:01.612  1580  3052 D OplusFeatureDCBacklight: notifySfRepaintEverything begin mCurrentDCMode:0brightness=1002threshold=260
10-16 12:49:01.662  1580  3052 D OplusFeatureDCBacklight: notifySfRepaintEverything begin mCurrentDCMode:0brightness=1001threshold=260
10-16 12:49:01.668  1580  2325 D DisplayPowerController[0]: onChange selfChange=false uri=content://settings/system/screen_brightness
10-16 12:49:01.668  1580  2325 D OplusVFXScreenEffectFeature:  setColorFadeLevel 1.0
10-16 12:49:01.668  1580  2325 D OplusDisplayPowerControllerExtImpl: original brightness:1004 final brightness:1004.0 scale:1.0 reason:4 darkLevel:0
10-16 12:49:01.668  1580  2325 D OplusSmartBrightnessController: ReduceBrightness :  1004 --> 903
10-16 12:49:01.669  1580  2325 D DisplayPowerController[0]: Brightness [1004.0] reason changing to: 'automatic [ auto_adj ]', previous reason: 'automatic'. id=local:4630946962717273473
10-16 12:49:01.669  1580  2325 I DisplayPowerController[0]: BrightnessEvent: disp=0, brt=1004.0(user_set), rcmdBrt=NaN, preBrt=NaN, lux=0.0, preLux=0.0, hbmMax=1.0, hbmMode=off, thrmMax=1.0, flags=user_set , reason=automatic [ auto_adj ]
10-16 12:49:01.670  1580  2325 D VRR [OPlusRefreshRateService]: notifyBrightnessChange brightness: 1004.0
10-16 12:49:01.671  1580  2079 D DisplayManagerService: Delivering display event: displayId=0, event=4
10-16 12:49:01.712  1580  3052 D OplusFeatureDCBacklight: notifySfRepaintEverything begin mCurrentDCMode:0brightness=1000threshold=260
10-16 12:49:01.724  1580  2325 D DisplayPowerController[0]: onChange selfChange=false uri=content://settings/system/screen_brightness
10-16 12:49:01.724  1580  2325 D OplusVFXScreenEffectFeature:  setColorFadeLevel 1.0
10-16 12:49:01.724  1580  2325 D OplusDisplayPowerControllerExtImpl: original brightness:1004 final brightness:1004.0 scale:1.0 reason:4 darkLevel:0
10-16 12:49:01.724  1580  2325 D OplusSmartBrightnessController: ReduceBrightness :  1004 --> 903
10-16 12:49:01.733  1580  2325 D DisplayPowerController[0]: Brightness [1004.0] reason changing to: 'automatic [ auto_adj ]', previous reason: 'automatic'. id=local:4630946962717273473
10-16 12:49:01.733  1580  2325 I DisplayPowerController[0]: BrightnessEvent: disp=0, brt=1004.0(user_set), rcmdBrt=NaN, preBrt=NaN, lux=0.0, preLux=0.0, hbmMax=1.0, hbmMode=off, thrmMax=1.0, flags=user_set , reason=automatic [ auto_adj ]
10-16 12:49:01.733  1580  2325 D VRR [OPlusRefreshRateService]: notifyBrightnessChange brightness: 1004.0
10-16 12:49:01.734  1580  2079 D DisplayManagerService: Delivering display event: displayId=0, event=4
10-16 12:49:01.760  1580  3052 D OplusFeatureDCBacklight: notifySfRepaintEverything begin mCurrentDCMode:0brightness=1000threshold=260
10-16 12:49:01.794  1580  3052 D OplusFeatureDCBacklight: notifySfRepaintEverything begin mCurrentDCMode:0brightness=1000threshold=260
10-16 12:49:01.826  1580  3052 D OplusFeatureDCBacklight: notifySfRepaintEverything begin mCurrentDCMode:0brightness=999threshold=260
10-16 12:49:01.830  1580  2325 D DisplayPowerController[0]: onChange selfChange=false uri=content://settings/system/screen_brightness
10-16 12:49:01.830  1580  2325 D OplusVFXScreenEffectFeature:  setColorFadeLevel 1.0
10-16 12:49:01.831  1580  2325 D OplusDisplayPowerControllerExtImpl: original brightness:1004 final brightness:1004.0 scale:1.0 reason:4 darkLevel:0
10-16 12:49:01.831  1580  2325 D OplusSmartBrightnessController: ReduceBrightness :  1004 --> 903
10-16 12:49:01.832  1580  2325 D DisplayPowerController[0]: Brightness [1004.0] reason changing to: 'automatic [ auto_adj ]', previous reason: 'automatic'. id=local:4630946962717273473
10-16 12:49:01.832  1580  2325 I DisplayPowerController[0]: BrightnessEvent: disp=0, brt=1004.0(user_set), rcmdBrt=NaN, preBrt=NaN, lux=0.0, preLux=0.0, hbmMax=1.0, hbmMode=off, thrmMax=1.0, flags=user_set , reason=automatic [ auto_adj ]
10-16 12:49:01.832  1580  2325 D VRR [OPlusRefreshRateService]: notifyBrightnessChange brightness: 1004.0
10-16 12:49:01.832  1580  2079 D DisplayManagerService: Delivering display event: displayId=0, event=4
10-16 12:49:01.859  1580  3052 D OplusFeatureDCBacklight: notifySfRepaintEverything begin mCurrentDCMode:0brightness=999threshold=260
10-16 12:49:01.893  1580  3052 D OplusFeatureDCBacklight: notifySfRepaintEverything begin mCurrentDCMode:0brightness=998threshold=260
10-16 12:49:01.896  1580  2325 D DisplayPowerController[0]: onChange selfChange=false uri=content://settings/system/screen_brightness
10-16 12:49:01.897  1580  2325 D OplusVFXScreenEffectFeature:  setColorFadeLevel 1.0
10-16 12:49:01.897  1580  2325 D OplusDisplayPowerControllerExtImpl: original brightness:1004 final brightness:1004.0 scale:1.0 reason:4 darkLevel:0
10-16 12:49:01.897  1580  2325 D OplusSmartBrightnessController: ReduceBrightness :  1004 --> 903
10-16 12:49:01.898  1580  2325 D DisplayPowerController[0]: Brightness [1004.0] reason changing to: 'automatic [ auto_adj ]', previous reason: 'automatic'. id=local:4630946962717273473
10-16 12:49:01.898  1580  2325 I DisplayPowerController[0]: BrightnessEvent: disp=0, brt=1004.0(user_set), rcmdBrt=NaN, preBrt=NaN, lux=0.0, preLux=0.0, hbmMax=1.0, hbmMode=off, thrmMax=1.0, flags=user_set , reason=automatic [ auto_adj ]
10-16 12:49:01.898  1580  2325 D VRR [OPlusRefreshRateService]: notifyBrightnessChange brightness: 1004.0
10-16 12:49:01.898  1580  2079 D DisplayManagerService: Delivering display event: displayId=0, event=4
10-16 12:49:01.926  1580  3052 D OplusFeatureDCBacklight: notifySfRepaintEverything begin mCurrentDCMode:0brightness=998threshold=260
10-16 12:49:01.977  1580  3052 D OplusFeatureDCBacklight: notifySfRepaintEverything begin mCurrentDCMode:0brightness=998threshold=260
10-16 12:49:02.026  1580  3052 D OplusFeatureDCBacklight: notifySfRepaintEverything begin mCurrentDCMode:0brightness=997threshold=260
10-16 12:49:02.030  1580  2325 D DisplayPowerController[0]: onChange selfChange=false uri=content://settings/system/screen_brightness
10-16 12:49:02.030  1580  2325 D OplusVFXScreenEffectFeature:  setColorFadeLevel 1.0
10-16 12:49:02.030  1580  2325 D OplusDisplayPowerControllerExtImpl: original brightness:1004 final brightness:1004.0 scale:1.0 reason:4 darkLevel:0
10-16 12:49:02.031  1580  2325 D OplusSmartBrightnessController: ReduceBrightness :  1004 --> 903
10-16 12:49:02.032  1580  2325 D DisplayPowerController[0]: Brightness [1004.0] reason changing to: 'automatic [ auto_adj ]', previous reason: 'automatic'. id=local:4630946962717273473
10-16 12:49:02.032  1580  2325 I DisplayPowerController[0]: BrightnessEvent: disp=0, brt=1004.0(user_set), rcmdBrt=NaN, preBrt=NaN, lux=0.0, preLux=0.0, hbmMax=1.0, hbmMode=off, thrmMax=1.0, flags=user_set , reason=automatic [ auto_adj ]
10-16 12:49:02.032  1580  2325 D VRR [OPlusRefreshRateService]: notifyBrightnessChange brightness: 1004.0
10-16 12:49:02.033  1580  2079 D DisplayManagerService: Delivering display event: displayId=0, event=4
10-16 12:49:02.075  1580  3052 D OplusFeatureDCBacklight: notifySfRepaintEverything begin mCurrentDCMode:0brightness=996threshold=260
10-16 12:49:02.083  1580  2325 D DisplayPowerController[0]: onChange selfChange=false uri=content://settings/system/screen_brightness
10-16 12:49:02.083  1580  2325 D OplusVFXScreenEffectFeature:  setColorFadeLevel 1.0
10-16 12:49:02.083  1580  2325 D OplusDisplayPowerControllerExtImpl: original brightness:1004 final brightness:1004.0 scale:1.0 reason:4 darkLevel:0
10-16 12:49:02.084  1580  2325 D OplusSmartBrightnessController: ReduceBrightness :  1004 --> 903
10-16 12:49:02.085  1580  2325 D DisplayPowerController[0]: Brightness [1004.0] reason changing to: 'automatic [ auto_adj ]', previous reason: 'automatic'. id=local:4630946962717273473
10-16 12:49:02.085  1580  2325 I DisplayPowerController[0]: BrightnessEvent: disp=0, brt=1004.0(user_set), rcmdBrt=NaN, preBrt=NaN, lux=0.0, preLux=0.0, hbmMax=1.0, hbmMode=off, thrmMax=1.0, flags=user_set , reason=automatic [ auto_adj ]
10-16 12:49:02.085  1580  2325 D VRR [OPlusRefreshRateService]: notifyBrightnessChange brightness: 1004.0
10-16 12:49:02.085  1580  2079 D DisplayManagerService: Delivering display event: displayId=0, event=4
10-16 12:49:02.109  1580  3052 D OplusFeatureDCBacklight: notifySfRepaintEverything begin mCurrentDCMode:0brightness=996threshold=260
10-16 12:49:02.141  1580  3052 D OplusFeatureDCBacklight: notifySfRepaintEverything begin mCurrentDCMode:0brightness=996threshold=260
10-16 12:49:02.174  1580  3052 D OplusFeatureDCBacklight: notifySfRepaintEverything begin mCurrentDCMode:0brightness=995threshold=260
10-16 12:49:02.179  1580  2325 D DisplayPowerController[0]: onChange selfChange=false uri=content://settings/system/screen_brightness
10-16 12:49:02.179  1580  2325 D OplusVFXScreenEffectFeature:  setColorFadeLevel 1.0
10-16 12:49:02.179  1580  2325 D OplusDisplayPowerControllerExtImpl: original brightness:1004 final brightness:1004.0 scale:1.0 reason:4 darkLevel:0
10-16 12:49:02.180  1580  2325 D OplusSmartBrightnessController: ReduceBrightness :  1004 --> 903
10-16 12:49:02.181  1580  2325 D DisplayPowerController[0]: Brightness [1004.0] reason changing to: 'automatic [ auto_adj ]', previous reason: 'automatic'. id=local:4630946962717273473
10-16 12:49:02.181  1580  2325 I DisplayPowerController[0]: BrightnessEvent: disp=0, brt=1004.0(user_set), rcmdBrt=NaN, preBrt=NaN, lux=0.0, preLux=0.0, hbmMax=1.0, hbmMode=off, thrmMax=1.0, flags=user_set , reason=automatic [ auto_adj ]
10-16 12:49:02.181  1580  2325 D VRR [OPlusRefreshRateService]: notifyBrightnessChange brightness: 1004.0
10-16 12:49:02.182  1580  2079 D DisplayManagerService: Delivering display event: displayId=0, event=4
10-16 12:49:02.239  1580  1580 W DevicePolicyManager: Unknown user type: UserInfo{999:MultiApp:4001010}
10-16 12:49:02.239  1580  1580 W DevicePolicyManager: Unknown user type: UserInfo{999:MultiApp:4001010}
10-16 12:49:02.240  1580  3052 D OplusFeatureDCBacklight: notifySfRepaintEverything begin mCurrentDCMode:0brightness=995threshold=260
10-16 12:49:02.240  1580  1580 I OplusStatusBarManagerServiceEnhance:  getTopIsFullscreen mTopIsFullscreen: false
10-16 12:49:02.307  1580  3052 D OplusFeatureDCBacklight: notifySfRepaintEverything begin mCurrentDCMode:0brightness=994threshold=260
10-16 12:49:02.318  1580  2325 D DisplayPowerController[0]: onChange selfChange=false uri=content://settings/system/screen_brightness
10-16 12:49:02.318  1580  2325 D OplusVFXScreenEffectFeature:  setColorFadeLevel 1.0
10-16 12:49:02.319  1580  2325 D OplusDisplayPowerControllerExtImpl: original brightness:1004 final brightness:1004.0 scale:1.0 reason:4 darkLevel:0
10-16 12:49:02.319  1580  2325 D OplusSmartBrightnessController: ReduceBrightness :  1004 --> 903
10-16 12:49:02.320  1580  2325 D DisplayPowerController[0]: Brightness [1004.0] reason changing to: 'automatic [ auto_adj ]', previous reason: 'automatic'. id=local:4630946962717273473
10-16 12:49:02.320  1580  2325 I DisplayPowerController[0]: BrightnessEvent: disp=0, brt=1004.0(user_set), rcmdBrt=NaN, preBrt=NaN, lux=0.0, preLux=0.0, hbmMax=1.0, hbmMode=off, thrmMax=1.0, flags=user_set , reason=automatic [ auto_adj ]
10-16 12:49:02.320  1580  2325 D VRR [OPlusRefreshRateService]: notifyBrightnessChange brightness: 1004.0
10-16 12:49:02.320  1580  2079 D DisplayManagerService: Delivering display event: displayId=0, event=4
10-16 12:49:02.355  1580  3052 D OplusFeatureDCBacklight: notifySfRepaintEverything begin mCurrentDCMode:0brightness=993threshold=260
10-16 12:49:02.357  1580  2325 D DisplayPowerController[0]: onChange selfChange=false uri=content://settings/system/screen_brightness
10-16 12:49:02.358  1580  2325 D OplusVFXScreenEffectFeature:  setColorFadeLevel 1.0
10-16 12:49:02.358  1580  2325 D OplusDisplayPowerControllerExtImpl: original brightness:1004 final brightness:1004.0 scale:1.0 reason:4 darkLevel:0
10-16 12:49:02.358  1580  2325 D OplusSmartBrightnessController: ReduceBrightness :  1004 --> 903
10-16 12:49:02.359  1580  2325 D DisplayPowerController[0]: Brightness [1004.0] reason changing to: 'automatic [ auto_adj ]', previous reason: 'automatic'. id=local:4630946962717273473
10-16 12:49:02.359  1580  2325 I DisplayPowerController[0]: BrightnessEvent: disp=0, brt=1004.0(user_set), rcmdBrt=NaN, preBrt=NaN, lux=0.0, preLux=0.0, hbmMax=1.0, hbmMode=off, thrmMax=1.0, flags=user_set , reason=automatic [ auto_adj ]
10-16 12:49:02.359  1580  2325 D VRR [OPlusRefreshRateService]: notifyBrightnessChange brightness: 1004.0
10-16 12:49:02.362  1580  2079 D DisplayManagerService: Delivering display event: displayId=0, event=4
10-16 12:49:02.388  1580  3052 D OplusFeatureDCBacklight: notifySfRepaintEverything begin mCurrentDCMode:0brightness=993threshold=260
10-16 12:49:02.418  1580  2316 D ProcessCpuTrackerExtImpl: mContext is already set, return now! 
10-16 12:49:02.422  1580  3052 D OplusFeatureDCBacklight: notifySfRepaintEverything begin mCurrentDCMode:0brightness=993threshold=260
10-16 12:49:02.472  1580  3052 D OplusFeatureDCBacklight: notifySfRepaintEverything begin mCurrentDCMode:0brightness=992threshold=260
10-16 12:49:02.478  1580  2325 D DisplayPowerController[0]: onChange selfChange=false uri=content://settings/system/screen_brightness
10-16 12:49:02.479  1580  2325 D OplusVFXScreenEffectFeature:  setColorFadeLevel 1.0
10-16 12:49:02.479  1580  2325 D OplusDisplayPowerControllerExtImpl: original brightness:1004 final brightness:1004.0 scale:1.0 reason:4 darkLevel:0
10-16 12:49:02.479  1580  2325 D OplusSmartBrightnessController: ReduceBrightness :  1004 --> 903
10-16 12:49:02.480  1580  2325 D DisplayPowerController[0]: Brightness [1004.0] reason changing to: 'automatic [ auto_adj ]', previous reason: 'automatic'. id=local:4630946962717273473
10-16 12:49:02.480  1580  2325 I DisplayPowerController[0]: BrightnessEvent: disp=0, brt=1004.0(user_set), rcmdBrt=NaN, preBrt=NaN, lux=0.0, preLux=0.0, hbmMax=1.0, hbmMode=off, thrmMax=1.0, flags=user_set , reason=automatic [ auto_adj ]
10-16 12:49:02.481  1580  2325 D VRR [OPlusRefreshRateService]: notifyBrightnessChange brightness: 1004.0
10-16 12:49:02.481  1580  2079 D DisplayManagerService: Delivering display event: displayId=0, event=4
10-16 12:49:02.538  1580  3052 D OplusFeatureDCBacklight: notifySfRepaintEverything begin mCurrentDCMode:0brightness=992threshold=260
10-16 12:49:02.603  1580  3052 D OplusFeatureDCBacklight: notifySfRepaintEverything begin mCurrentDCMode:0brightness=991threshold=260
10-16 12:49:02.607  1580  2325 D DisplayPowerController[0]: onChange selfChange=false uri=content://settings/system/screen_brightness
10-16 12:49:02.607  1580  2325 D OplusVFXScreenEffectFeature:  setColorFadeLevel 1.0
10-16 12:49:02.607  1580  2325 D OplusDisplayPowerControllerExtImpl: original brightness:1004 final brightness:1004.0 scale:1.0 reason:4 darkLevel:0
10-16 12:49:02.607  1580  2325 D OplusSmartBrightnessController: ReduceBrightness :  1004 --> 903
10-16 12:49:02.608  1580  2325 D DisplayPowerController[0]: Brightness [1004.0] reason changing to: 'automatic [ auto_adj ]', previous reason: 'automatic'. id=local:4630946962717273473
10-16 12:49:02.608  1580  2325 I DisplayPowerController[0]: BrightnessEvent: disp=0, brt=1004.0(user_set), rcmdBrt=NaN, preBrt=NaN, lux=0.0, preLux=0.0, hbmMax=1.0, hbmMode=off, thrmMax=1.0, flags=user_set , reason=automatic [ auto_adj ]
10-16 12:49:02.608  1580  2325 D VRR [OPlusRefreshRateService]: notifyBrightnessChange brightness: 1004.0
10-16 12:49:02.608  1580  2079 D DisplayManagerService: Delivering display event: displayId=0, event=4
10-16 12:49:02.623  1580  2915 I OplusStorageManagerFeature: running task to switch gc dpolicy
10-16 12:49:02.626  1580  2914 I OplusStorageManagerFeature: the scope of freesegments does not match, skip ...
10-16 12:49:02.626  1580  2915 I OplusStorageManagerFeature: changeGcDpolicy: GcDepolicy will change!
10-16 12:49:02.631  1580  2915 I OplusStorageManagerFeature: changeGcDpolicy: GcDepolicy changed!
10-16 12:49:02.631  1580  2915 I OplusStorageManagerFeature: gc dpolicy changed
10-16 12:49:02.636  1580  3052 D OplusFeatureDCBacklight: notifySfRepaintEverything begin mCurrentDCMode:0brightness=990threshold=260
10-16 12:49:02.638  1580  2325 D DisplayPowerController[0]: onChange selfChange=false uri=content://settings/system/screen_brightness
10-16 12:49:02.639  1580  2325 D OplusVFXScreenEffectFeature:  setColorFadeLevel 1.0
10-16 12:49:02.639  1580  2325 D OplusDisplayPowerControllerExtImpl: original brightness:1004 final brightness:1004.0 scale:1.0 reason:4 darkLevel:0
10-16 12:49:02.639  1580  2325 D OplusSmartBrightnessController: ReduceBrightness :  1004 --> 903
10-16 12:49:02.640  1580  2325 D DisplayPowerController[0]: Brightness [1004.0] reason changing to: 'automatic [ auto_adj ]', previous reason: 'automatic'. id=local:4630946962717273473
10-16 12:49:02.640  1580  2325 I DisplayPowerController[0]: BrightnessEvent: disp=0, brt=1004.0(user_set), rcmdBrt=NaN, preBrt=NaN, lux=0.0, preLux=0.0, hbmMax=1.0, hbmMode=off, thrmMax=1.0, flags=user_set , reason=automatic [ auto_adj ]
10-16 12:49:02.640  1580  2325 D VRR [OPlusRefreshRateService]: notifyBrightnessChange brightness: 1004.0
10-16 12:49:02.640  1580  2079 D DisplayManagerService: Delivering display event: displayId=0, event=4
10-16 12:49:02.653  1580  3052 D OplusFeatureDCBacklight: notifySfRepaintEverything begin mCurrentDCMode:0brightness=990threshold=260
10-16 12:49:02.686  1580  3052 D OplusFeatureDCBacklight: notifySfRepaintEverything begin mCurrentDCMode:0brightness=990threshold=260
10-16 12:49:02.720  1580  3052 D OplusFeatureDCBacklight: notifySfRepaintEverything begin mCurrentDCMode:0brightness=989threshold=260
