10-16 12:48:01.309  3476  6514 E ResourcesImplExt: the AssetManager's apkAsset: ApkAssets{path=/my_bigball/overlay/GmsConfigOverlayASI_Infrastructure/GmsConfigOverlayASI_Infrastructure.apk}
10-16 12:48:01.309  3476  6515 E ResourcesImplExt: the AssetManager's apkAsset: ApkAssets{path=/my_bigball/overlay/GmsConfigOverlayASI_Infrastructure/GmsConfigOverlayASI_Infrastructure.apk}
10-16 12:48:01.309  3476  6514 E ResourcesImplExt: the AssetManager's apkAsset: ApkAssets{path=/my_bigball/overlay/GmsConfigOverlayCommonEx/GmsConfigOverlayCommonEx.apk}
10-16 12:48:01.309  3476  6513 E ResourcesImplExt: the AssetManager's apkAsset: ApkAssets{path=/my_bigball/overlay/GmsConfigOverlayCommonEx/GmsConfigOverlayCommonEx.apk}
10-16 12:48:01.309  3476  6514 E ResourcesImplExt: the AssetManager's apkAsset: ApkAssets{path=/my_bigball/overlay/GmsConfigOverlayComms/GmsConfigOverlayComms.apk}
10-16 12:48:01.310  3476  6513 E ResourcesImplExt: the AssetManager's apkAsset: ApkAssets{path=/my_bigball/overlay/GmsConfigOverlayComms/GmsConfigOverlayComms.apk}
10-16 12:48:01.310  3476  6513 E ResourcesImplExt: the AssetManager's apkAsset: ApkAssets{path=/my_bigball/overlay/GmsConfigOverlayGSA/GmsConfigOverlayGSA.apk}
10-16 12:48:01.310  3476  6516 E ResourcesImplExt: the AssetManager's apkAsset: ApkAssets{path=<empty> and /system/framework/framework-res.apk}
10-16 12:48:01.310  3476  6516 E ResourcesImplExt: the AssetManager's apkAsset: ApkAssets{path=/my_bigball/overlay/GmsConfigOverlayASI_Infrastructure/GmsConfigOverlayASI_Infrastructure.apk}
10-16 12:48:01.310  3476  6513 E ResourcesImplExt: the AssetManager's apkAsset: ApkAssets{path=/my_bigball/overlay/GmsConfigOverlayNoSafetyCenter/GmsConfigOverlayNoSafetyCenter.apk}
10-16 12:48:01.310  3476  6513 E ResourcesImplExt: the AssetManager's apkAsset: ApkAssets{path=/my_bigball/overlay/GmsConfigOverlaySearchSelector/GmsConfigOverlaySearchSelector.apk}
10-16 12:48:01.310  3476  6515 E ResourcesImplExt: the AssetManager's apkAsset: ApkAssets{path=/my_bigball/overlay/GmsConfigOverlayCommonEx/GmsConfigOverlayCommonEx.apk}
10-16 12:48:01.310  3476  6514 E ResourcesImplExt: the AssetManager's apkAsset: ApkAssets{path=/my_bigball/overlay/GmsConfigOverlayGSA/GmsConfigOverlayGSA.apk}
10-16 12:48:01.310  3476  6516 E ResourcesImplExt: the AssetManager's apkAsset: ApkAssets{path=/my_bigball/overlay/GmsConfigOverlayCommonEx/GmsConfigOverlayCommonEx.apk}
10-16 12:48:01.310  3476  6516 E ResourcesImplExt: the AssetManager's apkAsset: ApkAssets{path=/my_bigball/overlay/GmsConfigOverlayComms/GmsConfigOverlayComms.apk}
10-16 12:48:01.311  3476  6515 E ResourcesImplExt: the AssetManager's apkAsset: ApkAssets{path=/my_bigball/overlay/GmsConfigOverlayComms/GmsConfigOverlayComms.apk}
10-16 12:48:01.311  3476  6514 E ResourcesImplExt: the AssetManager's apkAsset: ApkAssets{path=/my_bigball/overlay/GmsConfigOverlayNoSafetyCenter/GmsConfigOverlayNoSafetyCenter.apk}
10-16 12:48:01.311  3476  6515 E ResourcesImplExt: the AssetManager's apkAsset: ApkAssets{path=/my_bigball/overlay/GmsConfigOverlayGSA/GmsConfigOverlayGSA.apk}
10-16 12:48:01.311  3476  6515 E ResourcesImplExt: the AssetManager's apkAsset: ApkAssets{path=/my_bigball/overlay/GmsConfigOverlayNoSafetyCenter/GmsConfigOverlayNoSafetyCenter.apk}
10-16 12:48:01.311  3476  6516 E ResourcesImplExt: the AssetManager's apkAsset: ApkAssets{path=/my_bigball/overlay/GmsConfigOverlayGSA/GmsConfigOverlayGSA.apk}
10-16 12:48:01.311  3476  6515 E ResourcesImplExt: the AssetManager's apkAsset: ApkAssets{path=/my_bigball/overlay/GmsConfigOverlaySearchSelector/GmsConfigOverlaySearchSelector.apk}
10-16 12:48:01.311  3476  6515 E ResourcesImplExt: the AssetManager's apkAsset: ApkAssets{path=/product/overlay/CaptivePortalLoginFrameworkOverlay.apk}
10-16 12:48:01.311  3476  6516 E ResourcesImplExt: the AssetManager's apkAsset: ApkAssets{path=/my_bigball/overlay/GmsConfigOverlayNoSafetyCenter/GmsConfigOverlayNoSafetyCenter.apk}
10-16 12:48:01.311  3476  6516 E ResourcesImplExt: the AssetManager's apkAsset: ApkAssets{path=/my_bigball/overlay/GmsConfigOverlaySearchSelector/GmsConfigOverlaySearchSelector.apk}
10-16 12:48:01.311  3476  6514 E ResourcesImplExt: the AssetManager's apkAsset: ApkAssets{path=/my_bigball/overlay/GmsConfigOverlaySearchSelector/GmsConfigOverlaySearchSelector.apk}
10-16 12:48:01.311  3476  6514 E ResourcesImplExt: the AssetManager's apkAsset: ApkAssets{path=/product/overlay/CaptivePortalLoginFrameworkOverlay.apk}
10-16 12:48:01.311  3476  6514 E ResourcesImplExt: the AssetManager's apkAsset: ApkAssets{path=/product/overlay/GoogleExtServicesConfigOverlay.apk}
10-16 12:48:01.311  3476  6514 E ResourcesImplExt: the AssetManager's apkAsset: ApkAssets{path=/product/overlay/GooglePermissionControllerFrameworkOverlay.apk}
10-16 12:48:01.312  3476  6514 E ResourcesImplExt: the AssetManager's apkAsset: ApkAssets{path=/product/overlay/ModuleMetadataGoogleOverlay.apk}
10-16 12:48:01.312  3476  6514 E ResourcesImplExt: the AssetManager's apkAsset: ApkAssets{path=/my_bigball/overlay/OplusGmsConfigOverlayCommon/OplusGmsConfigOverlayCommon.apk}
10-16 12:48:01.312  3476  6514 E ResourcesImplExt: the AssetManager's apkAsset: ApkAssets{path=/product/overlay/FrameworksResCommon_Sys.apk}
10-16 12:48:01.312  3476  6514 E ResourcesImplExt: the AssetManager's apkAsset: ApkAssets{path=/vendor/overlay/FrameworksResTarget.apk}
10-16 12:48:01.312  3476  6514 E ResourcesImplExt: the AssetManager's apkAsset: ApkAssets{path=/system_ext/overlay/framework_res_overlay_Network.apk}
10-16 12:48:01.312  3476  6514 E ResourcesImplExt: the AssetManager's apkAsset: ApkAssets{path=/product/overlay/android_framework_res_overlay.android.product.20713.apk}
10-16 12:48:01.312  3476  6515 E ResourcesImplExt: the AssetManager's apkAsset: ApkAssets{path=/product/overlay/GoogleExtServicesConfigOverlay.apk}
10-16 12:48:01.312  3476  6513 E ResourcesImplExt: the AssetManager's apkAsset: ApkAssets{path=/product/overlay/CaptivePortalLoginFrameworkOverlay.apk}
10-16 12:48:01.312  3476  6515 E ResourcesImplExt: the AssetManager's apkAsset: ApkAssets{path=/product/overlay/GooglePermissionControllerFrameworkOverlay.apk}
10-16 12:48:01.312  3476  6516 E ResourcesImplExt: the AssetManager's apkAsset: ApkAssets{path=/product/overlay/CaptivePortalLoginFrameworkOverlay.apk}
10-16 12:48:01.312  3476  6514 E ResourcesImplExt: the AssetManager's apkAsset: ApkAssets{path=/odm/overlay/android_framework_res_overlay.display.product.20713.apk}
10-16 12:48:01.312  3476  6515 E ResourcesImplExt: the AssetManager's apkAsset: ApkAssets{path=/product/overlay/ModuleMetadataGoogleOverlay.apk}
10-16 12:48:01.313  3476  6515 E ResourcesImplExt: the AssetManager's apkAsset: ApkAssets{path=/my_bigball/overlay/OplusGmsConfigOverlayCommon/OplusGmsConfigOverlayCommon.apk}
10-16 12:48:01.313  3476  6514 E ResourcesImplExt: the AssetManager's apkAsset: ApkAssets{path=/system_ext/overlay/ConnectivityBaseOverlay.apk}
10-16 12:48:01.313  3476  6515 E ResourcesImplExt: the AssetManager's apkAsset: ApkAssets{path=/product/overlay/FrameworksResCommon_Sys.apk}
10-16 12:48:01.313  3476  6515 E ResourcesImplExt: the AssetManager's apkAsset: ApkAssets{path=/vendor/overlay/FrameworksResTarget.apk}
10-16 12:48:01.313  3476  6515 E ResourcesImplExt: the AssetManager's apkAsset: ApkAssets{path=/system_ext/overlay/framework_res_overlay_Network.apk}
10-16 12:48:01.313  3476  6515 E ResourcesImplExt: the AssetManager's apkAsset: ApkAssets{path=/product/overlay/android_framework_res_overlay.android.product.20713.apk}
10-16 12:48:01.313  3476  6515 E ResourcesImplExt: the AssetManager's apkAsset: ApkAssets{path=/odm/overlay/android_framework_res_overlay.display.product.20713.apk}
10-16 12:48:01.313  3476  6515 E ResourcesImplExt: the AssetManager's apkAsset: ApkAssets{path=/system_ext/overlay/ConnectivityBaseOverlay.apk}
10-16 12:48:01.313  3476  6515 E ResourcesImplExt: the AssetManager's apkAsset: ApkAssets{path=/system_ext/overlay/OplusFrameworkBluetoothResource.apk}
10-16 12:48:01.313  3476  6514 E ResourcesImplExt: the AssetManager's apkAsset: ApkAssets{path=/system_ext/overlay/OplusFrameworkBluetoothResource.apk}
10-16 12:48:01.313  3476  6515 E ResourcesImplExt: the AssetManager's apkAsset: ApkAssets{path=<empty> and /system_ext/framework/oplus-framework-res.apk}
10-16 12:48:01.313  3476  6515 E ResourcesImplExt: the AssetManager's apkAsset: ApkAssets{path=/odm/overlay/oplus_framework_res_overlay.display.product.20713.apk}
10-16 12:48:01.313  3476  6513 E ResourcesImplExt: the AssetManager's apkAsset: ApkAssets{path=/product/overlay/GoogleExtServicesConfigOverlay.apk}
10-16 12:48:01.313  3476  6514 E ResourcesImplExt: the AssetManager's apkAsset: ApkAssets{path=<empty> and /system_ext/framework/oplus-framework-res.apk}
10-16 12:48:01.314  3476  6513 E ResourcesImplExt: the AssetManager's apkAsset: ApkAssets{path=/product/overlay/GooglePermissionControllerFrameworkOverlay.apk}
10-16 12:48:01.314  3476  6515 E ResourcesImplExt: the AssetManager's apkAsset: ApkAssets{path=/product/overlay/oplus_framework_res_rro_realme.apk}
10-16 12:48:01.314  3476  6514 E ResourcesImplExt: the AssetManager's apkAsset: ApkAssets{path=/odm/overlay/oplus_framework_res_overlay.display.product.20713.apk}
10-16 12:48:01.314  3476  6513 E ResourcesImplExt: the AssetManager's apkAsset: ApkAssets{path=/product/overlay/ModuleMetadataGoogleOverlay.apk}
10-16 12:48:01.314  3476  6515 E ResourcesImplExt: the AssetManager's apkAsset: ApkAssets{path=<empty> and /data/app/~~Md7FeQU3S58mrT57NyOXJw==/com.google.android.networkstack-kFZgIfx0eT7jQsV4bQUzwA==/base.apk}
10-16 12:48:01.314  3476  6514 E ResourcesImplExt: the AssetManager's apkAsset: ApkAssets{path=/product/overlay/oplus_framework_res_rro_realme.apk}
10-16 12:48:01.314  3476  6514 E ResourcesImplExt: the AssetManager's apkAsset: ApkAssets{path=<empty> and /data/app/~~Md7FeQU3S58mrT57NyOXJw==/com.google.android.networkstack-kFZgIfx0eT7jQsV4bQUzwA==/base.apk}
10-16 12:48:01.314  3476  6513 E ResourcesImplExt: the AssetManager's apkAsset: ApkAssets{path=/my_bigball/overlay/OplusGmsConfigOverlayCommon/OplusGmsConfigOverlayCommon.apk}
10-16 12:48:01.314  3476  6513 E ResourcesImplExt: the AssetManager's apkAsset: ApkAssets{path=/product/overlay/FrameworksResCommon_Sys.apk}
10-16 12:48:01.315  3476  6514 E ResourcesImplExt: the AssetManager's apkAsset: ApkAssets{path=<empty> and /data/app/~~Md7FeQU3S58mrT57NyOXJw==/com.google.android.networkstack-kFZgIfx0eT7jQsV4bQUzwA==/split_config.arm64_v8a.apk}
10-16 12:48:01.315  3476  6514 E ResourcesImplExt: the AssetManager's apkAsset: ApkAssets{path=/product/overlay/NavigationBarModeGestural/NavigationBarModeGesturalOverlay.apk}
10-16 12:48:01.315  3476  6514 E ResourcesImplExt: the AssetManager's apkAsset: ApkAssets{path=/data/resource-cache/com.android.systemui-neutral-a4ht.frro}
10-16 12:48:01.315  3476  6514 E ResourcesImplExt: the AssetManager's apkAsset: ApkAssets{path=/data/resource-cache/com.android.systemui-accent-S6mq.frro}
10-16 12:48:01.316  3476  6513 E ResourcesImplExt: the AssetManager's apkAsset: ApkAssets{path=/vendor/overlay/FrameworksResTarget.apk}
10-16 12:48:01.317  3476  6514 E ResourcesImplExt: the AssetManager's apkAsset: ApkAssets{path=/system_ext/overlay/NetworkStackOverlay.apk}
10-16 12:48:01.317  3476  6513 E ResourcesImplExt: the AssetManager's apkAsset: ApkAssets{path=/system_ext/overlay/framework_res_overlay_Network.apk}
10-16 12:48:01.317  3476  6515 E ResourcesImplExt: the AssetManager's apkAsset: ApkAssets{path=<empty> and /data/app/~~Md7FeQU3S58mrT57NyOXJw==/com.google.android.networkstack-kFZgIfx0eT7jQsV4bQUzwA==/split_config.arm64_v8a.apk}
10-16 12:48:01.317  3476  6515 E ResourcesImplExt: the AssetManager's apkAsset: ApkAssets{path=/product/overlay/NavigationBarModeGestural/NavigationBarModeGesturalOverlay.apk}
10-16 12:48:01.317  3476  6515 E ResourcesImplExt: the AssetManager's apkAsset: ApkAssets{path=/data/resource-cache/com.android.systemui-neutral-a4ht.frro}
10-16 12:48:01.317  3476  6515 E ResourcesImplExt: the AssetManager's apkAsset: ApkAssets{path=/data/resource-cache/com.android.systemui-accent-S6mq.frro}
10-16 12:48:01.317  3476  6515 E ResourcesImplExt: the AssetManager's apkAsset: ApkAssets{path=/system_ext/overlay/NetworkStackOverlay.apk}
10-16 12:48:01.317  3476  6513 E ResourcesImplExt: the AssetManager's apkAsset: ApkAssets{path=/product/overlay/android_framework_res_overlay.android.product.20713.apk}
10-16 12:48:01.317  3476  6513 E ResourcesImplExt: the AssetManager's apkAsset: ApkAssets{path=/odm/overlay/android_framework_res_overlay.display.product.20713.apk}
10-16 12:48:01.317  3476  6513 E ResourcesImplExt: the AssetManager's apkAsset: ApkAssets{path=/system_ext/overlay/ConnectivityBaseOverlay.apk}
10-16 12:48:01.317  3476  6513 E ResourcesImplExt: the AssetManager's apkAsset: ApkAssets{path=/system_ext/overlay/OplusFrameworkBluetoothResource.apk}
10-16 12:48:01.317  3476  6513 E ResourcesImplExt: the AssetManager's apkAsset: ApkAssets{path=<empty> and /system_ext/framework/oplus-framework-res.apk}
10-16 12:48:01.318  3476  6513 E ResourcesImplExt: the AssetManager's apkAsset: ApkAssets{path=/odm/overlay/oplus_framework_res_overlay.display.product.20713.apk}
10-16 12:48:01.318  3476  6513 E ResourcesImplExt: the AssetManager's apkAsset: ApkAssets{path=/product/overlay/oplus_framework_res_rro_realme.apk}
10-16 12:48:01.318  3476  6513 E ResourcesImplExt: the AssetManager's apkAsset: ApkAssets{path=<empty> and /data/app/~~Md7FeQU3S58mrT57NyOXJw==/com.google.android.networkstack-kFZgIfx0eT7jQsV4bQUzwA==/base.apk}
10-16 12:48:01.318  3476  6513 E ResourcesImplExt: the AssetManager's apkAsset: ApkAssets{path=<empty> and /data/app/~~Md7FeQU3S58mrT57NyOXJw==/com.google.android.networkstack-kFZgIfx0eT7jQsV4bQUzwA==/split_config.arm64_v8a.apk}
10-16 12:48:01.318  3476  6513 E ResourcesImplExt: the AssetManager's apkAsset: ApkAssets{path=/product/overlay/NavigationBarModeGestural/NavigationBarModeGesturalOverlay.apk}
10-16 12:48:01.318  3476  6513 E ResourcesImplExt: the AssetManager's apkAsset: ApkAssets{path=/data/resource-cache/com.android.systemui-neutral-a4ht.frro}
10-16 12:48:01.318  3476  6513 E ResourcesImplExt: the AssetManager's apkAsset: ApkAssets{path=/data/resource-cache/com.android.systemui-accent-S6mq.frro}
10-16 12:48:01.318  3476  6513 E ResourcesImplExt: the AssetManager's apkAsset: ApkAssets{path=/system_ext/overlay/NetworkStackOverlay.apk}
10-16 12:48:01.321  3476  6516 E ResourcesImplExt: the AssetManager's apkAsset: ApkAssets{path=/product/overlay/GoogleExtServicesConfigOverlay.apk}
10-16 12:48:01.321  3476  6516 E ResourcesImplExt: the AssetManager's apkAsset: ApkAssets{path=/product/overlay/GooglePermissionControllerFrameworkOverlay.apk}
10-16 12:48:01.321  3476  6516 E ResourcesImplExt: the AssetManager's apkAsset: ApkAssets{path=/product/overlay/ModuleMetadataGoogleOverlay.apk}
10-16 12:48:01.322  3476  6516 E ResourcesImplExt: the AssetManager's apkAsset: ApkAssets{path=/my_bigball/overlay/OplusGmsConfigOverlayCommon/OplusGmsConfigOverlayCommon.apk}
10-16 12:48:01.322  3476  6516 E ResourcesImplExt: the AssetManager's apkAsset: ApkAssets{path=/product/overlay/FrameworksResCommon_Sys.apk}
10-16 12:48:01.322  3476  6516 E ResourcesImplExt: the AssetManager's apkAsset: ApkAssets{path=/vendor/overlay/FrameworksResTarget.apk}
10-16 12:48:01.322  3476  6516 E ResourcesImplExt: the AssetManager's apkAsset: ApkAssets{path=/system_ext/overlay/framework_res_overlay_Network.apk}
10-16 12:48:01.322  3476  6516 E ResourcesImplExt: the AssetManager's apkAsset: ApkAssets{path=/product/overlay/android_framework_res_overlay.android.product.20713.apk}
10-16 12:48:01.322  3476  6516 E ResourcesImplExt: the AssetManager's apkAsset: ApkAssets{path=/odm/overlay/android_framework_res_overlay.display.product.20713.apk}
10-16 12:48:01.322  3476  6516 E ResourcesImplExt: the AssetManager's apkAsset: ApkAssets{path=/system_ext/overlay/ConnectivityBaseOverlay.apk}
10-16 12:48:01.322  3476  6516 E ResourcesImplExt: the AssetManager's apkAsset: ApkAssets{path=/system_ext/overlay/OplusFrameworkBluetoothResource.apk}
10-16 12:48:01.322  3476  6516 E ResourcesImplExt: the AssetManager's apkAsset: ApkAssets{path=<empty> and /system_ext/framework/oplus-framework-res.apk}
10-16 12:48:01.322  3476  6516 E ResourcesImplExt: the AssetManager's apkAsset: ApkAssets{path=/odm/overlay/oplus_framework_res_overlay.display.product.20713.apk}
10-16 12:48:01.322  3476  6516 E ResourcesImplExt: the AssetManager's apkAsset: ApkAssets{path=/product/overlay/oplus_framework_res_rro_realme.apk}
10-16 12:48:01.322  3476  6516 E ResourcesImplExt: the AssetManager's apkAsset: ApkAssets{path=<empty> and /data/app/~~Md7FeQU3S58mrT57NyOXJw==/com.google.android.networkstack-kFZgIfx0eT7jQsV4bQUzwA==/base.apk}
10-16 12:48:01.322  3476  6516 E ResourcesImplExt: the AssetManager's apkAsset: ApkAssets{path=<empty> and /data/app/~~Md7FeQU3S58mrT57NyOXJw==/com.google.android.networkstack-kFZgIfx0eT7jQsV4bQUzwA==/split_config.arm64_v8a.apk}
10-16 12:48:01.323  3476  6516 E ResourcesImplExt: the AssetManager's apkAsset: ApkAssets{path=/product/overlay/NavigationBarModeGestural/NavigationBarModeGesturalOverlay.apk}
10-16 12:48:01.323  3476  6516 E ResourcesImplExt: the AssetManager's apkAsset: ApkAssets{path=/data/resource-cache/com.android.systemui-neutral-a4ht.frro}
10-16 12:48:01.323  3476  6516 E ResourcesImplExt: the AssetManager's apkAsset: ApkAssets{path=/data/resource-cache/com.android.systemui-accent-S6mq.frro}
10-16 12:48:01.323  3476  6516 E ResourcesImplExt: the AssetManager's apkAsset: ApkAssets{path=/system_ext/overlay/NetworkStackOverlay.apk}
10-16 12:48:02.258  1580  2328 D OplusSmartBrightnessController: handleMessage MSG_LUX_CHANGED, mLux:129.13902 luxQueue=[129.13902, 129.13902, 129.13902, 129.13902, 129.13902, 129.13902]
10-16 12:48:03.730  1580  2328 D OplusSmartBrightnessController: handleMessage MSG_LUX_CHANGED, mLux:120.22934 luxQueue=[120.22934, 120.22934, 120.22934, 120.22934, 120.22934, 120.22934]
10-16 12:48:04.992  1580  2328 D OplusSmartBrightnessController: handleMessage MSG_LUX_CHANGED, mLux:120.22934 luxQueue=[120.22934, 120.22934, 120.22934, 120.22934, 120.22934, 120.22934]
10-16 12:48:06.256  1580  2328 D OplusSmartBrightnessController: handleMessage MSG_LUX_CHANGED, mLux:120.22934 luxQueue=[120.22934, 120.22934, 120.22934, 120.22934, 120.22934, 120.22934]
10-16 12:48:08.989  1580  2328 D OplusSmartBrightnessController: handleMessage MSG_LUX_CHANGED, mLux:116.64499 luxQueue=[116.64499, 116.64499, 116.64499, 116.64499, 116.64499, 116.64499, 116.64499]
10-16 12:48:10.248  1580  2328 D OplusSmartBrightnessController: handleMessage MSG_LUX_CHANGED, mLux:116.64499 luxQueue=[116.64499, 116.64499, 116.64499, 116.64499, 116.64499, 116.64499]
10-16 12:48:11.182  1580  8599 D UsageStatsService: User[0] type=0 b=1760611557138 e=1760611691181 cb=1760559128993 ce=1760611642168 disk=0 all=1
10-16 12:48:11.511  1580  2328 D OplusSmartBrightnessController: handleMessage MSG_LUX_CHANGED, mLux:116.64499 luxQueue=[116.64499, 116.64499, 116.64499, 116.64499, 116.64499, 116.64499]
10-16 12:48:12.588  1580  8599 D UsageStatsService: User[999] type=0 b=1760609659191 e=1760611692588 cb=1760544922017 ce=1760611415793 disk=0 all=1
10-16 12:48:13.617  1580  2328 D OplusSmartBrightnessController: handleMessage MSG_LUX_CHANGED, mLux:123.8137 luxQueue=[123.8137, 123.8137, 123.8137, 123.8137, 123.8137]
10-16 12:48:14.877  1580  2328 D OplusSmartBrightnessController: handleMessage MSG_LUX_CHANGED, mLux:123.8137 luxQueue=[123.8137, 123.8137, 123.8137, 123.8137, 123.8137, 123.8137]
10-16 12:48:15.121  1580  1580 W DevicePolicyManager: Unknown user type: UserInfo{999:MultiApp:4001010}
10-16 12:48:15.121  1580  1580 W DevicePolicyManager: Unknown user type: UserInfo{999:MultiApp:4001010}
10-16 12:48:15.123  1580  1580 I OplusStatusBarManagerServiceEnhance:  getTopIsFullscreen mTopIsFullscreen: false
10-16 12:48:16.135  1580  2328 D OplusSmartBrightnessController: handleMessage MSG_LUX_CHANGED, mLux:123.8137 luxQueue=[123.8137, 123.8137, 123.8137, 123.8137, 123.8137, 123.8137]
10-16 12:48:17.399  1580  2328 D OplusSmartBrightnessController: handleMessage MSG_LUX_CHANGED, mLux:123.8137 luxQueue=[123.8137, 123.8137, 123.8137, 123.8137, 123.8137, 123.8137]
10-16 12:48:18.451  1580  2328 D OplusSmartBrightnessController: handleMessage MSG_LUX_CHANGED, mLux:131.59685 luxQueue=[131.59685, 131.59685, 131.59685, 131.59685]
10-16 12:48:19.713  1580  2328 D OplusSmartBrightnessController: handleMessage MSG_LUX_CHANGED, mLux:131.59686 luxQueue=[131.59685, 131.59685, 131.59685, 131.59685, 131.59685, 131.59685]
10-16 12:48:20.972  1580  2328 D OplusSmartBrightnessController: handleMessage MSG_LUX_CHANGED, mLux:131.59686 luxQueue=[131.59685, 131.59685, 131.59685, 131.59685, 131.59685, 131.59685]
10-16 12:48:22.235  1580  2328 D OplusSmartBrightnessController: handleMessage MSG_LUX_CHANGED, mLux:131.59686 luxQueue=[131.59685, 131.59685, 131.59685, 131.59685, 131.59685, 131.59685]
10-16 12:48:23.707  1580  2328 D OplusSmartBrightnessController: handleMessage MSG_LUX_CHANGED, mLux:123.5426 luxQueue=[131.59685, 121.8679, 121.8679, 121.8679, 121.8679, 121.8679]
10-16 12:48:24.969  1580  2328 D OplusSmartBrightnessController: handleMessage MSG_LUX_CHANGED, mLux:121.8679 luxQueue=[121.8679, 121.8679, 121.8679, 121.8679, 121.8679, 121.8679]
10-16 12:48:26.232  1580  2328 D OplusSmartBrightnessController: handleMessage MSG_LUX_CHANGED, mLux:121.8679 luxQueue=[121.8679, 121.8679, 121.8679, 121.8679, 121.8679, 121.8679]
10-16 12:48:27.491  1580  2328 D OplusSmartBrightnessController: handleMessage MSG_LUX_CHANGED, mLux:121.8679 luxQueue=[121.8679, 121.8679, 121.8679, 121.8679, 121.8679, 121.8679]
10-16 12:48:28.964  1580  2328 D OplusSmartBrightnessController: handleMessage MSG_LUX_CHANGED, mLux:118.89801 luxQueue=[118.89801, 118.89801, 118.89801, 118.89801, 118.89801, 118.89801]
10-16 12:48:30.170  1580  1580 W DevicePolicyManager: Unknown user type: UserInfo{999:MultiApp:4001010}
10-16 12:48:30.171  1580  1580 W DevicePolicyManager: Unknown user type: UserInfo{999:MultiApp:4001010}
10-16 12:48:30.173  1580  1580 I OplusStatusBarManagerServiceEnhance:  getTopIsFullscreen mTopIsFullscreen: false
10-16 12:48:30.223  1580  2328 D OplusSmartBrightnessController: handleMessage MSG_LUX_CHANGED, mLux:118.89801 luxQueue=[118.89801, 118.89801, 118.89801, 118.89801, 118.89801, 118.89801]
10-16 12:48:31.486  1580  2328 D OplusSmartBrightnessController: handleMessage MSG_LUX_CHANGED, mLux:118.89801 luxQueue=[118.89801, 118.89801, 118.89801, 118.89801, 118.89801, 118.89801]
10-16 12:48:33.801  1580  2328 D OplusSmartBrightnessController: handleMessage MSG_LUX_CHANGED, mLux:129.44623 luxQueue=[129.44623, 129.44623, 129.44623, 129.44623, 129.44623]
10-16 12:48:35.061  1580  2328 D OplusSmartBrightnessController: handleMessage MSG_LUX_CHANGED, mLux:129.44623 luxQueue=[129.44623, 129.44623, 129.44623, 129.44623, 129.44623, 129.44623]
10-16 12:48:36.329  1580  2328 D OplusSmartBrightnessController: handleMessage MSG_LUX_CHANGED, mLux:129.44623 luxQueue=[129.44623, 129.44623, 129.44623, 129.44623, 129.44623, 129.44623]
10-16 12:48:37.584  1580  2328 D OplusSmartBrightnessController: handleMessage MSG_LUX_CHANGED, mLux:129.44623 luxQueue=[129.44623, 129.44623, 129.44623, 129.44623, 129.44623, 129.44623]
10-16 12:48:38.594  1580  2316 D ProcessCpuTrackerExtImpl: mContext is already set, return now! 
10-16 12:48:38.615  1580  2126 W BatteryExternalStatsWorker: error reading Bluetooth stats: 9
10-16 12:48:38.802  1580  2126 D KernelCpuUidUserSysTimeReader: Removing uids 99249-99249
10-16 12:48:38.804  1580  2126 D KernelCpuUidUserSysTimeReader: Removing uids 99250-99250
10-16 12:48:38.805  1580  2126 D KernelCpuUidUserSysTimeReader: Removing uids 10752-10752
10-16 12:48:38.806  1580  2126 D KernelCpuUidUserSysTimeReader: Removing uids 99248-99248
10-16 12:48:39.060  1580  2328 D OplusSmartBrightnessController: handleMessage MSG_LUX_CHANGED, mLux:129.39502 luxQueue=[129.39502, 129.39502, 129.39502, 129.39502, 129.39502, 129.39502]
10-16 12:48:39.947  1580  1580 D CompatibilityChangeReporter: Compat change id reported: 171306433; UID 1000; state: ENABLED
10-16 12:48:39.949  1580  1580 D CompatibilityChangeReporter: Compat change id reported: 218533173; UID 1000; state: ENABLED
10-16 12:48:40.316  1580  2328 D OplusSmartBrightnessController: handleMessage MSG_LUX_CHANGED, mLux:129.39502 luxQueue=[129.39502, 129.39502, 129.39502, 129.39502, 129.39502, 129.39502]
10-16 12:48:41.582  1580  2328 D OplusSmartBrightnessController: handleMessage MSG_LUX_CHANGED, mLux:129.39502 luxQueue=[129.39502, 129.39502, 129.39502, 129.39502, 129.39502, 129.39502]
10-16 12:48:44.312  1580  2328 D OplusSmartBrightnessController: handleMessage MSG_LUX_CHANGED, mLux:121.45827 luxQueue=[121.45827, 121.45827, 121.45827, 121.45827, 121.45827, 121.45827, 121.45827]
10-16 12:48:45.572  1580  2328 D OplusSmartBrightnessController: handleMessage MSG_LUX_CHANGED, mLux:121.45827 luxQueue=[121.45827, 121.45827, 121.45827, 121.45827, 121.45827, 121.45827]
10-16 12:48:46.222  1580  1580 W DevicePolicyManager: Unknown user type: UserInfo{999:MultiApp:4001010}
10-16 12:48:46.225  1580  1580 W DevicePolicyManager: Unknown user type: UserInfo{999:MultiApp:4001010}
10-16 12:48:46.227  1580  1580 I OplusStatusBarManagerServiceEnhance:  getTopIsFullscreen mTopIsFullscreen: false
10-16 12:48:46.835  1580  2328 D OplusSmartBrightnessController: handleMessage MSG_LUX_CHANGED, mLux:121.45827 luxQueue=[121.45827, 121.45827, 121.45827, 121.45827, 121.45827, 121.45827]
10-16 12:48:47.881  1580  1580 D PowerManagerService: userActivityNoUpdateLocked: groupId=0, eventTime=165610712, event=0, flags=0x0, uid=1000
10-16 12:48:47.889  1580  2895 D PowerManagerService: userActivityNoUpdateLocked: groupId=0, eventTime=165610712, event=2, flags=0x0, uid=1000
10-16 12:48:47.946  1580  1580 D PowerManagerService: userActivityNoUpdateLocked: groupId=0, eventTime=165610778, event=0, flags=0x0, uid=1000
10-16 12:48:47.954  1580  1580 D PowerManagerService: userActivityNoUpdateLocked: groupId=0, eventTime=165610786, event=0, flags=0x0, uid=1000
10-16 12:48:47.960  1580  1580 D PowerManagerService: userActivityNoUpdateLocked: groupId=0, eventTime=165610793, event=0, flags=0x0, uid=1000
10-16 12:48:47.963  1580  4243 D OplusZoomWindowManagerService: hideZoomWindow, caller: 3740
10-16 12:48:47.964  1580  4243 E OplusZoomWindowManagerService: hideZoomWindow fail, zoomStack null
10-16 12:48:47.968  1580  1580 D PowerManagerService: userActivityNoUpdateLocked: groupId=0, eventTime=165610801, event=0, flags=0x0, uid=1000
10-16 12:48:47.976  1580  1580 D PowerManagerService: userActivityNoUpdateLocked: groupId=0, eventTime=165610808, event=0, flags=0x0, uid=1000
10-16 12:48:47.983  1580  1580 D PowerManagerService: userActivityNoUpdateLocked: groupId=0, eventTime=165610816, event=0, flags=0x0, uid=1000
10-16 12:48:47.986  1580  2895 D PowerManagerService: userActivityNoUpdateLocked: groupId=0, eventTime=165610816, event=2, flags=0x0, uid=1000
10-16 12:48:47.990  1580  1580 D PowerManagerService: userActivityNoUpdateLocked: groupId=0, eventTime=165610823, event=0, flags=0x0, uid=1000
10-16 12:48:47.997  1580  1580 D PowerManagerService: userActivityNoUpdateLocked: groupId=0, eventTime=165610830, event=0, flags=0x0, uid=1000
10-16 12:48:48.005  1580  1580 D PowerManagerService: userActivityNoUpdateLocked: groupId=0, eventTime=165610837, event=0, flags=0x0, uid=1000
10-16 12:48:48.009  1580  2316 D ProcessCpuTrackerExtImpl: mContext is already set, return now! 
10-16 12:48:48.013  1580  1580 D PowerManagerService: userActivityNoUpdateLocked: groupId=0, eventTime=165610845, event=0, flags=0x0, uid=1000
10-16 12:48:48.020  1580  1580 D PowerManagerService: userActivityNoUpdateLocked: groupId=0, eventTime=165610852, event=0, flags=0x0, uid=1000
10-16 12:48:48.028  1580  1580 D PowerManagerService: userActivityNoUpdateLocked: groupId=0, eventTime=165610860, event=0, flags=0x0, uid=1000
10-16 12:48:48.036  1580  1580 D PowerManagerService: userActivityNoUpdateLocked: groupId=0, eventTime=165610868, event=0, flags=0x0, uid=1000
10-16 12:48:48.043  1580  1580 D PowerManagerService: userActivityNoUpdateLocked: groupId=0, eventTime=165610875, event=0, flags=0x0, uid=1000
10-16 12:48:48.050  1580  1580 D PowerManagerService: userActivityNoUpdateLocked: groupId=0, eventTime=165610882, event=0, flags=0x0, uid=1000
10-16 12:48:48.058  1580  1580 D PowerManagerService: userActivityNoUpdateLocked: groupId=0, eventTime=165610890, event=0, flags=0x0, uid=1000
10-16 12:48:48.065  1580  1580 D PowerManagerService: userActivityNoUpdateLocked: groupId=0, eventTime=165610897, event=0, flags=0x0, uid=1000
10-16 12:48:48.073  1580  1580 D PowerManagerService: userActivityNoUpdateLocked: groupId=0, eventTime=165610905, event=0, flags=0x0, uid=1000
10-16 12:48:48.080  1580  1580 D PowerManagerService: userActivityNoUpdateLocked: groupId=0, eventTime=165610912, event=0, flags=0x0, uid=1000
10-16 12:48:48.088  1580  1580 D PowerManagerService: userActivityNoUpdateLocked: groupId=0, eventTime=165610920, event=0, flags=0x0, uid=1000
10-16 12:48:48.092  1580  2895 D PowerManagerService: userActivityNoUpdateLocked: groupId=0, eventTime=165610920, event=2, flags=0x0, uid=1000
10-16 12:48:48.094  1580  1580 D PowerManagerService: userActivityNoUpdateLocked: groupId=0, eventTime=165610927, event=0, flags=0x0, uid=1000
10-16 12:48:48.102  1580  1580 D PowerManagerService: userActivityNoUpdateLocked: groupId=0, eventTime=165610934, event=0, flags=0x0, uid=1000
10-16 12:48:48.109  1580  1580 D PowerManagerService: userActivityNoUpdateLocked: groupId=0, eventTime=165610942, event=0, flags=0x0, uid=1000
10-16 12:48:48.117  1580  1580 D PowerManagerService: userActivityNoUpdateLocked: groupId=0, eventTime=165610949, event=0, flags=0x0, uid=1000
10-16 12:48:48.121  1580  3419 D InputMethodManagerService: onHandleImeWindowVisibleStatus: vis = 0, needsToShowImeSwitcher = false
10-16 12:48:48.128  1580  3419 D OplusFullScreenDisplayManager: adjustWindowParamsLw com.touchtype.swiftkey, no change cutoutMode: 0
10-16 12:48:48.128  1580  3419 V WindowManager: Relayout Window{5f77269 u0 InputMethod}: viewVisibility=0, oldvis=0, req=1080x2290
10-16 12:48:48.128  1580  1580 D PowerManagerService: userActivityNoUpdateLocked: groupId=0, eventTime=165610957, event=0, flags=0x0, uid=1000
10-16 12:48:48.132  1580  1580 D PowerManagerService: userActivityNoUpdateLocked: groupId=0, eventTime=165610964, event=0, flags=0x0, uid=1000
10-16 12:48:48.139  1580  1580 D PowerManagerService: userActivityNoUpdateLocked: groupId=0, eventTime=165610971, event=0, flags=0x0, uid=1000
10-16 12:48:48.158  1580  1580 D PowerManagerService: userActivityNoUpdateLocked: groupId=0, eventTime=165610979, event=0, flags=0x0, uid=1000
10-16 12:48:48.159  1580  1580 D PowerManagerService: userActivityNoUpdateLocked: groupId=0, eventTime=165610986, event=0, flags=0x0, uid=1000
10-16 12:48:48.168  1580  4056 D OplusAppListInterceptManager: shouldFilterTask
10-16 12:48:48.168  1580  4056 D OplusAppListInterceptManager: shouldFilterTask::packageName = com.android.chrome
10-16 12:48:48.169  1580  4056 D OplusAppListInterceptManager: shouldFilterTask
10-16 12:48:48.169  1580  4056 D OplusAppListInterceptManager: shouldFilterTask::packageName = dev.jdtech.jellyfin.debug
10-16 12:48:48.169  1580  4056 D OplusAppListInterceptManager: shouldFilterTask
10-16 12:48:48.169  1580  4056 D OplusAppListInterceptManager: shouldFilterTask::packageName = com.android.settings
10-16 12:48:48.169  1580  4056 D OplusSplitScreenManagerService: com.android.settings unSupportsSplitScreen by blockList or ForbidActivityList
10-16 12:48:48.169  1580  4056 D OplusSplitScreenManagerService: com.android.settings unSupportsSplitScreen by blockList or ForbidActivityList
10-16 12:48:48.169  1580  4056 D OplusAppListInterceptManager: shouldFilterTask
10-16 12:48:48.169  1580  4056 D OplusAppListInterceptManager: shouldFilterTask::packageName = com.android.settings
10-16 12:48:48.169  1580  4056 D OplusSplitScreenManagerService: com.android.settings unSupportsSplitScreen by blockList or ForbidActivityList
10-16 12:48:48.169  1580  4056 D OplusSplitScreenManagerService: com.android.settings unSupportsSplitScreen by blockList or ForbidActivityList
10-16 12:48:48.169  1580  4056 D OplusAppListInterceptManager: shouldFilterTask
10-16 12:48:48.169  1580  4056 D OplusAppListInterceptManager: shouldFilterTask::packageName = org.jellyfin.mobile
10-16 12:48:48.170  1580  4056 D OplusAppListInterceptManager: shouldFilterTask
10-16 12:48:48.170  1580  4056 D OplusAppListInterceptManager: shouldFilterTask::packageName = com.whatsapp
10-16 12:48:48.170  1580  4056 D OplusAppListInterceptManager: shouldFilterTask
10-16 12:48:48.170  1580  4056 D OplusAppListInterceptManager: shouldFilterTask::packageName = com.appgenix.bizcal.pro
10-16 12:48:48.170  1580  4056 D OplusAppListInterceptManager: shouldFilterTask
10-16 12:48:48.170  1580  4056 D OplusAppListInterceptManager: shouldFilterTask::packageName = com.google.android.youtube
10-16 12:48:48.170  1580  4056 D OplusAthena: com.instagram.android in recent lock list
10-16 12:48:48.170  1580  4056 D OplusAppListInterceptManager: shouldFilterTask
10-16 12:48:48.170  1580  4056 D OplusAppListInterceptManager: shouldFilterTask::packageName = com.instagram.android
10-16 12:48:48.183  1580  2079 V WindowStateExtImpl: notifyWindowStateChange input show
10-16 12:48:48.191  1580  1580 D PowerManagerService: userActivityNoUpdateLocked: groupId=0, eventTime=165611023, event=0, flags=0x0, uid=1000
10-16 12:48:48.193  1580  2895 D PowerManagerService: userActivityNoUpdateLocked: groupId=0, eventTime=165611023, event=2, flags=0x0, uid=1000
10-16 12:48:48.235  1580  4712 D InputMethodManagerService: onHandleImeWindowVisibleStatus: vis = 0, needsToShowImeSwitcher = false
10-16 12:48:48.265  1580  1580 D PowerManagerService: userActivityNoUpdateLocked: groupId=0, eventTime=165611098, event=0, flags=0x0, uid=1000
10-16 12:48:48.273  1580  1580 D PowerManagerService: userActivityNoUpdateLocked: groupId=0, eventTime=165611106, event=0, flags=0x0, uid=1000
10-16 12:48:48.280  1580  1580 D PowerManagerService: userActivityNoUpdateLocked: groupId=0, eventTime=165611113, event=0, flags=0x0, uid=1000
10-16 12:48:48.287  1580  1580 D PowerManagerService: userActivityNoUpdateLocked: groupId=0, eventTime=165611120, event=0, flags=0x0, uid=1000
10-16 12:48:48.295  1580  1580 D PowerManagerService: userActivityNoUpdateLocked: groupId=0, eventTime=165611127, event=0, flags=0x0, uid=1000
10-16 12:48:48.297  1580  2895 D PowerManagerService: userActivityNoUpdateLocked: groupId=0, eventTime=165611127, event=2, flags=0x0, uid=1000
10-16 12:48:48.303  1580  1580 D PowerManagerService: userActivityNoUpdateLocked: groupId=0, eventTime=165611136, event=0, flags=0x0, uid=1000
10-16 12:48:48.310  1580  1580 D PowerManagerService: userActivityNoUpdateLocked: groupId=0, eventTime=165611142, event=0, flags=0x0, uid=1000
10-16 12:48:48.317  1580  1580 D PowerManagerService: userActivityNoUpdateLocked: groupId=0, eventTime=165611150, event=0, flags=0x0, uid=1000
10-16 12:48:48.325  1580  1580 D PowerManagerService: userActivityNoUpdateLocked: groupId=0, eventTime=165611157, event=0, flags=0x0, uid=1000
10-16 12:48:48.332  1580  1580 D PowerManagerService: userActivityNoUpdateLocked: groupId=0, eventTime=165611165, event=0, flags=0x0, uid=1000
10-16 12:48:48.340  1580  1580 D PowerManagerService: userActivityNoUpdateLocked: groupId=0, eventTime=165611172, event=0, flags=0x0, uid=1000
10-16 12:48:48.347  1580  1580 D PowerManagerService: userActivityNoUpdateLocked: groupId=0, eventTime=165611179, event=0, flags=0x0, uid=1000
10-16 12:48:48.354  1580  1580 D PowerManagerService: userActivityNoUpdateLocked: groupId=0, eventTime=165611187, event=0, flags=0x0, uid=1000
10-16 12:48:48.362  1580  1580 D PowerManagerService: userActivityNoUpdateLocked: groupId=0, eventTime=165611194, event=0, flags=0x0, uid=1000
10-16 12:48:48.369  1580  1580 D PowerManagerService: userActivityNoUpdateLocked: groupId=0, eventTime=165611202, event=0, flags=0x0, uid=1000
10-16 12:48:48.377  1580  1580 D PowerManagerService: userActivityNoUpdateLocked: groupId=0, eventTime=165611209, event=0, flags=0x0, uid=1000
10-16 12:48:48.384  1580  1580 D PowerManagerService: userActivityNoUpdateLocked: groupId=0, eventTime=165611217, event=0, flags=0x0, uid=1000
10-16 12:48:48.391  1580  1580 D PowerManagerService: userActivityNoUpdateLocked: groupId=0, eventTime=165611224, event=0, flags=0x0, uid=1000
10-16 12:48:48.399  1580  1580 D PowerManagerService: userActivityNoUpdateLocked: groupId=0, eventTime=165611232, event=0, flags=0x0, uid=1000
10-16 12:48:48.401  1580  2895 D PowerManagerService: userActivityNoUpdateLocked: groupId=0, eventTime=165611232, event=2, flags=0x0, uid=1000
10-16 12:48:48.406  1580  1580 D PowerManagerService: userActivityNoUpdateLocked: groupId=0, eventTime=165611239, event=0, flags=0x0, uid=1000
10-16 12:48:48.414  1580  1580 D PowerManagerService: userActivityNoUpdateLocked: groupId=0, eventTime=165611246, event=0, flags=0x0, uid=1000
10-16 12:48:48.422  1580  1580 D PowerManagerService: userActivityNoUpdateLocked: groupId=0, eventTime=165611254, event=0, flags=0x0, uid=1000
10-16 12:48:48.429  1580  1580 D PowerManagerService: userActivityNoUpdateLocked: groupId=0, eventTime=165611261, event=0, flags=0x0, uid=1000
10-16 12:48:48.436  1580  1580 D PowerManagerService: userActivityNoUpdateLocked: groupId=0, eventTime=165611269, event=0, flags=0x0, uid=1000
10-16 12:48:48.444  1580  1580 D PowerManagerService: userActivityNoUpdateLocked: groupId=0, eventTime=165611276, event=0, flags=0x0, uid=1000
10-16 12:48:48.451  1580  1580 D PowerManagerService: userActivityNoUpdateLocked: groupId=0, eventTime=165611284, event=0, flags=0x0, uid=1000
10-16 12:48:48.458  1580  1580 D PowerManagerService: userActivityNoUpdateLocked: groupId=0, eventTime=165611291, event=0, flags=0x0, uid=1000
10-16 12:48:48.466  1580  1580 D PowerManagerService: userActivityNoUpdateLocked: groupId=0, eventTime=165611298, event=0, flags=0x0, uid=1000
10-16 12:48:48.473  1580  1580 D PowerManagerService: userActivityNoUpdateLocked: groupId=0, eventTime=165611306, event=0, flags=0x0, uid=1000
10-16 12:48:48.481  1580  1580 D PowerManagerService: userActivityNoUpdateLocked: groupId=0, eventTime=165611313, event=0, flags=0x0, uid=1000
10-16 12:48:48.489  1580  1580 D PowerManagerService: userActivityNoUpdateLocked: groupId=0, eventTime=165611321, event=0, flags=0x0, uid=1000
10-16 12:48:48.495  1580  1580 D PowerManagerService: userActivityNoUpdateLocked: groupId=0, eventTime=165611328, event=0, flags=0x0, uid=1000
10-16 12:48:48.504  1580  1580 D PowerManagerService: userActivityNoUpdateLocked: groupId=0, eventTime=165611335, event=0, flags=0x0, uid=1000
10-16 12:48:48.506  1580  2895 D PowerManagerService: userActivityNoUpdateLocked: groupId=0, eventTime=165611335, event=2, flags=0x0, uid=1000
10-16 12:48:48.510  1580  1580 D PowerManagerService: userActivityNoUpdateLocked: groupId=0, eventTime=165611342, event=0, flags=0x0, uid=1000
10-16 12:48:48.518  1580  2328 D OplusSmartBrightnessController: handleMessage MSG_LUX_CHANGED, mLux:121.45827 luxQueue=[121.45827, 121.45827, 121.45827, 121.45827, 121.45827, 121.45827]
10-16 12:48:48.902  1580  4712 V WindowManager: Relayout Window{5f77269 u0 InputMethod}: viewVisibility=8, oldvis=0, req=1080x2290
10-16 12:48:49.148  1580  2126 W BatteryExternalStatsWorker: error reading Bluetooth stats: 9
10-16 12:48:49.523  1580  1580 D PowerManagerService: userActivityNoUpdateLocked: groupId=0, eventTime=165612355, event=0, flags=0x0, uid=1000
10-16 12:48:49.530  1580  2895 D PowerManagerService: userActivityNoUpdateLocked: groupId=0, eventTime=165612355, event=2, flags=0x0, uid=1000
10-16 12:48:49.544  1580  1580 D PowerManagerService: userActivityNoUpdateLocked: groupId=0, eventTime=165612376, event=0, flags=0x0, uid=1000
10-16 12:48:49.567  1580  1580 D PowerManagerService: userActivityNoUpdateLocked: groupId=0, eventTime=165612399, event=0, flags=0x0, uid=1000
10-16 12:48:49.574  1580  1580 D PowerManagerService: userActivityNoUpdateLocked: groupId=0, eventTime=165612406, event=0, flags=0x0, uid=1000
10-16 12:48:49.577  1580  4712 D OplusZoomWindowManagerService: hideZoomWindow, caller: 3740
10-16 12:48:49.577  1580  4712 E OplusZoomWindowManagerService: hideZoomWindow fail, zoomStack null
10-16 12:48:49.581  1580  1580 D PowerManagerService: userActivityNoUpdateLocked: groupId=0, eventTime=165612414, event=0, flags=0x0, uid=1000
10-16 12:48:49.588  1580  1580 D PowerManagerService: userActivityNoUpdateLocked: groupId=0, eventTime=165612421, event=0, flags=0x0, uid=1000
10-16 12:48:49.597  1580  1580 D PowerManagerService: userActivityNoUpdateLocked: groupId=0, eventTime=165612429, event=0, flags=0x0, uid=1000
10-16 12:48:49.604  1580  1580 D PowerManagerService: userActivityNoUpdateLocked: groupId=0, eventTime=165612436, event=0, flags=0x0, uid=1000
10-16 12:48:49.612  1580  1580 D PowerManagerService: userActivityNoUpdateLocked: groupId=0, eventTime=165612444, event=0, flags=0x0, uid=1000
10-16 12:48:49.619  1580  1580 D PowerManagerService: userActivityNoUpdateLocked: groupId=0, eventTime=165612451, event=0, flags=0x0, uid=1000
10-16 12:48:49.627  1580  1580 D PowerManagerService: userActivityNoUpdateLocked: groupId=0, eventTime=165612458, event=0, flags=0x0, uid=1000
10-16 12:48:49.629  1580  2895 D PowerManagerService: userActivityNoUpdateLocked: groupId=0, eventTime=165612458, event=2, flags=0x0, uid=1000
10-16 12:48:49.634  1580  1580 D PowerManagerService: userActivityNoUpdateLocked: groupId=0, eventTime=165612466, event=0, flags=0x0, uid=1000
10-16 12:48:49.642  1580  1580 D PowerManagerService: userActivityNoUpdateLocked: groupId=0, eventTime=165612474, event=0, flags=0x0, uid=1000
10-16 12:48:49.650  1580  1580 D PowerManagerService: userActivityNoUpdateLocked: groupId=0, eventTime=165612481, event=0, flags=0x0, uid=1000
10-16 12:48:49.657  1580  1580 D PowerManagerService: userActivityNoUpdateLocked: groupId=0, eventTime=165612489, event=0, flags=0x0, uid=1000
10-16 12:48:49.664  1580  1580 D PowerManagerService: userActivityNoUpdateLocked: groupId=0, eventTime=165612496, event=0, flags=0x0, uid=1000
10-16 12:48:49.672  1580  1580 D PowerManagerService: userActivityNoUpdateLocked: groupId=0, eventTime=165612504, event=0, flags=0x0, uid=1000
10-16 12:48:49.678  1580  1580 D PowerManagerService: userActivityNoUpdateLocked: groupId=0, eventTime=165612510, event=0, flags=0x0, uid=1000
10-16 12:48:49.686  1580  1580 D PowerManagerService: userActivityNoUpdateLocked: groupId=0, eventTime=165612518, event=0, flags=0x0, uid=1000
10-16 12:48:49.693  1580  1580 D PowerManagerService: userActivityNoUpdateLocked: groupId=0, eventTime=165612525, event=0, flags=0x0, uid=1000
10-16 12:48:49.701  1580  1580 D PowerManagerService: userActivityNoUpdateLocked: groupId=0, eventTime=165612533, event=0, flags=0x0, uid=1000
10-16 12:48:49.708  1580  1580 D PowerManagerService: userActivityNoUpdateLocked: groupId=0, eventTime=165612540, event=0, flags=0x0, uid=1000
10-16 12:48:49.715  1580  1580 D PowerManagerService: userActivityNoUpdateLocked: groupId=0, eventTime=165612547, event=0, flags=0x0, uid=1000
10-16 12:48:49.723  1580  1580 D PowerManagerService: userActivityNoUpdateLocked: groupId=0, eventTime=165612555, event=0, flags=0x0, uid=1000
10-16 12:48:49.730  1580  1580 D PowerManagerService: userActivityNoUpdateLocked: groupId=0, eventTime=165612563, event=0, flags=0x0, uid=1000
10-16 12:48:49.733  1580  2895 D PowerManagerService: userActivityNoUpdateLocked: groupId=0, eventTime=165612563, event=2, flags=0x0, uid=1000
10-16 12:48:49.737  1580  1580 D PowerManagerService: userActivityNoUpdateLocked: groupId=0, eventTime=165612569, event=0, flags=0x0, uid=1000
10-16 12:48:49.988  1580  2328 D OplusSmartBrightnessController: handleMessage MSG_LUX_CHANGED, mLux:116.44017 luxQueue=[116.44017, 116.44017, 116.44017, 116.44017, 116.44017, 116.44017]
10-16 12:48:50.349  1580  1580 D PowerManagerService: userActivityNoUpdateLocked: groupId=0, eventTime=165613180, event=0, flags=0x0, uid=1000
10-16 12:48:50.354  1580  2895 D PowerManagerService: userActivityNoUpdateLocked: groupId=0, eventTime=165613180, event=2, flags=0x0, uid=1000
10-16 12:48:50.453  1580  1580 D PowerManagerService: userActivityNoUpdateLocked: groupId=0, eventTime=165613285, event=0, flags=0x0, uid=1000
10-16 12:48:50.456  1580  2895 D PowerManagerService: userActivityNoUpdateLocked: groupId=0, eventTime=165613285, event=2, flags=0x0, uid=1000
10-16 12:48:50.459  1580  1580 D PowerManagerService: userActivityNoUpdateLocked: groupId=0, eventTime=165613291, event=0, flags=0x0, uid=1000
10-16 12:48:50.468  1580  1580 D PowerManagerService: userActivityNoUpdateLocked: groupId=0, eventTime=165613299, event=0, flags=0x0, uid=1000
10-16 12:48:50.475  1580  1580 D PowerManagerService: userActivityNoUpdateLocked: groupId=0, eventTime=165613307, event=0, flags=0x0, uid=1000
10-16 12:48:50.482  1580  1580 D PowerManagerService: userActivityNoUpdateLocked: groupId=0, eventTime=165613314, event=0, flags=0x0, uid=1000
10-16 12:48:50.484  1580  4712 D OplusZoomWindowManagerService: hideZoomWindow, caller: 3740
10-16 12:48:50.485  1580  4712 E OplusZoomWindowManagerService: hideZoomWindow fail, zoomStack null
10-16 12:48:50.493  1580  1580 D PowerManagerService: userActivityNoUpdateLocked: groupId=0, eventTime=165613322, event=0, flags=0x0, uid=1000
10-16 12:48:50.497  1580  1580 D PowerManagerService: userActivityNoUpdateLocked: groupId=0, eventTime=165613329, event=0, flags=0x0, uid=1000
10-16 12:48:50.504  1580  1580 D PowerManagerService: userActivityNoUpdateLocked: groupId=0, eventTime=165613336, event=0, flags=0x0, uid=1000
10-16 12:48:50.511  1580  1580 D PowerManagerService: userActivityNoUpdateLocked: groupId=0, eventTime=165613343, event=0, flags=0x0, uid=1000
10-16 12:48:50.519  1580  1580 D PowerManagerService: userActivityNoUpdateLocked: groupId=0, eventTime=165613351, event=0, flags=0x0, uid=1000
10-16 12:48:50.526  1580  1580 D PowerManagerService: userActivityNoUpdateLocked: groupId=0, eventTime=165613358, event=0, flags=0x0, uid=1000
10-16 12:48:50.533  1580  1580 D PowerManagerService: userActivityNoUpdateLocked: groupId=0, eventTime=165613366, event=0, flags=0x0, uid=1000
10-16 12:48:50.541  1580  1580 D PowerManagerService: userActivityNoUpdateLocked: groupId=0, eventTime=165613373, event=0, flags=0x0, uid=1000
10-16 12:48:50.548  1580  1580 D PowerManagerService: userActivityNoUpdateLocked: groupId=0, eventTime=165613381, event=0, flags=0x0, uid=1000
10-16 12:48:50.556  1580  1580 D PowerManagerService: userActivityNoUpdateLocked: groupId=0, eventTime=165613389, event=0, flags=0x0, uid=1000
10-16 12:48:50.559  1580  2895 D PowerManagerService: userActivityNoUpdateLocked: groupId=0, eventTime=165613389, event=2, flags=0x0, uid=1000
10-16 12:48:50.563  1580  1580 D PowerManagerService: userActivityNoUpdateLocked: groupId=0, eventTime=165613396, event=0, flags=0x0, uid=1000
10-16 12:48:50.572  1580  1580 D PowerManagerService: userActivityNoUpdateLocked: groupId=0, eventTime=165613403, event=0, flags=0x0, uid=1000
10-16 12:48:50.579  1580  1580 D PowerManagerService: userActivityNoUpdateLocked: groupId=0, eventTime=165613411, event=0, flags=0x0, uid=1000
10-16 12:48:50.587  1580  1580 D PowerManagerService: userActivityNoUpdateLocked: groupId=0, eventTime=165613418, event=0, flags=0x0, uid=1000
10-16 12:48:50.594  1580  1580 D PowerManagerService: userActivityNoUpdateLocked: groupId=0, eventTime=165613425, event=0, flags=0x0, uid=1000
10-16 12:48:50.601  1580  1580 D PowerManagerService: userActivityNoUpdateLocked: groupId=0, eventTime=165613433, event=0, flags=0x0, uid=1000
10-16 12:48:50.610  1580  1580 D PowerManagerService: userActivityNoUpdateLocked: groupId=0, eventTime=165613440, event=0, flags=0x0, uid=1000
10-16 12:48:50.617  1580  1580 D PowerManagerService: userActivityNoUpdateLocked: groupId=0, eventTime=165613448, event=0, flags=0x0, uid=1000
10-16 12:48:50.624  1580  1580 D PowerManagerService: userActivityNoUpdateLocked: groupId=0, eventTime=165613456, event=0, flags=0x0, uid=1000
10-16 12:48:50.630  1580  1580 D PowerManagerService: userActivityNoUpdateLocked: groupId=0, eventTime=165613462, event=0, flags=0x0, uid=1000
10-16 12:48:50.638  1580  1580 D PowerManagerService: userActivityNoUpdateLocked: groupId=0, eventTime=165613470, event=0, flags=0x0, uid=1000
10-16 12:48:50.645  1580  1580 D PowerManagerService: userActivityNoUpdateLocked: groupId=0, eventTime=165613477, event=0, flags=0x0, uid=1000
10-16 12:48:50.651  1580  1580 D PowerManagerService: userActivityNoUpdateLocked: groupId=0, eventTime=165613484, event=0, flags=0x0, uid=1000
10-16 12:48:51.251  1580  2328 D OplusSmartBrightnessController: handleMessage MSG_LUX_CHANGED, mLux:116.44017 luxQueue=[116.44017, 116.44017, 116.44017, 116.44017, 116.44017, 116.44017]
10-16 12:48:51.318  1580  4243 D ActivityTaskManager: onWindowFocusChanged Task{2ac5d25 #1151022 type=standard A=10155:com.android.chrome U=0 visible=true visibleRequested=false mode=fullscreen translucent=true sz=1} would transfer to compact
10-16 12:48:51.319  1580  4243 V WindowManager: Changing focus from Window{f5679ec u0 com.android.launcher/com.android.launcher.Launcher} to null,diplayid=0
